2025-07-30 16:44:40.456  3704-3722  zygote                  pid-3704                             I  Caused by: java.lang.ClassNotFoundException: Didn't find class "com.android.extensions.xr.function.Consumer" on path: DexPathList[[zip file "/data/app/com.android.chrome-Pu8OXth7F90gvHryBgCBLQ==/base.apk"],nativeLibraryDirectories=[/data/app/com.android.chrome-Pu8OXth7F90gvHryBgCBLQ==/lib/arm, /data/app/com.android.chrome-Pu8OXth7F90gvHryBgCBLQ==/base.apk!/lib/armeabi-v7a, /system/lib, /vendor/lib]]
2025-07-30 16:44:40.456  3704-3722  zygote                  pid-3704                             I    at java.lang.Class dalvik.system.BaseDexClassLoader.findClass(java.lang.String) (BaseDexClassLoader.java:125)
2025-07-30 16:44:40.456  3704-3722  zygote                  pid-3704                             I    at java.lang.Class java.lang.ClassLoader.loadClass(java.lang.String, boolean) (ClassLoader.java:379)
2025-07-30 16:44:40.456  3704-3722  zygote                  pid-3704                             I    at java.lang.Class java.lang.ClassLoader.loadClass(java.lang.String) (ClassLoader.java:312)
2025-07-30 16:44:40.456  3704-3722  zygote                  pid-3704                             I    at java.lang.Object java.lang.Class.newInstance() (Class.java:-2)
2025-07-30 16:44:40.456  3704-3722  zygote                  pid-3704                             I    at void BR5.run() (chromium-Monochrome.aab-stable-720416820:15)
2025-07-30 16:44:40.456  3704-3722  zygote                  pid-3704                             I    at void android.os.Handler.handleCallback(android.os.Message) (Handler.java:790)
2025-07-30 16:44:40.456  3704-3722  zygote                  pid-3704                             I    at void android.os.Handler.dispatchMessage(android.os.Message) (Handler.java:99)
2025-07-30 16:44:40.456  3704-3722  zygote                  pid-3704                             I    at void android.os.Looper.loop() (Looper.java:164)
2025-07-30 16:44:40.456  3704-3722  zygote                  pid-3704                             I    at void android.os.HandlerThread.run() (HandlerThread.java:65)
2025-07-30 16:44:40.456  3704-3722  zygote                  pid-3704                             I  
2025-07-30 16:44:40.458  3704-3722  zygote                  pid-3704                             I  Rejecting re-init on previously-failed class java.lang.Class<ES2>: java.lang.NoClassDefFoundError: Failed resolution of: Lcom/android/extensions/xr/function/Consumer;
2025-07-30 16:44:40.458  3704-3722  zygote                  pid-3704                             I    at java.lang.Object java.lang.Class.newInstance() (Class.java:-2)
2025-07-30 16:44:40.458  3704-3722  zygote                  pid-3704                             I    at void BR5.run() (chromium-Monochrome.aab-stable-720416820:15)
2025-07-30 16:44:40.458  3704-3722  zygote                  pid-3704                             I    at void android.os.Handler.handleCallback(android.os.Message) (Handler.java:790)
2025-07-30 16:44:40.458  3704-3722  zygote                  pid-3704                             I    at void android.os.Handler.dispatchMessage(android.os.Message) (Handler.java:99)
2025-07-30 16:44:40.458  3704-3722  zygote                  pid-3704                             I    at void android.os.Looper.loop() (Looper.java:164)
2025-07-30 16:44:40.458  3704-3722  zygote                  pid-3704                             I    at void android.os.HandlerThread.run() (HandlerThread.java:65)
2025-07-30 16:44:40.458  3704-3722  zygote                  pid-3704                             I  Caused by: java.lang.ClassNotFoundException: Didn't find class "com.android.extensions.xr.function.Consumer" on path: DexPathList[[zip file "/data/app/com.android.chrome-Pu8OXth7F90gvHryBgCBLQ==/base.apk"],nativeLibraryDirectories=[/data/app/com.android.chrome-Pu8OXth7F90gvHryBgCBLQ==/lib/arm, /data/app/com.android.chrome-Pu8OXth7F90gvHryBgCBLQ==/base.apk!/lib/armeabi-v7a, /system/lib, /vendor/lib]]
2025-07-30 16:44:40.458  3704-3722  zygote                  pid-3704                             I    at java.lang.Class dalvik.system.BaseDexClassLoader.findClass(java.lang.String) (BaseDexClassLoader.java:125)
2025-07-30 16:44:40.458  3704-3722  zygote                  pid-3704                             I    at java.lang.Class java.lang.ClassLoader.loadClass(java.lang.String, boolean) (ClassLoader.java:379)
2025-07-30 16:44:40.458  3704-3722  zygote                  pid-3704                             I    at java.lang.Class java.lang.ClassLoader.loadClass(java.lang.String) (ClassLoader.java:312)
2025-07-30 16:44:40.458  3704-3722  zygote                  pid-3704                             I    at java.lang.Object java.lang.Class.newInstance() (Class.java:-2)
2025-07-30 16:44:40.458  3704-3722  zygote                  pid-3704                             I    at void BR5.run() (chromium-Monochrome.aab-stable-720416820:15)
2025-07-30 16:44:40.458  3704-3722  zygote                  pid-3704                             I    at void android.os.Handler.handleCallback(android.os.Message) (Handler.java:790)
2025-07-30 16:44:40.458  3704-3722  zygote                  pid-3704                             I    at void android.os.Handler.dispatchMessage(android.os.Message) (Handler.java:99)
2025-07-30 16:44:40.458  3704-3722  zygote                  pid-3704                             I    at void android.os.Looper.loop() (Looper.java:164)
2025-07-30 16:44:40.458  3704-3722  zygote                  pid-3704                             I    at void android.os.HandlerThread.run() (HandlerThread.java:65)
2025-07-30 16:44:40.458  3704-3722  zygote                  pid-3704                             I  
2025-07-30 16:44:40.459  3704-3722  zygote                  pid-3704                             I  Rejecting re-init on previously-failed class java.lang.Class<ES2>: java.lang.NoClassDefFoundError: Failed resolution of: Lcom/android/extensions/xr/function/Consumer;
2025-07-30 16:44:40.459  3704-3722  zygote                  pid-3704                             I    at java.lang.Object java.lang.Class.newInstance() (Class.java:-2)
2025-07-30 16:44:40.459  3704-3722  zygote                  pid-3704                             I    at void BR5.run() (chromium-Monochrome.aab-stable-720416820:15)
2025-07-30 16:44:40.459  3704-3722  zygote                  pid-3704                             I    at void android.os.Handler.handleCallback(android.os.Message) (Handler.java:790)
2025-07-30 16:44:40.459  3704-3722  zygote                  pid-3704                             I    at void android.os.Handler.dispatchMessage(android.os.Message) (Handler.java:99)
2025-07-30 16:44:40.459  3704-3722  zygote                  pid-3704                             I    at void android.os.Looper.loop() (Looper.java:164)
2025-07-30 16:44:40.459  3704-3722  zygote                  pid-3704                             I    at void android.os.HandlerThread.run() (HandlerThread.java:65)
2025-07-30 16:44:40.459  3704-3722  zygote                  pid-3704                             I  Caused by: java.lang.ClassNotFoundException: Didn't find class "com.android.extensions.xr.function.Consumer" on path: DexPathList[[zip file "/data/app/com.android.chrome-Pu8OXth7F90gvHryBgCBLQ==/base.apk"],nativeLibraryDirectories=[/data/app/com.android.chrome-Pu8OXth7F90gvHryBgCBLQ==/lib/arm, /data/app/com.android.chrome-Pu8OXth7F90gvHryBgCBLQ==/base.apk!/lib/armeabi-v7a, /system/lib, /vendor/lib]]
2025-07-30 16:44:40.459  3704-3722  zygote                  com.android.chrome                   I    at java.lang.Class dalvik.system.BaseDexClassLoader.findClass(java.lang.String) (BaseDexClassLoader.java:125)
2025-07-30 16:44:40.459  3704-3722  zygote                  com.android.chrome                   I    at java.lang.Class java.lang.ClassLoader.loadClass(java.lang.String, boolean) (ClassLoader.java:379)
2025-07-30 16:44:40.459  3704-3722  zygote                  com.android.chrome                   I    at java.lang.Class java.lang.ClassLoader.loadClass(java.lang.String) (ClassLoader.java:312)
2025-07-30 16:44:40.459  3704-3722  zygote                  com.android.chrome                   I    at java.lang.Object java.lang.Class.newInstance() (Class.java:-2)
2025-07-30 16:44:40.459  3704-3722  zygote                  com.android.chrome                   I    at void BR5.run() (chromium-Monochrome.aab-stable-720416820:15)
2025-07-30 16:44:40.459  3704-3722  zygote                  com.android.chrome                   I    at void android.os.Handler.handleCallback(android.os.Message) (Handler.java:790)
2025-07-30 16:44:40.459  3704-3722  zygote                  com.android.chrome                   I    at void android.os.Handler.dispatchMessage(android.os.Message) (Handler.java:99)
2025-07-30 16:44:40.459  3704-3722  zygote                  com.android.chrome                   I    at void android.os.Looper.loop() (Looper.java:164)
2025-07-30 16:44:40.459  3704-3722  zygote                  com.android.chrome                   I    at void android.os.HandlerThread.run() (HandlerThread.java:65)
2025-07-30 16:44:40.459  3704-3722  zygote                  com.android.chrome                   I  
2025-07-30 16:44:40.460  3704-3722  zygote                  com.android.chrome                   I  Rejecting re-init on previously-failed class java.lang.Class<ES2>: java.lang.NoClassDefFoundError: Failed resolution of: Lcom/android/extensions/xr/function/Consumer;
2025-07-30 16:44:40.460  3704-3722  zygote                  com.android.chrome                   I    at java.lang.Object java.lang.Class.newInstance() (Class.java:-2)
2025-07-30 16:44:40.460  3704-3722  zygote                  com.android.chrome                   I    at void BR5.run() (chromium-Monochrome.aab-stable-720416820:15)
2025-07-30 16:44:40.460  3704-3722  zygote                  com.android.chrome                   I    at void android.os.Handler.handleCallback(android.os.Message) (Handler.java:790)
2025-07-30 16:44:40.460  3704-3722  zygote                  com.android.chrome                   I    at void android.os.Handler.dispatchMessage(android.os.Message) (Handler.java:99)
2025-07-30 16:44:40.460  3704-3722  zygote                  com.android.chrome                   I    at void android.os.Looper.loop() (Looper.java:164)
2025-07-30 16:44:40.460  3704-3722  zygote                  com.android.chrome                   I    at void android.os.HandlerThread.run() (HandlerThread.java:65)
2025-07-30 16:44:40.460  3704-3722  zygote                  com.android.chrome                   I  Caused by: java.lang.ClassNotFoundException: Didn't find class "com.android.extensions.xr.function.Consumer" on path: DexPathList[[zip file "/data/app/com.android.chrome-Pu8OXth7F90gvHryBgCBLQ==/base.apk"],nativeLibraryDirectories=[/data/app/com.android.chrome-Pu8OXth7F90gvHryBgCBLQ==/lib/arm, /data/app/com.android.chrome-Pu8OXth7F90gvHryBgCBLQ==/base.apk!/lib/armeabi-v7a, /system/lib, /vendor/lib]]
2025-07-30 16:44:40.460  3704-3722  zygote                  com.android.chrome                   I    at java.lang.Class dalvik.system.BaseDexClassLoader.findClass(java.lang.String) (BaseDexClassLoader.java:125)
2025-07-30 16:44:40.460  3704-3722  zygote                  com.android.chrome                   I    at java.lang.Class java.lang.ClassLoader.loadClass(java.lang.String, boolean) (ClassLoader.java:379)
2025-07-30 16:44:40.460  3704-3722  zygote                  com.android.chrome                   I    at java.lang.Class java.lang.ClassLoader.loadClass(java.lang.String) (ClassLoader.java:312)
2025-07-30 16:44:40.460  3704-3722  zygote                  com.android.chrome                   I    at java.lang.Object java.lang.Class.newInstance() (Class.java:-2)
2025-07-30 16:44:40.460  3704-3722  zygote                  com.android.chrome                   I    at void BR5.run() (chromium-Monochrome.aab-stable-720416820:15)
2025-07-30 16:44:40.460  3704-3722  zygote                  com.android.chrome                   I    at void android.os.Handler.handleCallback(android.os.Message) (Handler.java:790)
2025-07-30 16:44:40.460  3704-3722  zygote                  com.android.chrome                   I    at void android.os.Handler.dispatchMessage(android.os.Message) (Handler.java:99)
2025-07-30 16:44:40.460  3704-3722  zygote                  com.android.chrome                   I    at void android.os.Looper.loop() (Looper.java:164)
2025-07-30 16:44:40.460  3704-3722  zygote                  com.android.chrome                   I    at void android.os.HandlerThread.run() (HandlerThread.java:65)
2025-07-30 16:44:40.460  3704-3722  zygote                  com.android.chrome                   I  
2025-07-30 16:44:40.472  1248-1264  zygote                  system_server                        W  kill(-2875, 9) failed: No such process
2025-07-30 16:44:40.497  2372-2726  FontLog                 com.google.android.gms.persistent    I  (REDACTED) Received query %s, URI %s
2025-07-30 16:44:40.511  2372-2726  FontLog                 com.google.android.gms.persistent    I  (REDACTED) Query [%s] resolved to %s
2025-07-30 16:44:40.517  1248-1264  zygote                  system_server                        W  kill(-2875, 9) failed: No such process
2025-07-30 16:44:40.522  2372-2726  FontLog                 com.google.android.gms.persistent    I  (REDACTED) Font PFD returned from cache for %s
2025-07-30 16:44:40.523  2372-2726  FontLog                 com.google.android.gms.persistent    I  (REDACTED) Fetch %s end status %s
2025-07-30 16:44:40.538  1248-1782  ConnectivityService     system_server                        D  ConnectivityService NetworkRequestInfo binderDied(NetworkRequest [ LISTEN id=618, [ Capabilities: INTERNET&NOT_RESTRICTED&TRUSTED] ], android.os.BinderProxy@f6b7d0a)
2025-07-30 16:44:40.548  2372-2726  FontLog                 com.google.android.gms.persistent    I  (REDACTED) Pulling font file for id = %d, cache size = %d
2025-07-30 16:44:40.562  1248-1264  zygote                  system_server                        W  kill(-2875, 9) failed: No such process
2025-07-30 16:44:40.562  1248-1264  zygote                  system_server                        I  Successfully killed process cgroup uid 10033 pid 2875 in 199ms
2025-07-30 16:44:40.562  3509-3567  FirebaseAuth            com.example.zap_it_mobile            D  Notifying id token listeners about user ( 8MTXckNkkgaQIAoPCwwhyfm0ERq1 ).
2025-07-30 16:44:40.641  3509-3509  flutter                 com.example.zap_it_mobile            I   LOGIN SUCCESS: 8MTXckNkkgaQIAoPCwwhyfm0ERq1
2025-07-30 16:44:40.840  2372-2726  FontLog                 com.google.android.gms.persistent    I  (REDACTED) Received query %s, URI %s
2025-07-30 16:44:40.858  2372-2726  FontLog                 com.google.android.gms.persistent    I  (REDACTED) Query [%s] resolved to %s
2025-07-30 16:44:40.877  2372-2726  FontLog                 com.google.android.gms.persistent    I  (REDACTED) Font PFD returned from cache for %s
2025-07-30 16:44:40.879  2372-2726  FontLog                 com.google.android.gms.persistent    I  (REDACTED) Fetch %s end status %s
2025-07-30 16:44:40.940  2372-2726  FontLog                 com.google.android.gms.persistent    I  (REDACTED) Pulling font file for id = %d, cache size = %d
2025-07-30 16:44:40.951  3704-3724  cr_LibraryLoader        com.android.chrome                   I  Successfully loaded native library
2025-07-30 16:44:41.025  2372-2726  FontLog                 com.google.android.gms.persistent    I  (REDACTED) Received query %s, URI %s
2025-07-30 16:44:41.026  2372-2726  FontLog                 com.google.android.gms.persistent    I  (REDACTED) Query [%s] resolved to %s
2025-07-30 16:44:41.029  2372-2726  FontLog                 com.google.android.gms.persistent    I  (REDACTED) Font PFD returned from cache for %s
2025-07-30 16:44:41.030  2372-2726  FontLog                 com.google.android.gms.persistent    I  (REDACTED) Fetch %s end status %s
2025-07-30 16:44:41.040  2372-470   FontLog                 com.google.android.gms.persistent    I  (REDACTED) Pulling font file for id = %d, cache size = %d
2025-07-30 16:44:41.041  3704-3724  cr_CachingUmaRecorder   com.android.chrome                   I  Flushed 11 samples from 10 histograms, 0 samples were dropped.
2025-07-30 16:44:41.069  2372-470   FontLog                 com.google.android.gms.persistent    I  (REDACTED) Received query %s, URI %s
2025-07-30 16:44:41.072  2372-470   FontLog                 com.google.android.gms.persistent    I  (REDACTED) Query [%s] resolved to %s
2025-07-30 16:44:41.080  2372-470   FontLog                 com.google.android.gms.persistent    I  (REDACTED) Font PFD returned from cache for %s
2025-07-30 16:44:41.083  2372-470   FontLog                 com.google.android.gms.persistent    I  (REDACTED) Fetch %s end status %s
2025-07-30 16:44:41.098  2372-2726  FontLog                 com.google.android.gms.persistent    I  (REDACTED) Pulling font file for id = %d, cache size = %d
2025-07-30 16:44:41.197  3509-3509  flutter                 com.example.zap_it_mobile            I   SAVING LOGIN STATE...
2025-07-30 16:44:41.201  3509-3509  flutter                 com.example.zap_it_mobile            I   SAVING LOGIN STATE - START
2025-07-30 16:44:41.234  3509-3509  flutter                 com.example.zap_it_mobile            I   Current user: 8MTXckNkkgaQIAoPCwwhyfm0ERq1
2025-07-30 16:44:41.235  3509-3509  flutter                 com.example.zap_it_mobile            I   Current user email: mariorossi@gmail.com
2025-07-30 16:44:41.235  3509-3509  flutter                 com.example.zap_it_mobile            I   User is not null, saving data...
2025-07-30 16:44:41.367  3509-3509  flutter                 com.example.zap_it_mobile            I   LOGIN STATE SAVED:
2025-07-30 16:44:41.367  3509-3509  flutter                 com.example.zap_it_mobile            I   User ID: 8MTXckNkkgaQIAoPCwwhyfm0ERq1
2025-07-30 16:44:41.368  3509-3509  flutter                 com.example.zap_it_mobile            I   Email: mariorossi@gmail.com
2025-07-30 16:44:41.368  3509-3509  flutter                 com.example.zap_it_mobile            I   isLoggedIn: true
2025-07-30 16:44:41.368  3509-3509  flutter                 com.example.zap_it_mobile            I   VERIFICATION:
2025-07-30 16:44:41.368  3509-3509  flutter                 com.example.zap_it_mobile            I   savedIsLoggedIn: true
2025-07-30 16:44:41.368  3509-3509  flutter                 com.example.zap_it_mobile            I   savedUserId: 8MTXckNkkgaQIAoPCwwhyfm0ERq1
2025-07-30 16:44:41.368  3509-3509  flutter                 com.example.zap_it_mobile            I   savedUserEmail: mariorossi@gmail.com
2025-07-30 16:44:41.368  3509-3509  flutter                 com.example.zap_it_mobile            I   LOGIN STATE SAVED SUCCESSFULLY
2025-07-30 16:44:41.368  3509-3509  flutter                 com.example.zap_it_mobile            I   LOGIN STATE SAVED SUCCESSFULLY
2025-07-30 16:44:41.417  3509-3509  flutter                 com.example.zap_it_mobile            I   Getting unread ZAP count for user: 8MTXckNkkgaQIAoPCwwhyfm0ERq1
2025-07-30 16:44:41.770  3509-3517  zygote                  com.example.zap_it_mobile            I  Do full code cache collection, code=125KB, data=114KB
2025-07-30 16:44:41.772  3509-3517  zygote                  com.example.zap_it_mobile            I  After code cache collection, code=116KB, data=76KB
2025-07-30 16:44:41.780  3509-3509  flutter                 com.example.zap_it_mobile            I   Found 0 unread ZAPs
2025-07-30 16:44:41.990  3509-3509  flutter                 com.example.zap_it_mobile            I  === GET FRIENDS STREAM UPDATE ===
2025-07-30 16:44:41.990  3509-3509  flutter                 com.example.zap_it_mobile            I  Current user: 8MTXckNkkgaQIAoPCwwhyfm0ERq1
2025-07-30 16:44:41.990  3509-3509  flutter                 com.example.zap_it_mobile            I  Found 1 friendships in database
2025-07-30 16:44:41.990  3509-3509  flutter                 com.example.zap_it_mobile            I  Processing friendship document: B45fwM1SCd2jmxwltffJ -> friend: QlRHfWhSGcbpHegwMShknXvUmaX2
2025-07-30 16:44:42.108   449-1179  audio_hw_primary        hal-server                           D  out_standby: enter: stream (0xac7ab000) usecase(1: low-latency-playback)
2025-07-30 16:44:42.141  3509-3509  flutter                 com.example.zap_it_mobile            I  Successfully added friend: QlRHfWhSGcbpHegwMShknXvUmaX2
2025-07-30 16:44:42.141  3509-3509  flutter                 com.example.zap_it_mobile            I  Final friends list count: 1
2025-07-30 16:44:42.141  3509-3509  flutter                 com.example.zap_it_mobile            I  Friends IDs: [QlRHfWhSGcbpHegwMShknXvUmaX2]
2025-07-30 16:44:42.142  3509-3509  flutter                 com.example.zap_it_mobile            I  === FRIENDS STREAM COMPLETED ===
2025-07-30 16:44:42.201   449-1179  audio_hw_primary        hal-server                           D  disable_audio_route: reset and update mixer path: low-latency-playback
2025-07-30 16:44:42.202   449-1179  soundtrigger            hal-server                           D  audio_extn_sound_trigger_update_stream_status: uc_id 1 of type 0 for Event 2, with Raise=0
2025-07-30 16:44:42.202   449-1179  hardware_info           hal-server                           D  hw_info_append_hw_type : device_name = speaker
2025-07-30 16:44:42.202   449-1179  audio_hw_primary        hal-server                           D  disable_snd_device: snd_device(2: speaker)
2025-07-30 16:44:42.202   449-1179  msm8916_platform        hal-server                           D  platform_split_snd_device: snd_device(2) num devices(0) new_snd_devices(0)
2025-07-30 16:44:42.205   449-1179  soundtrigger            hal-server                           I  audio_extn_sound_trigger_update_device_status: device 0x2 of type 0 for Event 0, with Raise=0
2025-07-30 16:44:42.205   449-1179  audio_hw_primary        hal-server                           D  out_standby: exit
2025-07-30 16:44:45.107  3614-3741  ClearcutMetricXmitter   com.google.android.partnersetup      V  Transmission is done.
2025-07-30 16:44:45.765  1487-1487  SignalClusterView       com.android.systemui                 D   apply mNoSimsVisible = true; mIsAirplaneMode = false; mPhoneStates.size() = 0
2025-07-30 16:44:48.282  1248-1248  ActivityManager         system_server                        I  Start proc 3748:com.google.android.apps.photos/u0a63 for service com.google.android.apps.photos/androidx.work.impl.background.systemjob.SystemJobService
2025-07-30 16:44:45.778  1487-1487  chatty                  com.android.systemui                 I  uid=10032(com.android.systemui) identical 6 lines
2025-07-30 16:44:45.778  1487-1487  SignalClusterView       com.android.systemui                 D   apply mNoSimsVisible = true; mIsAirplaneMode = false; mPhoneStates.size() = 0
2025-07-30 16:44:48.300  1248-2989  CompatibilityInfo       system_server                        D  mCompatibilityFlags - 0
2025-07-30 16:44:48.300  1248-2989  CompatibilityInfo       system_server                        D  applicationDensity - 320
2025-07-30 16:44:48.300  1248-2989  CompatibilityInfo       system_server                        D  applicationScale - 1.0
2025-07-30 16:44:48.305  1248-2989  CompatibilityInfo       system_server                        D  mCompatibilityFlags - 0
2025-07-30 16:44:48.306  1248-2989  CompatibilityInfo       system_server                        D  applicationDensity - 320
2025-07-30 16:44:48.306  1248-2989  CompatibilityInfo       system_server                        D  applicationScale - 1.0
2025-07-30 16:44:48.443  3748-3748  ResourceType            mdss_fb0                             W  ResTable_typeSpec entry count inconsistent: given 44, previously 46
2025-07-30 16:44:48.446  3748-3748  ResourceType            mdss_fb0                             W  ResTable_typeSpec entry count inconsistent: given 3629, previously 4477
2025-07-30 16:44:48.447  3748-3748  ResourceType            mdss_fb0                             W  ResTable_typeSpec entry count inconsistent: given 2942, previously 2955
2025-07-30 16:44:48.449  3748-3748  ResourceType            mdss_fb0                             W  ResTable_typeSpec entry count inconsistent: given 418, previously 4096
2025-07-30 16:44:49.480   650-721   ThermalEngine           thermal-engine                       D  sensor_wait: xo_therm Wait done.
2025-07-30 16:44:49.481   650-721   ThermalEngine           thermal-engine                       D  sensor_monitor: xo_therm Reading 37000 .
2025-07-30 16:44:49.481   650-721   ThermalEngine           thermal-engine                       I  Sensor:xo_therm:37000 mC
2025-07-30 16:44:49.481   650-721   ThermalEngine           thermal-engine                       D  update_active_thresh: xo_therm Active(1), Hi(1) 44000, Lo(0) -2147483648, desc(0) Interval(1) 10000
2025-07-30 16:44:49.481   650-721   ThermalEngine           thermal-engine                       D  sensor_monitor: xo_therm Sensor wait.
2025-07-30 16:44:49.481   650-721   ThermalEngine           thermal-engine                       D  sensor_wait: xo_therm Wait start. 10000ms
2025-07-30 16:44:50.417  1248-1721  ConnectivityService     system_server                        D  requestNetwork for uid/pid:10063/3748 NetworkRequest [ TRACK_DEFAULT id=626, [ Capabilities: INTERNET&NOT_RESTRICTED&TRUSTED&NOT_VPN] ]
2025-07-30 16:44:50.421  1248-1446  Ethernet                system_server                        D  got request NetworkRequest [ TRACK_DEFAULT id=626, [ Capabilities: INTERNET&NOT_RESTRICTED&TRUSTED&NOT_VPN] ] with score 60
2025-07-30 16:44:50.421  1248-1408  WIFI                    system_server                        D  got request NetworkRequest [ TRACK_DEFAULT id=626, [ Capabilities: INTERNET&NOT_RESTRICTED&TRUSTED&NOT_VPN] ] with score 60
2025-07-30 16:44:50.422  1729-1729  PhoneSwitc...stListener com.android.phone                    D  got request NetworkRequest [ TRACK_DEFAULT id=626, [ Capabilities: INTERNET&NOT_RESTRICTED&TRUSTED&NOT_VPN] ] with score 60
2025-07-30 16:44:50.424  1248-1408  WIFI_UT                 system_server                        D  got request NetworkRequest [ TRACK_DEFAULT id=626, [ Capabilities: INTERNET&NOT_RESTRICTED&TRUSTED&NOT_VPN] ] with score 60
2025-07-30 16:44:50.424  1903-1903  QcrilMsgTu...aceManager com.qualcomm.qcrilmsgtunnel          D  handleMessage what = 1
2025-07-30 16:44:50.426  1903-1903  QcrilOemhookMsgTunnel   com.qualcomm.qcrilmsgtunnel          I  [0]invokeOemRilRequestRaw: serial=2532 length=24
2025-07-30 16:44:50.430  1903-1946  QcrilOemhookMsgTunnel   com.qualcomm.qcrilmsgtunnel          I  [0]processOemHookResponse serial no: 2532 error: 0length=0
2025-07-30 16:44:50.432  1903-1903  QcrilMsgTu...aceManager com.qualcomm.qcrilmsgtunnel          D  handleMessage what = 2
2025-07-30 16:44:50.433  1903-1946  QcrilOemhookMsgTunnel   com.qualcomm.qcrilmsgtunnel          I  [0]processOemHookIndication length=28
2025-07-30 16:44:50.433  1903-1903  QcrilMsgTu...aceManager com.qualcomm.qcrilmsgtunnel          D  handleMessage what = 1
2025-07-30 16:44:50.434  1903-1903  QcrilOemhookMsgTunnel   com.qualcomm.qcrilmsgtunnel          I  [1]invokeOemRilRequestRaw: serial=2533 length=24
2025-07-30 16:44:50.436  1903-1903  QcrilMsgTu...aceManager com.qualcomm.qcrilmsgtunnel          D  handleMessage what = 0
2025-07-30 16:44:50.437  1903-1946  QcrilOemhookMsgTunnel   com.qualcomm.qcrilmsgtunnel          I  [1]processOemHookResponse serial no: 2533 error: 0length=0
2025-07-30 16:44:50.438  1903-1903  QcrilMsgTu...aceManager com.qualcomm.qcrilmsgtunnel          D  handleMessage what = 2
2025-07-30 16:44:50.441  1903-1946  QcrilOemhookMsgTunnel   com.qualcomm.qcrilmsgtunnel          I  [1]processOemHookIndication length=28
2025-07-30 16:44:50.441  1903-1903  QcrilMsgTu...aceManager com.qualcomm.qcrilmsgtunnel          D  handleMessage what = 0
2025-07-30 16:44:50.505  3748-3753  zygote                  com.google.android.apps.photos       I  Do partial code cache collection, code=5KB, data=4KB
2025-07-30 16:44:50.507  3748-3753  zygote                  com.google.android.apps.photos       I  After code cache collection, code=5KB, data=4KB
2025-07-30 16:44:50.508  3748-3753  zygote                  com.google.android.apps.photos       I  Increasing code cache capacity to 128KB
2025-07-30 16:44:50.574  3748-3771  ResourceType            com.google.android.apps.photos       W  For resource 0x7f15082b, entry index(2091) is beyond type entryCount(418)
2025-07-30 16:44:50.576  3748-3771  ResourceType            com.google.android.apps.photos       W  For resource 0x7f1503c1, entry index(961) is beyond type entryCount(418)
2025-07-30 16:44:50.577  3748-3771  ResourceType            com.google.android.apps.photos       W  For resource 0x7f1503d0, entry index(976) is beyond type entryCount(418)
2025-07-30 16:44:50.599  3748-3771  ResourceType            com.google.android.apps.photos       W  For resource 0x7f150664, entry index(1636) is beyond type entryCount(418)
2025-07-30 16:44:50.599  3748-3771  chatty                  com.google.android.apps.photos       I  uid=10063(com.google.android.apps.photos) ptz-ui-1-BACKGR identical 1 line
2025-07-30 16:44:50.603  3748-3771  ResourceType            com.google.android.apps.photos       W  For resource 0x7f150664, entry index(1636) is beyond type entryCount(418)
2025-07-30 16:44:50.605  3748-3771  ResourceType            com.google.android.apps.photos       W  For resource 0x7f150ad4, entry index(2772) is beyond type entryCount(418)
2025-07-30 16:44:50.605  3748-3771  ResourceType            com.google.android.apps.photos       W  For resource 0x7f150ad4, entry index(2772) is beyond type entryCount(418)
2025-07-30 16:44:50.605  3748-3771  ResourceType            com.google.android.apps.photos       W  For resource 0x7f150ad5, entry index(2773) is beyond type entryCount(418)
2025-07-30 16:44:50.605  3748-3771  ResourceType            com.google.android.apps.photos       W  For resource 0x7f150ad7, entry index(2775) is beyond type entryCount(418)
2025-07-30 16:44:50.605  3748-3771  ResourceType            com.google.android.apps.photos       W  For resource 0x7f150ad6, entry index(2774) is beyond type entryCount(418)
2025-07-30 16:44:50.605  3748-3771  ResourceType            com.google.android.apps.photos       W  For resource 0x7f150992, entry index(2450) is beyond type entryCount(418)
2025-07-30 16:44:50.605  3748-3771  ResourceType            com.google.android.apps.photos       W  For resource 0x7f150b16, entry index(2838) is beyond type entryCount(418)
2025-07-30 16:44:50.605  3748-3771  ResourceType            com.google.android.apps.photos       W  For resource 0x7f150ad9, entry index(2777) is beyond type entryCount(418)
2025-07-30 16:44:50.612  3748-3771  ResourceType            com.google.android.apps.photos       W  For resource 0x7f150adb, entry index(2779) is beyond type entryCount(418)
2025-07-30 16:44:50.612  3748-3771  ResourceType            com.google.android.apps.photos       W  For resource 0x7f150992, entry index(2450) is beyond type entryCount(418)
2025-07-30 16:44:50.612  3748-3771  ResourceType            com.google.android.apps.photos       W  For resource 0x7f150b09, entry index(2825) is beyond type entryCount(418)
2025-07-30 16:44:50.612  3748-3771  ResourceType            com.google.android.apps.photos       W  For resource 0x7f150adc, entry index(2780) is beyond type entryCount(418)
2025-07-30 16:44:50.612  3748-3771  ResourceType            com.google.android.apps.photos       W  For resource 0x7f150998, entry index(2456) is beyond type entryCount(418)
2025-07-30 16:44:50.612  3748-3771  ResourceType            com.google.android.apps.photos       W  For resource 0x7f150add, entry index(2781) is beyond type entryCount(418)
2025-07-30 16:44:50.612  3748-3771  ResourceType            com.google.android.apps.photos       W  For resource 0x7f150ae1, entry index(2785) is beyond type entryCount(418)
2025-07-30 16:44:50.613  3748-3771  chatty                  com.google.android.apps.photos       I  uid=10063(com.google.android.apps.photos) ptz-ui-1-BACKGR identical 2 lines
2025-07-30 16:44:50.613  3748-3771  ResourceType            com.google.android.apps.photos       W  For resource 0x7f150ae1, entry index(2785) is beyond type entryCount(418)
2025-07-30 16:44:50.615  1248-1248  CompatibilityInfo       system_server                        D  mCompatibilityFlags - 0
2025-07-30 16:44:50.615  1248-1248  CompatibilityInfo       system_server                        D  applicationDensity - 320
2025-07-30 16:44:50.615  1248-1248  CompatibilityInfo       system_server                        D  applicationScale - 1.0
2025-07-30 16:44:50.616  3748-3771  ResourceType            com.google.android.apps.photos       W  For resource 0x7f150ae4, entry index(2788) is beyond type entryCount(418)
2025-07-30 16:44:50.618  3748-3771  ResourceType            com.google.android.apps.photos       W  For resource 0x7f150997, entry index(2455) is beyond type entryCount(418)
2025-07-30 16:44:50.618  3748-3771  ResourceType            com.google.android.apps.photos       W  For resource 0x7f150b06, entry index(2822) is beyond type entryCount(418)
2025-07-30 16:44:50.618  3748-3771  ResourceType            com.google.android.apps.photos       W  For resource 0x7f150aeb, entry index(2795) is beyond type entryCount(418)
2025-07-30 16:44:50.618  3748-3771  ResourceType            com.google.android.apps.photos       W  For resource 0x7f150aec, entry index(2796) is beyond type entryCount(418)
2025-07-30 16:44:50.618  3748-3771  ResourceType            com.google.android.apps.photos       W  For resource 0x7f150b03, entry index(2819) is beyond type entryCount(418)
2025-07-30 16:44:50.618  3748-3771  ResourceType            com.google.android.apps.photos       W  For resource 0x7f150b04, entry index(2820) is beyond type entryCount(418)
2025-07-30 16:44:50.618  3748-3771  ResourceType            com.google.android.apps.photos       W  For resource 0x7f15082c, entry index(2092) is beyond type entryCount(418)
2025-07-30 16:44:50.618  3748-3771  ResourceType            com.google.android.apps.photos       W  For resource 0x7f150b08, entry index(2824) is beyond type entryCount(418)
2025-07-30 16:44:50.618  3748-3771  ResourceType            com.google.android.apps.photos       W  For resource 0x7f150b10, entry index(2832) is beyond type entryCount(418)
2025-07-30 16:44:50.618  3748-3771  ResourceType            com.google.android.apps.photos       W  For resource 0x7f150b12, entry index(2834) is beyond type entryCount(418)
2025-07-30 16:44:50.618  3748-3771  ResourceType            com.google.android.apps.photos       W  For resource 0x7f150aea, entry index(2794) is beyond type entryCount(418)
2025-07-30 16:44:50.619  3748-3771  ResourceType            com.google.android.apps.photos       W  For resource 0x7f150ae8, entry index(2792) is beyond type entryCount(418)
2025-07-30 16:44:50.619  3748-3771  ResourceType            com.google.android.apps.photos       W  For resource 0x7f150656, entry index(1622) is beyond type entryCount(418)
2025-07-30 16:44:50.619  3748-3771  ResourceType            com.google.android.apps.photos       W  For resource 0x7f15063f, entry index(1599) is beyond type entryCount(418)
2025-07-30 16:44:50.619  3748-3771  ResourceType            com.google.android.apps.photos       W  For resource 0x7f150656, entry index(1622) is beyond type entryCount(418)
2025-07-30 16:44:50.619  3748-3771  ResourceType            com.google.android.apps.photos       W  For resource 0x7f150669, entry index(1641) is beyond type entryCount(418)
2025-07-30 16:44:50.619  3748-3771  ResourceType            com.google.android.apps.photos       W  For resource 0x7f150652, entry index(1618) is beyond type entryCount(418)
2025-07-30 16:44:50.619  3748-3771  ResourceType            com.google.android.apps.photos       W  For resource 0x7f150653, entry index(1619) is beyond type entryCount(418)
2025-07-30 16:44:50.619  3748-3771  ResourceType            com.google.android.apps.photos       W  For resource 0x7f150b1b, entry index(2843) is beyond type entryCount(418)
2025-07-30 16:44:50.619  3748-3771  ResourceType            com.google.android.apps.photos       W  For resource 0x7f150b1a, entry index(2842) is beyond type entryCount(418)
2025-07-30 16:44:50.621  3748-3771  ResourceType            com.google.android.apps.photos       W  For resource 0x7f150664, entry index(1636) is beyond type entryCount(418)
2025-07-30 16:44:50.717  1248-2989  ActivityManager         system_server                        I  Killing 2666:com.google.android.apps.youtube.mango/u0a81 (adj 906): empty #5
2025-07-30 16:44:50.622  3748-3771  chatty                  com.google.android.apps.photos       I  uid=10063(com.google.android.apps.photos) ptz-ui-1-BACKGR identical 1 line
2025-07-30 16:44:50.624  3748-3771  ResourceType            com.google.android.apps.photos       W  For resource 0x7f150664, entry index(1636) is beyond type entryCount(418)
2025-07-30 16:44:50.719  1248-1264  zygote                  system_server                        W  kill(-2666, 9) failed: No such process
2025-07-30 16:44:50.740  3748-3771  zygote                  com.google.android.apps.photos       I  Deoptimizing java.lang.Object j$.util.concurrent.ConcurrentHashMap.f(java.lang.Object, java.lang.Object, boolean) due to JIT inline cache
2025-07-30 16:44:50.747  1248-1433  ConnectivityService     system_server                        D  ConnectivityService NetworkRequestInfo binderDied(NetworkRequest [ LISTEN id=614, [ Capabilities: INTERNET&NOT_RESTRICTED&TRUSTED&FOREGROUND] ], android.os.BinderProxy@6f8e999)
2025-07-30 16:44:50.764  1248-1264  zygote                  system_server                        W  kill(-2666, 9) failed: No such process
2025-07-30 16:44:50.764  1248-1264  zygote                  system_server                        I  Successfully killed process cgroup uid 10081 pid 2666 in 45ms
2025-07-30 16:44:50.773  1487-1487  SignalClusterView       com.android.systemui                 D   apply mNoSimsVisible = true; mIsAirplaneMode = false; mPhoneStates.size() = 0
2025-07-30 16:44:51.680  1248-1259  ActivityManager         system_server                        W  No permission grants found for com.google.android.apps.photos
2025-07-30 16:44:51.782  1487-1487  chatty                  com.android.systemui                 I  uid=10032(com.android.systemui) identical 14 lines
2025-07-30 16:44:51.782  1487-1487  SignalClusterView       com.android.systemui                 D   apply mNoSimsVisible = true; mIsAirplaneMode = false; mPhoneStates.size() = 0
2025-07-30 16:44:53.387  3748-3762  zygote                  com.google.android.apps.photos       I  Waiting for a blocking GC ProfileSaver
2025-07-30 16:44:53.404  3748-3762  zygote                  com.google.android.apps.photos       I  WaitForGcToComplete blocked ProfileSaver on HeapTrim for 16.639ms
2025-07-30 16:44:58.787  1487-1487  SignalClusterView       com.android.systemui                 D   apply mNoSimsVisible = true; mIsAirplaneMode = false; mPhoneStates.size() = 0
2025-07-30 16:44:58.794  1487-1487  chatty                  com.android.systemui                 I  uid=10032(com.android.systemui) identical 6 lines
2025-07-30 16:44:58.795  1487-1487  SignalClusterView       com.android.systemui                 D   apply mNoSimsVisible = true; mIsAirplaneMode = false; mPhoneStates.size() = 0
2025-07-30 16:44:59.481   650-721   ThermalEngine           thermal-engine                       D  sensor_wait: xo_therm Wait done.
2025-07-30 16:44:59.483   650-721   ThermalEngine           thermal-engine                       D  sensor_monitor: xo_therm Reading 37000 .
2025-07-30 16:44:59.483   650-721   ThermalEngine           thermal-engine                       I  Sensor:xo_therm:37000 mC
2025-07-30 16:44:59.483   650-721   ThermalEngine           thermal-engine                       D  update_active_thresh: xo_therm Active(1), Hi(1) 44000, Lo(0) -2147483648, desc(0) Interval(1) 10000
2025-07-30 16:44:59.483   650-721   ThermalEngine           thermal-engine                       D  sensor_monitor: xo_therm Sensor wait.
2025-07-30 16:44:59.483   650-721   ThermalEngine           thermal-engine                       D  sensor_wait: xo_therm Wait start. 10000ms
2025-07-30 16:44:59.789  1487-1487  SignalClusterView       com.android.systemui                 D   apply mNoSimsVisible = true; mIsAirplaneMode = false; mPhoneStates.size() = 0
2025-07-30 16:45:00.006  1248-1248  ActivityManager         system_server                        I  Killing 3655:com.google.process.gservices/u0a7 (adj 906): empty #5
2025-07-30 16:45:00.007  1248-1248  ActivityManager         system_server                        I  Killing 3620:com.google.android.setupwizard/u0a13 (adj 906): empty #6
2025-07-30 16:45:00.007  1248-1264  zygote                  system_server                        W  kill(-3655, 9) failed: No such process
2025-07-30 16:45:00.053  1248-1264  zygote                  system_server                        W  kill(-3655, 9) failed: No such process
2025-07-30 16:45:00.053  1248-1264  zygote                  system_server                        I  Successfully killed process cgroup uid 10007 pid 3655 in 45ms
2025-07-30 16:45:00.054  1248-1264  zygote                  system_server                        W  kill(-3620, 9) failed: No such process
2025-07-30 16:45:00.054  1248-1264  zygote                  system_server                        I  Successfully killed process cgroup uid 10013 pid 3620 in 0ms
2025-07-30 16:45:02.795  1487-1487  SignalClusterView       com.android.systemui                 D   apply mNoSimsVisible = true; mIsAirplaneMode = false; mPhoneStates.size() = 0



SCHIACCIO IL BOTTONE BLU




2025-07-30 16:45:28.861  1487-1487  chatty                  com.android.systemui                 I  uid=10032(com.android.systemui) identical 22 lines
2025-07-30 16:45:28.861  1487-1487  SignalClusterView       com.android.systemui                 D   apply mNoSimsVisible = true; mIsAirplaneMode = false; mPhoneStates.size() = 0
2025-07-30 16:45:29.199   655-1915  AudioPolic...agerCustom audioserver                          I  FLAG None hence request for a primary output
2025-07-30 16:45:29.199   655-1915  AudioPolic...agerCustom audioserver                          I  FLAG None hence request for a primary output
2025-07-30 16:45:29.200   449-1179  audio_hw_spkr_prot      hal-server                           D  audio_extn_fbsp_get_parameters: Speaker protection disabled
2025-07-30 16:45:29.201   449-1179  audio_hw_extn           hal-server                           D  audio_extn_get_parameters: returns 
2025-07-30 16:45:29.201   449-1179  wt_audio_cust           hal-server                           D  wt_audio_mmi_get_parameter: exit: returns - mmi_test=false
2025-07-30 16:45:29.201   655-945   hash_map_utils          audioserver                          I  key: 'mmi_test' value: ''
2025-07-30 16:45:29.202   655-945   AudioPolic...agerCustom audioserver                          D  checkAndSetVolume() mmi_test_enabled 0
2025-07-30 16:45:29.206   449-1002  audio_hw_primary        hal-server                           D  start_output_stream: enter: stream(0xac7ab000)usecase(1: low-latency-playback) devices(0x2)
2025-07-30 16:45:29.206   449-1002  audio_hw_primary        hal-server                           D  select_devices for use case (low-latency-playback)
2025-07-30 16:45:29.207   449-1002  audio_hw_primary        hal-server                           D  select_devices: out_snd_device(2: speaker) in_snd_device(0: )
2025-07-30 16:45:29.207   449-1002  msm8916_platform        hal-server                           I  platform_check_and_set_codec_backend_cfg:becf: afe: bitwidth 16, samplerate 48000 channels 2, backend_idx 0 usecase = 1 device (speaker)
2025-07-30 16:45:29.207   449-1002  msm8916_platform        hal-server                           D  platform_split_snd_device: snd_device(2) num devices(1) new_snd_devices(0)
2025-07-30 16:45:29.207   449-1002  msm8916_platform        hal-server                           I  platform_check_and_set_codec_backend_cfg: becf: new_snd_devices[0] is speaker
2025-07-30 16:45:29.207   449-1002  msm8916_platform        hal-server                           I  platform_check_codec_backend_cfg:becf: afe: Codec selected backend: 0 current bit width: 16 sample rate: 48000 channels: 2 usecase 1 device (speaker)
2025-07-30 16:45:29.207   449-1002  msm8916_platform        hal-server                           D  platform_check_codec_backend_cfg:becf: afe: playback on codec device not supporting native playback set default Sample Rate(48k)
2025-07-30 16:45:29.207   449-1002  msm8916_platform        hal-server                           D  platform_check_codec_backend_cfg:becf: afe: only 48KHZ sample rate is supported Configure afe to default Sample Rate(48k)
2025-07-30 16:45:29.207   449-1002  msm8916_platform        hal-server                           I  platform_check_codec_backend_cfg:becf: afe: Codec selected backend: 0 updated bit width: 16 sample rate: 48000 channels: 2
2025-07-30 16:45:29.207   449-1002  audio_hw_primary        hal-server                           D  check_usecases_codec_backend:becf: force routing 0
2025-07-30 16:45:29.207   449-1002  msm8916_platform        hal-server                           E  platform_check_backends_match: Invalid snd_device = 
2025-07-30 16:45:29.207   449-1002  audio_hw_primary        hal-server                           D  check_usecases_codec_backend:becf: (59) check_usecases curr device: speaker, usecase device: backends match 0
2025-07-30 16:45:29.207   449-1002  audio_hw_primary        hal-server                           D  check_usecases_codec_backend:becf: check_usecases num.of Usecases to switch 0
2025-07-30 16:45:29.207   449-1002  hardware_info           hal-server                           D  hw_info_append_hw_type : device_name = speaker
2025-07-30 16:45:29.207   449-1002  msm8916_platform        hal-server                           D  platform_split_snd_device: snd_device(2) num devices(0) new_snd_devices(0)
2025-07-30 16:45:29.207   449-1002  audio_hw_primary        hal-server                           D  enable_snd_device: snd_device(2: speaker)
2025-07-30 16:45:29.207   449-1002  soundtrigger            hal-server                           I  audio_extn_sound_trigger_update_device_status: device 0x2 of type 0 for Event 1, with Raise=0
2025-07-30 16:45:29.207   449-1002  audio_route             hal-server                           D  Apply path: speaker
2025-07-30 16:45:29.212   449-1002  soundtrigger            hal-server                           D  audio_extn_sound_trigger_update_stream_status: uc_id 1 of type 0 for Event 3, with Raise=0
2025-07-30 16:45:29.213   449-1002  audio_hw_utils          hal-server                           D  audio_extn_utils_send_app_type_cfg: usecase->out_snd_device speaker
2025-07-30 16:45:29.213   449-1002  msm8916_platform        hal-server                           D  platform_split_snd_device: snd_device(2) num devices(0) new_snd_devices(0)
2025-07-30 16:45:29.213   449-1002  msm8916_platform        hal-server                           E  platform_get_snd_device_backend_index: BE DAI Name Table is not present
2025-07-30 16:45:29.213   449-1002  audio_hw_utils          hal-server                           E  send_app_type_cfg_for_device: Couldn't get the backend index for snd device speaker ret=-14
2025-07-30 16:45:29.213   449-1002  audio_hw_utils          hal-server                           D  audio_extn_btsco_get_sample_rate:Not a BT SCO device, need not update sampling rate
2025-07-30 16:45:29.213   449-1002  audio_hw_utils          hal-server                           I  send_app_type_cfg_for_device PLAYBACK app_type 69937, acdb_dev_id 14, sample_rate 48000, snd_device_be_idx -14
2025-07-30 16:45:29.213   449-1002  msm8916_platform        hal-server                           D  platform_split_snd_device: snd_device(2) num devices(1) new_snd_devices(0)
2025-07-30 16:45:29.214   449-1002  ACDB-LOADER             hal-server                           D  ACDB -> send_audio_cal, acdb_id = 14, path = 0, app id = 0x11131, sample rate = 48000
2025-07-30 16:45:29.214   449-1002  ACDB-LOADER             hal-server                           D  ACDB -> send_asm_topology
2025-07-30 16:45:29.214   449-1002  ACDB-LOADER             hal-server                           D  ACDB -> ACDB_CMD_GET_AUDPROC_STREAM_TOPOLOGY_ID
2025-07-30 16:45:29.214   449-1002  ACDB-LOADER             hal-server                           D  ACDB -> send_adm_topology
2025-07-30 16:45:29.214   449-1002  ACDB-LOADER             hal-server                           D  ACDB -> ACDB_CMD_GET_AUDPROC_COMMON_TOPOLOGY_ID
2025-07-30 16:45:29.214   449-1002  ACDB-LOADER             hal-server                           D  ACDB -> send_audtable
2025-07-30 16:45:29.214   449-1002  ACDB-LOADER             hal-server                           D  ACDB -> ACDB_CMD_GET_AUDPROC_COMMON_TABLE_SIZE
2025-07-30 16:45:29.214   449-1002  <no-tag>                hal-server                           D  ACDBFILE_MGR:Read the devices count as zero, please check the acdb file
2025-07-30 16:45:29.214   449-1002  ACDB-LOADER             hal-server                           D  ACDB -> ACDB_CMD_GET_AUDPROC_COMMON_TABLE
2025-07-30 16:45:29.214   449-1002  <no-tag>                hal-server                           D  ACDBFILE_MGR:Read the devices count as zero, please check the acdb file
2025-07-30 16:45:29.214   449-1002  ACDB-LOADER             hal-server                           D  ACDB -> AUDIO_SET_AUDPROC_CAL
