2025-07-30 16:45:29.214   449-1002  ACDB-LOADER             hal-server                           D  ACDB -> send_audvoltable
2025-07-30 16:45:29.214   449-1002  ACDB-LOADER             hal-server                           D  ACDB -> ACDB_CMD_GET_AUDPROC_VOL_STEP_TABLE_SIZE
2025-07-30 16:45:29.214   449-1002  <no-tag>                hal-server                           D  ACDBFILE_MGR:Read the devices count as zero, please check the acdb file
2025-07-30 16:45:29.214   449-1002  ACDB-LOADER             hal-server                           D  ACDB -> ACDB_CMD_GET_AUDPROC_GAIN_DEP_STEP_TABLE, vol index 0
2025-07-30 16:45:29.214   449-1002  <no-tag>                hal-server                           D  ACDBFILE_MGR:Read the devices count as zero, please check the acdb file
2025-07-30 16:45:29.214   449-1002  ACDB-LOADER             hal-server                           D  ACDB -> AUDIO_SET_VOL_CAL cal type = 12
2025-07-30 16:45:29.214   449-1002  ACDB-LOADER             hal-server                           D  ACDB -> ACDB_CMD_GET_AUDPROC_STREAM_TABLE_SIZE
2025-07-30 16:45:29.214   449-1002  ACDB-LOADER             hal-server                           D  ACDB -> send_audstrmtable
2025-07-30 16:45:29.214   449-1002  ACDB-LOADER             hal-server                           D  ACDB -> ACDB_CMD_GET_AUDPROC_STREAM_TABLE_V2
2025-07-30 16:45:29.214   449-1002  ACDB-LOADER             hal-server                           D  ACDB -> audstrm_cal->cal_type.cal_data.cal_size = 16
2025-07-30 16:45:29.214   449-1002  ACDB-LOADER             hal-server                           D  ACDB -> send_afe_topology
2025-07-30 16:45:29.214   449-1002  ACDB-LOADER             hal-server                           D  ACDB -> ACDB_CMD_GET_AFE_TOPOLOGY_ID
2025-07-30 16:45:29.215   449-1002  ACDB-LOADER             hal-server                           D  ACDB -> GET_AFE_TOPOLOGY_ID for adcd_id 14, Topology Id 112fc
2025-07-30 16:45:29.215   449-1002  ACDB-LOADER             hal-server                           D  ACDB -> send_afe_cal
2025-07-30 16:45:29.215   449-1002  ACDB-LOADER             hal-server                           D  ACDB -> ACDB_CMD_GET_AFE_COMMON_TABLE_SIZE
2025-07-30 16:45:29.215   449-1002  <no-tag>                hal-server                           D  ACDBFILE_MGR:Read the devices count as zero, please check the acdb file
2025-07-30 16:45:29.215   449-1002  <no-tag>                hal-server                           D  Failed to fetch the lookup information of the device 0000000E 
2025-07-30 16:45:29.215   449-1002  ACDB-LOADER             hal-server                           E  Error: ACDB_CMD_GET_AFE_COMMON_TABLE_SIZE Returned = -19
2025-07-30 16:45:29.215   449-1002  ACDB-LOADER             hal-server                           D  ACDB -> ACDB_CMD_GET_AFE_COMMON_TABLE
2025-07-30 16:45:29.215   449-1002  <no-tag>                hal-server                           D  ACDBFILE_MGR:Read the devices count as zero, please check the acdb file
2025-07-30 16:45:29.215   449-1002  <no-tag>                hal-server                           D  Failed to fetch the lookup information of the device 0000000E 
2025-07-30 16:45:29.215   449-1002  ACDB-LOADER             hal-server                           E  Error: ACDB AFE returned = -19
2025-07-30 16:45:29.215   449-1002  ACDB-LOADER             hal-server                           D  ACDB -> AUDIO_SET_AFE_CAL
2025-07-30 16:45:29.215   449-1002  ACDB-LOADER             hal-server                           D  ACDB -> send_hw_delay : acdb_id = 14 path = 0
2025-07-30 16:45:29.215   449-1002  ACDB-LOADER             hal-server                           D  ACDB -> ACDB_AVSYNC_INFO: ACDB_CMD_GET_DEVICE_PROPERTY
2025-07-30 16:45:29.215   449-1002  audio_hw_primary        hal-server                           D  enable_audio_route: apply mixer and update path: low-latency-playback
2025-07-30 16:45:29.215   449-1002  audio_route             hal-server                           D  Apply path: low-latency-playback
2025-07-30 16:45:29.216   449-1002  audio_hw_primary        hal-server                           D  select_devices: done
2025-07-30 16:45:29.245   449-1002  msm8916_platform        hal-server                           D  platform_set_channel_map mixer_ctl_name:Playback Channel Map12
2025-07-30 16:45:29.246   449-1002  msm8916_platform        hal-server                           D  platform_set_channel_map: set mapping(1 2 0 0 0 0 0 0) for channel:2
2025-07-30 16:45:29.246   449-1002  audio_hw_primary        hal-server                           D  start_output_stream: exit
2025-07-30 16:45:29.487   650-721   ThermalEngine           thermal-engine                       D  sensor_wait: xo_therm Wait done.
2025-07-30 16:45:29.488   650-721   ThermalEngine           thermal-engine                       D  sensor_monitor: xo_therm Reading 36000 .
2025-07-30 16:45:29.488   650-721   ThermalEngine           thermal-engine                       I  Sensor:xo_therm:36000 mC
2025-07-30 16:45:29.488   650-721   ThermalEngine           thermal-engine                       D  update_active_thresh: xo_therm Active(1), Hi(1) 44000, Lo(0) -2147483648, desc(0) Interval(1) 10000
2025-07-30 16:45:29.488   650-721   ThermalEngine           thermal-engine                       D  sensor_monitor: xo_therm Sensor wait.
2025-07-30 16:45:29.488   650-721   ThermalEngine           thermal-engine                       D  sensor_wait: xo_therm Wait start. 10000ms
2025-07-30 16:45:30.845  1487-1487  SignalClusterView       com.android.systemui                 D   apply mNoSimsVisible = true; mIsAirplaneMode = false; mPhoneStates.size() = 0
2025-07-30 16:45:31.861  1487-1487  chatty                  com.android.systemui                 I  uid=10032(com.android.systemui) identical 14 lines
2025-07-30 16:45:31.861  1487-1487  SignalClusterView       com.android.systemui                 D   apply mNoSimsVisible = true; mIsAirplaneMode = false; mPhoneStates.size() = 0
2025-07-30 16:45:32.409   449-1179  audio_hw_primary        hal-server                           D  out_standby: enter: stream (0xac7ab000) usecase(1: low-latency-playback)
2025-07-30 16:45:32.505   449-1179  audio_hw_primary        hal-server                           D  disable_audio_route: reset and update mixer path: low-latency-playback
2025-07-30 16:45:32.505   449-1179  soundtrigger            hal-server                           D  audio_extn_sound_trigger_update_stream_status: uc_id 1 of type 0 for Event 2, with Raise=0
2025-07-30 16:45:32.505   449-1179  hardware_info           hal-server                           D  hw_info_append_hw_type : device_name = speaker
2025-07-30 16:45:32.505   449-1179  audio_hw_primary        hal-server                           D  disable_snd_device: snd_device(2: speaker)
2025-07-30 16:45:32.505   449-1179  msm8916_platform        hal-server                           D  platform_split_snd_device: snd_device(2) num devices(0) new_snd_devices(0)
2025-07-30 16:45:32.509   449-1179  soundtrigger            hal-server                           I  audio_extn_sound_trigger_update_device_status: device 0x2 of type 0 for Event 0, with Raise=0
2025-07-30 16:45:32.509   449-1179  audio_hw_primary        hal-server                           D  out_standby: exit
2025-07-30 16:45:36.855  1487-1487  SignalClusterView       com.android.systemui                 D   apply mNoSimsVisible = true; mIsAirplaneMode = false; mPhoneStates.size() = 0


CHIUDO L'APPLCAZIONE




2025-07-30 16:46:04.167  1248-2718  ActivityManager         system_server                        I  Killing 3688:com.google.process.gapps/u0a7 (adj 906): empty #5
2025-07-30 16:46:02.911  1487-1487  chatty                  com.android.systemui                 I  uid=10032(com.android.systemui) identical 14 lines
2025-07-30 16:46:02.911  1487-1487  SignalClusterView       com.android.systemui                 D   apply mNoSimsVisible = true; mIsAirplaneMode = false; mPhoneStates.size() = 0
2025-07-30 16:46:04.168  1248-1264  zygote                  system_server                        W  kill(-3688, 9) failed: No such process
2025-07-30 16:46:04.171  1248-2718  ActivityManager         system_server                        I  Killing 3509:com.example.zap_it_mobile/u0a89 (adj 900): remove task
2025-07-30 16:46:04.213  1248-1264  zygote                  system_server                        W  kill(-3688, 9) failed: No such process
2025-07-30 16:46:04.214  1248-1264  zygote                  system_server                        I  Successfully killed process cgroup uid 10007 pid 3688 in 45ms
2025-07-30 16:46:04.214  1248-1264  zygote                  system_server                        W  kill(-3509, 9) failed: No such process
2025-07-30 16:46:04.294  1248-2266  ConnectivityService     system_server                        D  ConnectivityService NetworkRequestInfo binderDied(NetworkRequest [ TRACK_DEFAULT id=624, [ Capabilities: INTERNET&NOT_RESTRICTED&TRUSTED&NOT_VPN] ], android.os.BinderProxy@1626528)
2025-07-30 16:46:04.294  1248-2718  WindowManager           system_server                        I  WIN DEATH: Window{97d2231 u0 com.example.zap_it_mobile/com.example.zap_it_mobile.MainActivity}
2025-07-30 16:46:04.295  1248-1420  ConnectivityService     system_server                        D  releasing NetworkRequest [ TRACK_DEFAULT id=624, [ Capabilities: INTERNET&NOT_RESTRICTED&TRUSTED&NOT_VPN] ] (release request)
2025-07-30 16:46:04.294  1248-1734  ConnectivityService     system_server                        D  ConnectivityService NetworkRequestInfo binderDied(NetworkRequest [ TRACK_DEFAULT id=625, [ Capabilities: INTERNET&NOT_RESTRICTED&TRUSTED&NOT_VPN] ], android.os.BinderProxy@50d474b)
2025-07-30 16:46:04.225  1248-1264  chatty                  system_server                        I  uid=1000(system) ActivityManager identical 1 line
2025-07-30 16:46:04.269  1248-1264  zygote                  system_server                        W  kill(-3509, 9) failed: No such process
2025-07-30 16:46:04.300  1903-1903  QcrilMsgTu...aceManager com.qualcomm.qcrilmsgtunnel          D  handleMessage what = 1
2025-07-30 16:46:04.300  1248-1420  ConnectivityService     system_server                        D  releasing NetworkRequest [ TRACK_DEFAULT id=625, [ Capabilities: INTERNET&NOT_RESTRICTED&TRUSTED&NOT_VPN] ] (release request)
2025-07-30 16:46:04.301  1903-1903  QcrilOemhookMsgTunnel   com.qualcomm.qcrilmsgtunnel          I  [0]invokeOemRilRequestRaw: serial=2534 length=24
2025-07-30 16:46:04.304  1903-1946  QcrilOemhookMsgTunnel   com.qualcomm.qcrilmsgtunnel          I  [0]processOemHookResponse serial no: 2534 error: 0length=0
2025-07-30 16:46:04.304  1903-1903  QcrilMsgTu...aceManager com.qualcomm.qcrilmsgtunnel          D  handleMessage what = 2
2025-07-30 16:46:04.306  1903-1903  QcrilMsgTu...aceManager com.qualcomm.qcrilmsgtunnel          D  handleMessage what = 1
2025-07-30 16:46:04.306  1903-1946  QcrilOemhookMsgTunnel   com.qualcomm.qcrilmsgtunnel          I  [0]processOemHookIndication length=28
2025-07-30 16:46:04.307  1903-1903  QcrilOemhookMsgTunnel   com.qualcomm.qcrilmsgtunnel          I  [1]invokeOemRilRequestRaw: serial=2535 length=24
2025-07-30 16:46:04.307  1903-1903  QcrilMsgTu...aceManager com.qualcomm.qcrilmsgtunnel          D  handleMessage what = 0
2025-07-30 16:46:04.309  1903-1946  QcrilOemhookMsgTunnel   com.qualcomm.qcrilmsgtunnel          I  [1]processOemHookResponse serial no: 2535 error: 0length=0
2025-07-30 16:46:04.312  1248-1264  zygote                  system_server                        W  kill(-3509, 9) failed: No such process
2025-07-30 16:46:04.315  1903-1946  QcrilOemhookMsgTunnel   com.qualcomm.qcrilmsgtunnel          I  [1]processOemHookIndication length=28
2025-07-30 16:46:04.315  1248-1269  ActivityManager         system_server                        W  setHasOverlayUi called on unknown pid: 3509
2025-07-30 16:46:04.317  1903-1903  QcrilMsgTu...aceManager com.qualcomm.qcrilmsgtunnel          D  handleMessage what = 2
2025-07-30 16:46:04.317  1903-1903  QcrilMsgTu...aceManager com.qualcomm.qcrilmsgtunnel          D  handleMessage what = 0
2025-07-30 16:46:04.321  1903-1903  QcrilMsgTu...aceManager com.qualcomm.qcrilmsgtunnel          D  handleMessage what = 1
2025-07-30 16:46:04.322  1903-1903  QcrilOemhookMsgTunnel   com.qualcomm.qcrilmsgtunnel          I  [0]invokeOemRilRequestRaw: serial=2536 length=24
2025-07-30 16:46:04.323  1903-1946  QcrilOemhookMsgTunnel   com.qualcomm.qcrilmsgtunnel          I  [0]processOemHookResponse serial no: 2536 error: 0length=0
2025-07-30 16:46:04.324  1903-1903  QcrilMsgTu...aceManager com.qualcomm.qcrilmsgtunnel          D  handleMessage what = 2
2025-07-30 16:46:04.325  1903-1903  QcrilMsgTu...aceManager com.qualcomm.qcrilmsgtunnel          D  handleMessage what = 1
2025-07-30 16:46:04.326  1903-1946  QcrilOemhookMsgTunnel   com.qualcomm.qcrilmsgtunnel          I  [0]processOemHookIndication length=28
2025-07-30 16:46:04.326  1903-1903  QcrilOemhookMsgTunnel   com.qualcomm.qcrilmsgtunnel          I  [1]invokeOemRilRequestRaw: serial=2537 length=24
2025-07-30 16:46:04.326  1903-1903  QcrilMsgTu...aceManager com.qualcomm.qcrilmsgtunnel          D  handleMessage what = 0
2025-07-30 16:46:04.329  1903-1946  QcrilOemhookMsgTunnel   com.qualcomm.qcrilmsgtunnel          I  [1]processOemHookResponse serial no: 2537 error: 0length=0
2025-07-30 16:46:04.329  1903-1903  QcrilMsgTu...aceManager com.qualcomm.qcrilmsgtunnel          D  handleMessage what = 2
2025-07-30 16:46:04.332  1248-2718  ActivityManager         system_server                        I  START u0 {act=android.intent.action.MAIN cat=[android.intent.category.HOME] flg=0x10200000 cmp=com.mi.android.go.globallauncher/com.miui.home.launcher.ui.Launcher} from uid 10032
2025-07-30 16:46:04.334  1903-1946  QcrilOemhookMsgTunnel   com.qualcomm.qcrilmsgtunnel          I  [1]processOemHookIndication length=28
2025-07-30 16:46:04.334  1903-1903  QcrilMsgTu...aceManager com.qualcomm.qcrilmsgtunnel          D  handleMessage what = 0
2025-07-30 16:46:04.338   452-476   ANDR-PERF-RESOURCEQS    ven...qti.hardware.perf@1.0-service  E  Failed to apply optimization [4, 0]
2025-07-30 16:46:04.338  1248-2718  ActivityTrigger         system_server                        D  activityResumeTrigger: The activity in ApplicationInfo{dcabb36 com.mi.android.go.globallauncher} is now in focus and seems to be in full-screen mode
2025-07-30 16:46:04.338  1248-2718  ActivityTrigger         system_server                        E  activityResumeTrigger: not whiteListedcom.mi.android.go.globallauncher/com.miui.home.launcher.ui.Launcher/1010410
2025-07-30 16:46:04.338  1248-2718  ActivityTrigger         system_server                        D  ActivityTrigger activityPauseTrigger 
2025-07-30 16:46:04.346  1248-2718  CompatibilityInfo       system_server                        D  mCompatibilityFlags - 0
2025-07-30 16:46:04.346  1248-2718  CompatibilityInfo       system_server                        D  applicationDensity - 320
2025-07-30 16:46:04.346  1248-2718  CompatibilityInfo       system_server                        D  applicationScale - 1.0
2025-07-30 16:46:04.350   478-672   Adreno-ES20             com.mi.android.go.globallauncher     W  <core_glFinish:34>: glFinish skipped: 0
2025-07-30 16:46:04.351   478-672   Adreno-ES20             com.mi.android.go.globallauncher     W  <core_glFinish:34>: glFinish skipped: 0
2025-07-30 16:46:04.355  1248-1264  zygote                  system_server                        W  kill(-3509, 9) failed: No such process
2025-07-30 16:46:04.355  1248-1264  zygote                  system_server                        I  Successfully killed process cgroup uid 10089 pid 3509 in 141ms
2025-07-30 16:46:04.357  1248-1262  ActivityTrigger         system_server                        D  ActivityTrigger activityStopTrigger 
2025-07-30 16:46:04.372  1487-1801  Adreno-ES20             com.android.systemui                 W  <core_glFinish:34>: glFinish skipped: 0
2025-07-30 16:46:04.374  1487-1801  chatty                  com.android.systemui                 I  uid=10032(com.android.systemui) RenderThread identical 2 lines
2025-07-30 16:46:04.375  1487-1801  Adreno-ES20             com.android.systemui                 W  <core_glFinish:34>: glFinish skipped: 0
2025-07-30 16:46:04.425   478-672   Adreno-EGL              com.mi.android.go.globallauncher     W  <qeglDrvAPI_eglGetConfigAttrib:612>: EGL_BAD_ATTRIBUTE
2025-07-30 16:46:04.446  3137-3137  GoogleInpu...hodService com...gle.android.inputmethod.latin  I  GoogleInputMethodService.onFinishInput():2045 
2025-07-30 16:46:04.447  3137-3137  Module                  com...gle.android.inputmethod.latin  I  DeviceLockedStatusModuleProvider$Module.updateDeviceLockedStatus():100 repeatCheckTimes = 0, locked = false
2025-07-30 16:46:04.448  3137-3137  GoogleInpu...hodService com...gle.android.inputmethod.latin  I  GoogleInputMethodService.onStartInput():1311 onStartInput(EditorInfo{EditorInfo{packageName=com.mi.android.go.globallauncher, inputType=0, inputTypeString=NULL, enableLearning=false, autoCorrection=false, autoComplete=false, imeOptions=0, privateImeOptions=null, actionName=UNSPECIFIED, actionLabel=null, initialSelStart=-1, initialSelEnd=-1, initialCapsMode=0, label=null, fieldId=2131755235, fieldName=null, extras=null, hintText=null, hintLocales=[]}}, false)
2025-07-30 16:46:04.449  3137-3137  Module                  com...gle.android.inputmethod.latin  I  DeviceLockedStatusModuleProvider$Module.updateDeviceLockedStatus():100 repeatCheckTimes = 1, locked = false
2025-07-30 16:46:04.470  1487-3856  zygote                  com.android.systemui                 I  Explicit concurrent copying GC freed 24511(1127KB) AllocSpace objects, 0(0B) LOS objects, 49% free, 5MB/10MB, paused 149us total 96.255ms
2025-07-30 16:46:04.493  1487-1801  Adreno-ES20             com.android.systemui                 W  <core_glFinish:34>: glFinish skipped: 0
2025-07-30 16:46:04.494  1487-1801  Adreno-ES20             com.android.systemui                 W  <core_glFinish:34>: glFinish skipped: 0
2025-07-30 16:46:04.904  1487-1487  SignalClusterView       com.android.systemui                 D   apply mNoSimsVisible = true; mIsAirplaneMode = false; mPhoneStates.size() = 0





RIAPRO L'APPLICAZIONE





2025-07-30 16:46:19.497   650-721   ThermalEngine           thermal-engine                       D  sensor_wait: xo_therm Wait start. 10000ms
2025-07-30 16:46:29.407  3137-3137  GoogleInpu...hodService com...gle.android.inputmethod.latin  I  GoogleInputMethodService.onFinishInput():2045 
2025-07-30 16:46:29.408  3137-3137  Module                  com...gle.android.inputmethod.latin  I  DeviceLockedStatusModuleProvider$Module.updateDeviceLockedStatus():100 repeatCheckTimes = 0, locked = false
2025-07-30 16:46:29.409  3137-3137  GoogleInpu...hodService com...gle.android.inputmethod.latin  I  GoogleInputMethodService.onStartInput():1311 onStartInput(EditorInfo{EditorInfo{packageName=com.mi.android.go.globallauncher, inputType=0, inputTypeString=NULL, enableLearning=false, autoCorrection=false, autoComplete=false, imeOptions=0, privateImeOptions=null, actionName=UNSPECIFIED, actionLabel=null, initialSelStart=-1, initialSelEnd=-1, initialCapsMode=0, label=null, fieldId=2131755163, fieldName=null, extras=null, hintText=null, hintLocales=[]}}, false)
2025-07-30 16:46:29.414  3137-3137  Module                  com...gle.android.inputmethod.latin  I  DeviceLockedStatusModuleProvider$Module.updateDeviceLockedStatus():100 repeatCheckTimes = 1, locked = false
2025-07-30 16:46:29.497   650-721   ThermalEngine           thermal-engine                       D  sensor_wait: xo_therm Wait done.
2025-07-30 16:46:29.498   650-721   ThermalEngine           thermal-engine                       D  sensor_monitor: xo_therm Reading 35000 .
2025-07-30 16:46:29.498   650-721   ThermalEngine           thermal-engine                       I  Sensor:xo_therm:35000 mC
2025-07-30 16:46:29.499   650-721   ThermalEngine           thermal-engine                       D  update_active_thresh: xo_therm Active(1), Hi(1) 44000, Lo(0) -2147483648, desc(0) Interval(1) 10000
2025-07-30 16:46:29.499   650-721   ThermalEngine           thermal-engine                       D  sensor_monitor: xo_therm Sensor wait.
2025-07-30 16:46:29.499   650-721   ThermalEngine           thermal-engine                       D  sensor_wait: xo_therm Wait start. 10000ms
2025-07-30 16:46:29.949  1487-1487  SignalClusterView       com.android.systemui                 D   apply mNoSimsVisible = true; mIsAirplaneMode = false; mPhoneStates.size() = 0
2025-07-30 16:46:29.961  1487-1487  chatty                  com.android.systemui                 I  uid=10032(com.android.systemui) identical 6 lines
2025-07-30 16:46:29.961  1487-1487  SignalClusterView       com.android.systemui                 D   apply mNoSimsVisible = true; mIsAirplaneMode = false; mPhoneStates.size() = 0
2025-07-30 16:46:31.961  3137-3257  PhenotypeProcessReaper  com...gle.android.inputmethod.latin  I  Memory state is: 200
2025-07-30 16:46:34.144   478-478   zygote                  com.mi.android.go.globallauncher     I  Deoptimizing android.view.View android.support.v7.widget.av.a(int, int, int, int) due to JIT inline cache
2025-07-30 16:46:34.145   478-478   zygote                  com.mi.android.go.globallauncher     I  Deoptimizing int android.support.v7.widget.RecyclerView$h$2.a(android.view.View) due to JIT inline cache
2025-07-30 16:46:34.145   478-478   zygote                  com.mi.android.go.globallauncher     I  Deoptimizing int android.support.v7.widget.RecyclerView$h.f(android.view.View) due to JIT inline cache
2025-07-30 16:46:34.146   478-478   zygote                  com.mi.android.go.globallauncher     I  Deoptimizing int android.support.v7.widget.RecyclerView$h$2.b(android.view.View) due to JIT inline cache
2025-07-30 16:46:34.958  1487-1487  SignalClusterView       com.android.systemui                 D   apply mNoSimsVisible = true; mIsAirplaneMode = false; mPhoneStates.size() = 0
2025-07-30 16:46:35.199  1248-1259  ActivityManager         system_server                        I  START u0 {act=android.intent.action.MAIN cat=[android.intent.category.LAUNCHER] flg=0x10200000 cmp=com.example.zap_it_mobile/.MainActivity bnds=[218,956][340,1078] (has extras)} from uid 10035
2025-07-30 16:46:34.978  1487-1487  chatty                  com.android.systemui                 I  uid=10032(com.android.systemui) identical 6 lines
2025-07-30 16:46:34.978  1487-1487  SignalClusterView       com.android.systemui                 D   apply mNoSimsVisible = true; mIsAirplaneMode = false; mPhoneStates.size() = 0
2025-07-30 16:46:35.202   655-1915  AudioPolic...agerCustom audioserver                          I  FLAG None hence request for a primary output
2025-07-30 16:46:35.203   655-1915  AudioPolic...agerCustom audioserver                          I  FLAG None hence request for a primary output
2025-07-30 16:46:35.203   452-476   ANDR-PERF-RESOURCEQS    ven...qti.hardware.perf@1.0-service  E  Failed to apply optimization [4, 0]
2025-07-30 16:46:35.204   449-1179  audio_hw_spkr_prot      hal-server                           D  audio_extn_fbsp_get_parameters: Speaker protection disabled
2025-07-30 16:46:35.204   449-1179  audio_hw_extn           hal-server                           D  audio_extn_get_parameters: returns 
2025-07-30 16:46:35.204   449-1179  wt_audio_cust           hal-server                           D  wt_audio_mmi_get_parameter: exit: returns - mmi_test=false
2025-07-30 16:46:35.204   655-945   hash_map_utils          audioserver                          I  key: 'mmi_test' value: ''
2025-07-30 16:46:35.204   655-945   AudioPolic...agerCustom audioserver                          D  checkAndSetVolume() mmi_test_enabled 0
2025-07-30 16:46:35.205   449-1002  audio_hw_primary        hal-server                           D  start_output_stream: enter: stream(0xac7ab000)usecase(1: low-latency-playback) devices(0x2)
2025-07-30 16:46:35.206   336-336   /system/bi...icemanager hwservicemanager                     W  getTransport: Cannot find entry vendor.qti.hardware.iop@1.0::IIop/default in either framework or device manifest.
2025-07-30 16:46:35.206   449-1002  audio_hw_primary        hal-server                           D  select_devices for use case (low-latency-playback)
2025-07-30 16:46:35.206   449-1002  audio_hw_primary        hal-server                           D  select_devices: out_snd_device(2: speaker) in_snd_device(0: )
2025-07-30 16:46:35.206   449-1002  msm8916_platform        hal-server                           I  platform_check_and_set_codec_backend_cfg:becf: afe: bitwidth 16, samplerate 48000 channels 2, backend_idx 0 usecase = 1 device (speaker)
2025-07-30 16:46:35.206   449-1002  msm8916_platform        hal-server                           D  platform_split_snd_device: snd_device(2) num devices(1) new_snd_devices(0)
2025-07-30 16:46:35.206   449-1002  msm8916_platform        hal-server                           I  platform_check_and_set_codec_backend_cfg: becf: new_snd_devices[0] is speaker
2025-07-30 16:46:35.206   449-1002  msm8916_platform        hal-server                           I  platform_check_codec_backend_cfg:becf: afe: Codec selected backend: 0 current bit width: 16 sample rate: 48000 channels: 2 usecase 1 device (speaker)
2025-07-30 16:46:35.206   449-1002  msm8916_platform        hal-server                           D  platform_check_codec_backend_cfg:becf: afe: playback on codec device not supporting native playback set default Sample Rate(48k)
2025-07-30 16:46:35.206   449-1002  msm8916_platform        hal-server                           D  platform_check_codec_backend_cfg:becf: afe: only 48KHZ sample rate is supported Configure afe to default Sample Rate(48k)
2025-07-30 16:46:35.206   449-1002  msm8916_platform        hal-server                           I  platform_check_codec_backend_cfg:becf: afe: Codec selected backend: 0 updated bit width: 16 sample rate: 48000 channels: 2
2025-07-30 16:46:35.206   449-1002  audio_hw_primary        hal-server                           D  check_usecases_codec_backend:becf: force routing 0
2025-07-30 16:46:35.206  1248-1259  ANDR-PERF-JNI           system_server                        E  Iop tryGetService failed
2025-07-30 16:46:35.206   449-1002  msm8916_platform        hal-server                           E  platform_check_backends_match: Invalid snd_device = 
2025-07-30 16:46:35.206   449-1002  audio_hw_primary        hal-server                           D  check_usecases_codec_backend:becf: (59) check_usecases curr device: speaker, usecase device: backends match 0
2025-07-30 16:46:35.206   449-1002  audio_hw_primary        hal-server                           D  check_usecases_codec_backend:becf: check_usecases num.of Usecases to switch 0
2025-07-30 16:46:35.206   449-1002  hardware_info           hal-server                           D  hw_info_append_hw_type : device_name = speaker
2025-07-30 16:46:35.206   449-1002  msm8916_platform        hal-server                           D  platform_split_snd_device: snd_device(2) num devices(0) new_snd_devices(0)
2025-07-30 16:46:35.206   449-1002  audio_hw_primary        hal-server                           D  enable_snd_device: snd_device(2: speaker)
2025-07-30 16:46:35.206   449-1002  soundtrigger            hal-server                           I  audio_extn_sound_trigger_update_device_status: device 0x2 of type 0 for Event 1, with Raise=0
2025-07-30 16:46:35.206   449-1002  audio_route             hal-server                           D  Apply path: speaker
2025-07-30 16:46:35.208   452-476   ANDR-PERF-RESOURCEQS    ven...qti.hardware.perf@1.0-service  E  Failed to apply optimization [4, 0]
2025-07-30 16:46:35.213   449-1002  soundtrigger            hal-server                           D  audio_extn_sound_trigger_update_stream_status: uc_id 1 of type 0 for Event 3, with Raise=0
2025-07-30 16:46:35.213   449-1002  audio_hw_utils          hal-server                           D  audio_extn_utils_send_app_type_cfg: usecase->out_snd_device speaker
2025-07-30 16:46:35.213   449-1002  msm8916_platform        hal-server                           D  platform_split_snd_device: snd_device(2) num devices(0) new_snd_devices(0)
2025-07-30 16:46:35.213   449-1002  msm8916_platform        hal-server                           E  platform_get_snd_device_backend_index: BE DAI Name Table is not present
2025-07-30 16:46:35.214   449-1002  audio_hw_utils          hal-server                           E  send_app_type_cfg_for_device: Couldn't get the backend index for snd device speaker ret=-14
2025-07-30 16:46:35.214   449-1002  audio_hw_utils          hal-server                           D  audio_extn_btsco_get_sample_rate:Not a BT SCO device, need not update sampling rate
2025-07-30 16:46:35.214   449-1002  audio_hw_utils          hal-server                           I  send_app_type_cfg_for_device PLAYBACK app_type 69937, acdb_dev_id 14, sample_rate 48000, snd_device_be_idx -14
2025-07-30 16:46:35.214   449-1002  msm8916_platform        hal-server                           D  platform_split_snd_device: snd_device(2) num devices(1) new_snd_devices(0)
2025-07-30 16:46:35.214   449-1002  ACDB-LOADER             hal-server                           D  ACDB -> send_audio_cal, acdb_id = 14, path = 0, app id = 0x11131, sample rate = 48000
2025-07-30 16:46:35.214   449-1002  ACDB-LOADER             hal-server                           D  ACDB -> send_asm_topology
2025-07-30 16:46:35.214   449-1002  ACDB-LOADER             hal-server                           D  ACDB -> ACDB_CMD_GET_AUDPROC_STREAM_TOPOLOGY_ID
2025-07-30 16:46:35.214   449-1002  ACDB-LOADER             hal-server                           D  ACDB -> send_adm_topology
2025-07-30 16:46:35.214   449-1002  ACDB-LOADER             hal-server                           D  ACDB -> ACDB_CMD_GET_AUDPROC_COMMON_TOPOLOGY_ID
2025-07-30 16:46:35.214   449-1002  ACDB-LOADER             hal-server                           D  ACDB -> send_audtable
2025-07-30 16:46:35.214   449-1002  ACDB-LOADER             hal-server                           D  ACDB -> ACDB_CMD_GET_AUDPROC_COMMON_TABLE_SIZE
2025-07-30 16:46:35.214   449-1002  <no-tag>                hal-server                           D  ACDBFILE_MGR:Read the devices count as zero, please check the acdb file
2025-07-30 16:46:35.214   449-1002  ACDB-LOADER             hal-server                           D  ACDB -> ACDB_CMD_GET_AUDPROC_COMMON_TABLE
2025-07-30 16:46:35.214   449-1002  <no-tag>                hal-server                           D  ACDBFILE_MGR:Read the devices count as zero, please check the acdb file
2025-07-30 16:46:35.214   449-1002  ACDB-LOADER             hal-server                           D  ACDB -> AUDIO_SET_AUDPROC_CAL
2025-07-30 16:46:35.214   449-1002  ACDB-LOADER             hal-server                           D  ACDB -> send_audvoltable
2025-07-30 16:46:35.214   449-1002  ACDB-LOADER             hal-server                           D  ACDB -> ACDB_CMD_GET_AUDPROC_VOL_STEP_TABLE_SIZE
2025-07-30 16:46:35.214   449-1002  <no-tag>                hal-server                           D  ACDBFILE_MGR:Read the devices count as zero, please check the acdb file
2025-07-30 16:46:35.214   449-1002  ACDB-LOADER             hal-server                           D  ACDB -> ACDB_CMD_GET_AUDPROC_GAIN_DEP_STEP_TABLE, vol index 0
2025-07-30 16:46:35.215   449-1002  <no-tag>                hal-server                           D  ACDBFILE_MGR:Read the devices count as zero, please check the acdb file
2025-07-30 16:46:35.215   449-1002  ACDB-LOADER             hal-server                           D  ACDB -> AUDIO_SET_VOL_CAL cal type = 12
2025-07-30 16:46:35.215   449-1002  ACDB-LOADER             hal-server                           D  ACDB -> ACDB_CMD_GET_AUDPROC_STREAM_TABLE_SIZE
2025-07-30 16:46:35.215   449-1002  ACDB-LOADER             hal-server                           D  ACDB -> send_audstrmtable
2025-07-30 16:46:35.215   449-1002  ACDB-LOADER             hal-server                           D  ACDB -> ACDB_CMD_GET_AUDPROC_STREAM_TABLE_V2
2025-07-30 16:46:35.215   449-1002  ACDB-LOADER             hal-server                           D  ACDB -> audstrm_cal->cal_type.cal_data.cal_size = 16
2025-07-30 16:46:35.215   449-1002  ACDB-LOADER             hal-server                           D  ACDB -> send_afe_topology
2025-07-30 16:46:35.215   449-1002  ACDB-LOADER             hal-server                           D  ACDB -> ACDB_CMD_GET_AFE_TOPOLOGY_ID
2025-07-30 16:46:35.215   449-1002  ACDB-LOADER             hal-server                           D  ACDB -> GET_AFE_TOPOLOGY_ID for adcd_id 14, Topology Id 112fc
2025-07-30 16:46:35.215   449-1002  ACDB-LOADER             hal-server                           D  ACDB -> send_afe_cal
2025-07-30 16:46:35.215   449-1002  ACDB-LOADER             hal-server                           D  ACDB -> ACDB_CMD_GET_AFE_COMMON_TABLE_SIZE
2025-07-30 16:46:35.215   449-1002  <no-tag>                hal-server                           D  ACDBFILE_MGR:Read the devices count as zero, please check the acdb file
2025-07-30 16:46:35.215   449-1002  <no-tag>                hal-server                           D  Failed to fetch the lookup information of the device 0000000E 
2025-07-30 16:46:35.215   449-1002  ACDB-LOADER             hal-server                           E  Error: ACDB_CMD_GET_AFE_COMMON_TABLE_SIZE Returned = -19
2025-07-30 16:46:35.215   449-1002  ACDB-LOADER             hal-server                           D  ACDB -> ACDB_CMD_GET_AFE_COMMON_TABLE
2025-07-30 16:46:35.215   449-1002  <no-tag>                hal-server                           D  ACDBFILE_MGR:Read the devices count as zero, please check the acdb file
2025-07-30 16:46:35.215   449-1002  <no-tag>                hal-server                           D  Failed to fetch the lookup information of the device 0000000E 
2025-07-30 16:46:35.215   449-1002  ACDB-LOADER             hal-server                           E  Error: ACDB AFE returned = -19
2025-07-30 16:46:35.215   449-1002  ACDB-LOADER             hal-server                           D  ACDB -> AUDIO_SET_AFE_CAL
2025-07-30 16:46:35.215   449-1002  ACDB-LOADER             hal-server                           D  ACDB -> send_hw_delay : acdb_id = 14 path = 0
2025-07-30 16:46:35.215   449-1002  ACDB-LOADER             hal-server                           D  ACDB -> ACDB_AVSYNC_INFO: ACDB_CMD_GET_DEVICE_PROPERTY
2025-07-30 16:46:35.215   449-1002  audio_hw_primary        hal-server                           D  enable_audio_route: apply mixer and update path: low-latency-playback
2025-07-30 16:46:35.215   449-1002  audio_route             hal-server                           D  Apply path: low-latency-playback
2025-07-30 16:46:35.216   449-1002  audio_hw_primary        hal-server                           D  select_devices: done
2025-07-30 16:46:35.216  1248-1259  ActivityTrigger         system_server                        D  activityStartTrigger: Activity is Triggerred in full screen ApplicationInfo{542a862 com.example.zap_it_mobile}
2025-07-30 16:46:35.216  1248-1259  ActivityTrigger         system_server                        E  activityStartTrigger: not whiteListedcom.example.zap_it_mobile/com.example.zap_it_mobile.MainActivity/1
2025-07-30 16:46:35.216  1248-1259  CompatibilityInfo       system_server                        D  mCompatibilityFlags - 0
2025-07-30 16:46:35.216  1248-1259  CompatibilityInfo       system_server                        D  applicationDensity - 320
2025-07-30 16:46:35.216  1248-1259  CompatibilityInfo       system_server                        D  applicationScale - 1.0
2025-07-30 16:46:35.217  1248-1259  ActivityTrigger         system_server                        D  activityResumeTrigger: The activity in ApplicationInfo{542a862 com.example.zap_it_mobile} is now in focus and seems to be in full-screen mode
2025-07-30 16:46:35.217  1248-1259  ActivityTrigger         system_server                        E  activityResumeTrigger: not whiteListedcom.example.zap_it_mobile/com.example.zap_it_mobile.MainActivity/1
2025-07-30 16:46:35.217  1248-1259  ActivityTrigger         system_server                        D  ActivityTrigger activityPauseTrigger 
2025-07-30 16:46:35.226  1248-3249  ActivityTrigger         system_server                        D  activityResumeTrigger: The activity in ApplicationInfo{542a862 com.example.zap_it_mobile} is now in focus and seems to be in full-screen mode
2025-07-30 16:46:35.227  1248-3249  ActivityTrigger         system_server                        E  activityResumeTrigger: not whiteListedcom.example.zap_it_mobile/com.example.zap_it_mobile.MainActivity/1
2025-07-30 16:46:35.244  1248-3249  ActivityManager         system_server                        I  Start proc 3844:com.example.zap_it_mobile/u0a89 for activity com.example.zap_it_mobile/.MainActivity
2025-07-30 16:46:35.246   452-476   ANDR-PERF-RESOURCEQS    ven...qti.hardware.perf@1.0-service  E  Failed to apply optimization [4, 0]
2025-07-30 16:46:35.252  3844-3844  zygote                  pid-3844                             I  Late-enabling -Xcheck:jni
2025-07-30 16:46:35.253   449-1002  msm8916_platform        hal-server                           D  platform_set_channel_map mixer_ctl_name:Playback Channel Map12
2025-07-30 16:46:35.254   449-1002  msm8916_platform        hal-server                           D  platform_set_channel_map: set mapping(1 2 0 0 0 0 0 0) for channel:2
2025-07-30 16:46:35.254   449-1002  audio_hw_primary        hal-server                           D  start_output_stream: exit
2025-07-30 16:46:35.284  3377-3851  AdvertisingIdClient     com.google.android.gms               D  AdvertisingIdClient already created.
2025-07-30 16:46:35.284  3377-3851  AdvertisingIdClient     com.google.android.gms               D  AdvertisingIdClient is not bounded. Starting to bind it...
2025-07-30 16:46:35.289  1248-3249  CompatibilityInfo       system_server                        D  mCompatibilityFlags - 0
2025-07-30 16:46:35.289  1248-3249  CompatibilityInfo       system_server                        D  applicationDensity - 320
2025-07-30 16:46:35.289  1248-3249  CompatibilityInfo       system_server                        D  applicationScale - 1.0
2025-07-30 16:46:35.294  3377-3851  AdvertisingIdClient     com.google.android.gms               D  AdvertisingIdClient is bounded
2025-07-30 16:46:35.297  3377-3851  AdvertisingIdClient     com.google.android.gms               I  shouldSendLog 145744235
2025-07-30 16:46:35.297  3377-3851  AdvertisingIdClient     com.google.android.gms               I  GetInfoInternal elapse 13ms
2025-07-30 16:46:35.318  1248-3249  CompatibilityInfo       system_server                        D  mCompatibilityFlags - 0
2025-07-30 16:46:35.318  1248-3249  CompatibilityInfo       system_server                        D  applicationDensity - 320
2025-07-30 16:46:35.318  1248-3249  CompatibilityInfo       system_server                        D  applicationScale - 1.0
2025-07-30 16:46:35.323  1248-3249  CompatibilityInfo       system_server                        D  mCompatibilityFlags - 0
2025-07-30 16:46:35.323  1248-3249  CompatibilityInfo       system_server                        D  applicationDensity - 320
2025-07-30 16:46:35.323  1248-3249  CompatibilityInfo       system_server                        D  applicationScale - 1.0
2025-07-30 16:46:35.352   478-672   Adreno-ES20             com.mi.android.go.globallauncher     W  <core_glFinish:34>: glFinish skipped: 0
2025-07-30 16:46:35.355   478-672   Adreno-ES20             com.mi.android.go.globallauncher     W  <core_glFinish:34>: glFinish skipped: 0
2025-07-30 16:46:35.368  2372-3681  NetworkScheduler        com.google.android.gms.persistent    I  (REDACTED) Error inserting %s
2025-07-30 16:46:35.586  3844-3844  FirebaseApp             com.example.zap_it_mobile            I  Device unlocked: initializing all Firebase APIs for app [DEFAULT]
2025-07-30 16:46:35.645  3844-3844  FirebaseInitProvider    com.example.zap_it_mobile            I  FirebaseApp initialization successful
2025-07-30 16:46:35.647  3844-3844  FLTFireContextHolder    com.example.zap_it_mobile            D  received application context.
2025-07-30 16:46:35.681  3844-3881  zygote                  com.example.zap_it_mobile            W  Unsupported class loader
2025-07-30 16:46:35.690  3844-3881  zygote                  com.example.zap_it_mobile            W  Skipping duplicate class check due to unsupported classloader
2025-07-30 16:46:35.702  3844-3881  DynamiteModule          com.example.zap_it_mobile            I  Considering local module com.google.android.gms.measurement.dynamite:152 and remote module com.google.android.gms.measurement.dynamite:154
2025-07-30 16:46:35.702  3844-3881  DynamiteModule          com.example.zap_it_mobile            I  Selected remote version of com.google.android.gms.measurement.dynamite, version >= 154
2025-07-30 16:46:35.703  3844-3881  DynamiteModule          com.example.zap_it_mobile            V  Dynamite loader version >= 2, using loadModule2NoCrashUtils
2025-07-30 16:46:35.715  3844-3844  zygote                  com.example.zap_it_mobile            I  Rejecting re-init on previously-failed class java.lang.Class<io.flutter.embedding.android.FlutterActivity$1>: java.lang.NoClassDefFoundError: Failed resolution of: Landroid/window/OnBackAnimationCallback;
2025-07-30 16:46:35.715  3844-3844  zygote                  com.example.zap_it_mobile            I    at java.lang.Object java.lang.Class.newInstance() (Class.java:-2)
2025-07-30 16:46:35.715  3844-3844  zygote                  com.example.zap_it_mobile            I    at android.app.Activity android.app.Instrumentation.newActivity(java.lang.ClassLoader, java.lang.String, android.content.Intent) (Instrumentation.java:1175)
2025-07-30 16:46:35.715  3844-3844  zygote                  com.example.zap_it_mobile            I    at android.app.Activity android.app.ActivityThread.performLaunchActivity(android.app.ActivityThread$ActivityClientRecord, android.content.Intent) (ActivityThread.java:2672)
2025-07-30 16:46:35.715  3844-3844  zygote                  com.example.zap_it_mobile            I    at void android.app.ActivityThread.handleLaunchActivity(android.app.ActivityThread$ActivityClientRecord, android.content.Intent, java.lang.String) (ActivityThread.java:2859)
2025-07-30 16:46:35.715  3844-3844  zygote                  com.example.zap_it_mobile            I    at void android.app.ActivityThread.-wrap11(android.app.ActivityThread, android.app.ActivityThread$ActivityClientRecord, android.content.Intent, java.lang.String) (ActivityThread.java:-1)
2025-07-30 16:46:35.715  3844-3844  zygote                  com.example.zap_it_mobile            I    at void android.app.ActivityThread$H.handleMessage(android.os.Message) (ActivityThread.java:1592)
2025-07-30 16:46:35.715  3844-3844  zygote                  com.example.zap_it_mobile            I    at void android.os.Handler.dispatchMessage(android.os.Message) (Handler.java:106)
2025-07-30 16:46:35.715  3844-3844  zygote                  com.example.zap_it_mobile            I    at void android.os.Looper.loop() (Looper.java:164)
2025-07-30 16:46:35.715  3844-3844  zygote                  com.example.zap_it_mobile            I    at void android.app.ActivityThread.main(java.lang.String[]) (ActivityThread.java:6518)
2025-07-30 16:46:35.715  3844-3844  zygote                  com.example.zap_it_mobile            I    at java.lang.Object java.lang.reflect.Method.invoke(java.lang.Object, java.lang.Object[]) (Method.java:-2)
2025-07-30 16:46:35.715  3844-3844  zygote                  com.example.zap_it_mobile            I    at void com.android.internal.os.RuntimeInit$MethodAndArgsCaller.run() (RuntimeInit.java:438)
2025-07-30 16:46:35.715  3844-3844  zygote                  com.example.zap_it_mobile            I    at void com.android.internal.os.ZygoteInit.main(java.lang.String[]) (ZygoteInit.java:807)
2025-07-30 16:46:35.715  3844-3844  zygote                  com.example.zap_it_mobile            I  Caused by: java.lang.ClassNotFoundException: Didn't find class "android.window.OnBackAnimationCallback" on path: DexPathList[[zip file "/data/app/com.example.zap_it_mobile-AziEfE4MwCrQr_yH2jZCjQ==/base.apk"],nativeLibraryDirectories=[/data/app/com.example.zap_it_mobile-AziEfE4MwCrQr_yH2jZCjQ==/lib/arm, /data/app/com.example.zap_it_mobile-AziEfE4MwCrQr_yH2jZCjQ==/base.apk!/lib/armeabi-v7a, /system/lib, /vendor/lib]]
2025-07-30 16:46:35.715  3844-3844  zygote                  com.example.zap_it_mobile            I    at java.lang.Class dalvik.system.BaseDexClassLoader.findClass(java.lang.String) (BaseDexClassLoader.java:125)
2025-07-30 16:46:35.715  3844-3844  zygote                  com.example.zap_it_mobile            I    at java.lang.Class java.lang.ClassLoader.loadClass(java.lang.String, boolean) (ClassLoader.java:379)
2025-07-30 16:46:35.715  3844-3844  zygote                  com.example.zap_it_mobile            I    at java.lang.Class java.lang.ClassLoader.loadClass(java.lang.String) (ClassLoader.java:312)
2025-07-30 16:46:35.715  3844-3844  zygote                  com.example.zap_it_mobile            I    at java.lang.Object java.lang.Class.newInstance() (Class.java:-2)
2025-07-30 16:46:35.715  3844-3844  zygote                  com.example.zap_it_mobile            I    at android.app.Activity android.app.Instrumentation.newActivity(java.lang.ClassLoader, java.lang.String, android.content.Intent) (Instrumentation.java:1175)
2025-07-30 16:46:35.715  3844-3844  zygote                  com.example.zap_it_mobile            I    at android.app.Activity android.app.ActivityThread.performLaunchActivity(android.app.ActivityThread$ActivityClientRecord, android.content.Intent) (ActivityThread.java:2672)
2025-07-30 16:46:35.715  3844-3844  zygote                  com.example.zap_it_mobile            I    at void android.app.ActivityThread.handleLaunchActivity(android.app.ActivityThread$ActivityClientRecord, android.content.Intent, java.lang.String) (ActivityThread.java:2859)
2025-07-30 16:46:35.715  3844-3844  zygote                  com.example.zap_it_mobile            I    at void android.app.ActivityThread.-wrap11(android.app.ActivityThread, android.app.ActivityThread$ActivityClientRecord, android.content.Intent, java.lang.String) (ActivityThread.java:-1)
2025-07-30 16:46:35.715  3844-3844  zygote                  com.example.zap_it_mobile            I    at void android.app.ActivityThread$H.handleMessage(android.os.Message) (ActivityThread.java:1592)
2025-07-30 16:46:35.715  3844-3844  zygote                  com.example.zap_it_mobile            I    at void android.os.Handler.dispatchMessage(android.os.Message) (Handler.java:106)
2025-07-30 16:46:35.715  3844-3844  zygote                  com.example.zap_it_mobile            I    at void android.os.Looper.loop() (Looper.java:164)
2025-07-30 16:46:35.715  3844-3844  zygote                  com.example.zap_it_mobile            I    at void android.app.ActivityThread.main(java.lang.String[]) (ActivityThread.java:6518)
2025-07-30 16:46:35.715  3844-3844  zygote                  com.example.zap_it_mobile            I    at java.lang.Object java.lang.reflect.Method.invoke(java.lang.Object, java.lang.Object[]) (Method.java:-2)
2025-07-30 16:46:35.715  3844-3844  zygote                  com.example.zap_it_mobile            I    at void com.android.internal.os.RuntimeInit$MethodAndArgsCaller.run() (RuntimeInit.java:438)
2025-07-30 16:46:35.715  3844-3844  zygote                  com.example.zap_it_mobile            I    at void com.android.internal.os.ZygoteInit.main(java.lang.String[]) (ZygoteInit.java:807)
2025-07-30 16:46:35.715  3844-3844  zygote                  com.example.zap_it_mobile            I  
2025-07-30 16:46:35.717  3844-3844  zygote                  com.example.zap_it_mobile            I  Rejecting re-init on previously-failed class java.lang.Class<io.flutter.embedding.android.FlutterActivity$1>: java.lang.NoClassDefFoundError: Failed resolution of: Landroid/window/OnBackAnimationCallback;
2025-07-30 16:46:35.717  3844-3844  zygote                  com.example.zap_it_mobile            I    at java.lang.Object java.lang.Class.newInstance() (Class.java:-2)
2025-07-30 16:46:35.717  3844-3844  zygote                  com.example.zap_it_mobile            I    at android.app.Activity android.app.Instrumentation.newActivity(java.lang.ClassLoader, java.lang.String, android.content.Intent) (Instrumentation.java:1175)
2025-07-30 16:46:35.717  3844-3844  zygote                  com.example.zap_it_mobile            I    at android.app.Activity android.app.ActivityThread.performLaunchActivity(android.app.ActivityThread$ActivityClientRecord, android.content.Intent) (ActivityThread.java:2672)
2025-07-30 16:46:35.717  3844-3844  zygote                  com.example.zap_it_mobile            I    at void android.app.ActivityThread.handleLaunchActivity(android.app.ActivityThread$ActivityClientRecord, android.content.Intent, java.lang.String) (ActivityThread.java:2859)
2025-07-30 16:46:35.717  3844-3844  zygote                  com.example.zap_it_mobile            I    at void android.app.ActivityThread.-wrap11(android.app.ActivityThread, android.app.ActivityThread$ActivityClientRecord, android.content.Intent, java.lang.String) (ActivityThread.java:-1)
2025-07-30 16:46:35.717  3844-3844  zygote                  com.example.zap_it_mobile            I    at void android.app.ActivityThread$H.handleMessage(android.os.Message) (ActivityThread.java:1592)
2025-07-30 16:46:35.717  3844-3844  zygote                  com.example.zap_it_mobile            I    at void android.os.Handler.dispatchMessage(android.os.Message) (Handler.java:106)
