2025-07-30 16:43:48.663  1487-1487  SignalClusterView       com.android.systemui                 D   apply mNoSimsVisible = true; mIsAirplaneMode = false; mPhoneStates.size() = 0
2025-07-30 16:43:48.678  1487-1487  chatty                  com.android.systemui                 I  uid=10032(com.android.systemui) identical 6 lines
2025-07-30 16:43:48.678  1487-1487  SignalClusterView       com.android.systemui                 D   apply mNoSimsVisible = true; mIsAirplaneMode = false; mPhoneStates.size() = 0
2025-07-30 16:43:48.746   655-1915  AudioPolic...agerCustom audioserver                          I  FLAG None hence request for a primary output
2025-07-30 16:43:48.747   655-1915  AudioPolic...agerCustom audioserver                          I  FLAG None hence request for a primary output
2025-07-30 16:43:48.748   449-1179  audio_hw_spkr_prot      hal-server                           D  audio_extn_fbsp_get_parameters: Speaker protection disabled
2025-07-30 16:43:48.748   449-1179  audio_hw_extn           hal-server                           D  audio_extn_get_parameters: returns 
2025-07-30 16:43:48.748   449-1179  wt_audio_cust           hal-server                           D  wt_audio_mmi_get_parameter: exit: returns - mmi_test=false
2025-07-30 16:43:48.748   655-945   hash_map_utils          audioserver                          I  key: 'mmi_test' value: ''
2025-07-30 16:43:48.749   655-945   AudioPolic...agerCustom audioserver                          D  checkAndSetVolume() mmi_test_enabled 0
2025-07-30 16:43:48.750   449-1002  audio_hw_primary        hal-server                           D  start_output_stream: enter: stream(0xac7ab000)usecase(1: low-latency-playback) devices(0x2)
2025-07-30 16:43:48.750  1248-1772  ActivityManager         system_server                        I  START u0 {act=android.intent.action.MAIN cat=[android.intent.category.LAUNCHER] flg=0x10200000 cmp=com.example.zap_it_mobile/.MainActivity bnds=[218,956][340,1078] (has extras)} from uid 10035
2025-07-30 16:43:48.750   449-1002  audio_hw_primary        hal-server                           D  select_devices for use case (low-latency-playback)
2025-07-30 16:43:48.750   449-1002  audio_hw_primary        hal-server                           D  select_devices: out_snd_device(2: speaker) in_snd_device(0: )
2025-07-30 16:43:48.750   449-1002  msm8916_platform        hal-server                           I  platform_check_and_set_codec_backend_cfg:becf: afe: bitwidth 16, samplerate 48000 channels 2, backend_idx 0 usecase = 1 device (speaker)
2025-07-30 16:43:48.750   449-1002  msm8916_platform        hal-server                           D  platform_split_snd_device: snd_device(2) num devices(1) new_snd_devices(0)
2025-07-30 16:43:48.750   449-1002  msm8916_platform        hal-server                           I  platform_check_and_set_codec_backend_cfg: becf: new_snd_devices[0] is speaker
2025-07-30 16:43:48.750   449-1002  msm8916_platform        hal-server                           I  platform_check_codec_backend_cfg:becf: afe: Codec selected backend: 0 current bit width: 16 sample rate: 48000 channels: 2 usecase 1 device (speaker)
2025-07-30 16:43:48.750   449-1002  msm8916_platform        hal-server                           D  platform_check_codec_backend_cfg:becf: afe: playback on codec device not supporting native playback set default Sample Rate(48k)
2025-07-30 16:43:48.750   449-1002  msm8916_platform        hal-server                           D  platform_check_codec_backend_cfg:becf: afe: only 48KHZ sample rate is supported Configure afe to default Sample Rate(48k)
2025-07-30 16:43:48.751   449-1002  msm8916_platform        hal-server                           I  platform_check_codec_backend_cfg:becf: afe: Codec selected backend: 0 updated bit width: 16 sample rate: 48000 channels: 2
2025-07-30 16:43:48.751   449-1002  audio_hw_primary        hal-server                           D  check_usecases_codec_backend:becf: force routing 0
2025-07-30 16:43:48.751   449-1002  msm8916_platform        hal-server                           E  platform_check_backends_match: Invalid snd_device = 
2025-07-30 16:43:48.751   449-1002  audio_hw_primary        hal-server                           D  check_usecases_codec_backend:becf: (59) check_usecases curr device: speaker, usecase device: backends match 0
2025-07-30 16:43:48.751   449-1002  audio_hw_primary        hal-server                           D  check_usecases_codec_backend:becf: check_usecases num.of Usecases to switch 0
2025-07-30 16:43:48.751   449-1002  hardware_info           hal-server                           D  hw_info_append_hw_type : device_name = speaker
2025-07-30 16:43:48.751   449-1002  msm8916_platform        hal-server                           D  platform_split_snd_device: snd_device(2) num devices(0) new_snd_devices(0)
2025-07-30 16:43:48.751   449-1002  audio_hw_primary        hal-server                           D  enable_snd_device: snd_device(2: speaker)
2025-07-30 16:43:48.751   449-1002  soundtrigger            hal-server                           I  audio_extn_sound_trigger_update_device_status: device 0x2 of type 0 for Event 1, with Raise=0
2025-07-30 16:43:48.751   449-1002  audio_route             hal-server                           D  Apply path: speaker
2025-07-30 16:43:48.753   452-476   ANDR-PERF-RESOURCEQS    ven...qti.hardware.perf@1.0-service  E  Failed to apply optimization [4, 0]
2025-07-30 16:43:48.754   336-336   /system/bi...icemanager hwservicemanager                     W  getTransport: Cannot find entry vendor.qti.hardware.iop@1.0::IIop/default in either framework or device manifest.
2025-07-30 16:43:48.754  1248-1772  ANDR-PERF-JNI           system_server                        E  Iop tryGetService failed
2025-07-30 16:43:48.756   449-1002  soundtrigger            hal-server                           D  audio_extn_sound_trigger_update_stream_status: uc_id 1 of type 0 for Event 3, with Raise=0
2025-07-30 16:43:48.756   449-1002  audio_hw_utils          hal-server                           D  audio_extn_utils_send_app_type_cfg: usecase->out_snd_device speaker
2025-07-30 16:43:48.756   449-1002  msm8916_platform        hal-server                           D  platform_split_snd_device: snd_device(2) num devices(0) new_snd_devices(0)
2025-07-30 16:43:48.756   452-476   ANDR-PERF-RESOURCEQS    ven...qti.hardware.perf@1.0-service  E  Failed to apply optimization [4, 0]
2025-07-30 16:43:48.756   449-1002  msm8916_platform        hal-server                           E  platform_get_snd_device_backend_index: BE DAI Name Table is not present
2025-07-30 16:43:48.756   449-1002  audio_hw_utils          hal-server                           E  send_app_type_cfg_for_device: Couldn't get the backend index for snd device speaker ret=-14
2025-07-30 16:43:48.756   449-1002  audio_hw_utils          hal-server                           D  audio_extn_btsco_get_sample_rate:Not a BT SCO device, need not update sampling rate
2025-07-30 16:43:48.756   449-1002  audio_hw_utils          hal-server                           I  send_app_type_cfg_for_device PLAYBACK app_type 69937, acdb_dev_id 14, sample_rate 48000, snd_device_be_idx -14
2025-07-30 16:43:48.756   449-1002  msm8916_platform        hal-server                           D  platform_split_snd_device: snd_device(2) num devices(1) new_snd_devices(0)
2025-07-30 16:43:48.756   449-1002  ACDB-LOADER             hal-server                           D  ACDB -> send_audio_cal, acdb_id = 14, path = 0, app id = 0x11131, sample rate = 48000
2025-07-30 16:43:48.756   449-1002  ACDB-LOADER             hal-server                           D  ACDB -> send_asm_topology
2025-07-30 16:43:48.756   449-1002  ACDB-LOADER             hal-server                           D  ACDB -> ACDB_CMD_GET_AUDPROC_STREAM_TOPOLOGY_ID
2025-07-30 16:43:48.756   449-1002  ACDB-LOADER             hal-server                           D  ACDB -> send_adm_topology
2025-07-30 16:43:48.756   449-1002  ACDB-LOADER             hal-server                           D  ACDB -> ACDB_CMD_GET_AUDPROC_COMMON_TOPOLOGY_ID
2025-07-30 16:43:48.757   449-1002  ACDB-LOADER             hal-server                           D  ACDB -> send_audtable
2025-07-30 16:43:48.757   449-1002  ACDB-LOADER             hal-server                           D  ACDB -> ACDB_CMD_GET_AUDPROC_COMMON_TABLE_SIZE
2025-07-30 16:43:48.757   449-1002  <no-tag>                hal-server                           D  ACDBFILE_MGR:Read the devices count as zero, please check the acdb file
2025-07-30 16:43:48.757   449-1002  ACDB-LOADER             hal-server                           D  ACDB -> ACDB_CMD_GET_AUDPROC_COMMON_TABLE
2025-07-30 16:43:48.757   449-1002  <no-tag>                hal-server                           D  ACDBFILE_MGR:Read the devices count as zero, please check the acdb file
2025-07-30 16:43:48.757   449-1002  ACDB-LOADER             hal-server                           D  ACDB -> AUDIO_SET_AUDPROC_CAL
2025-07-30 16:43:48.757   449-1002  ACDB-LOADER             hal-server                           D  ACDB -> send_audvoltable
2025-07-30 16:43:48.757   449-1002  ACDB-LOADER             hal-server                           D  ACDB -> ACDB_CMD_GET_AUDPROC_VOL_STEP_TABLE_SIZE
2025-07-30 16:43:48.757   449-1002  <no-tag>                hal-server                           D  ACDBFILE_MGR:Read the devices count as zero, please check the acdb file
2025-07-30 16:43:48.757   449-1002  ACDB-LOADER             hal-server                           D  ACDB -> ACDB_CMD_GET_AUDPROC_GAIN_DEP_STEP_TABLE, vol index 0
2025-07-30 16:43:48.757   449-1002  <no-tag>                hal-server                           D  ACDBFILE_MGR:Read the devices count as zero, please check the acdb file
2025-07-30 16:43:48.757   449-1002  ACDB-LOADER             hal-server                           D  ACDB -> AUDIO_SET_VOL_CAL cal type = 12
2025-07-30 16:43:48.757   449-1002  ACDB-LOADER             hal-server                           D  ACDB -> ACDB_CMD_GET_AUDPROC_STREAM_TABLE_SIZE
2025-07-30 16:43:48.757   449-1002  ACDB-LOADER             hal-server                           D  ACDB -> send_audstrmtable
2025-07-30 16:43:48.757   449-1002  ACDB-LOADER             hal-server                           D  ACDB -> ACDB_CMD_GET_AUDPROC_STREAM_TABLE_V2
2025-07-30 16:43:48.757   449-1002  ACDB-LOADER             hal-server                           D  ACDB -> audstrm_cal->cal_type.cal_data.cal_size = 16
2025-07-30 16:43:48.757   449-1002  ACDB-LOADER             hal-server                           D  ACDB -> send_afe_topology
2025-07-30 16:43:48.757   449-1002  ACDB-LOADER             hal-server                           D  ACDB -> ACDB_CMD_GET_AFE_TOPOLOGY_ID
2025-07-30 16:43:48.757   449-1002  ACDB-LOADER             hal-server                           D  ACDB -> GET_AFE_TOPOLOGY_ID for adcd_id 14, Topology Id 112fc
2025-07-30 16:43:48.757   449-1002  ACDB-LOADER             hal-server                           D  ACDB -> send_afe_cal
2025-07-30 16:43:48.757   449-1002  ACDB-LOADER             hal-server                           D  ACDB -> ACDB_CMD_GET_AFE_COMMON_TABLE_SIZE
2025-07-30 16:43:48.757   449-1002  <no-tag>                hal-server                           D  ACDBFILE_MGR:Read the devices count as zero, please check the acdb file
2025-07-30 16:43:48.757   449-1002  <no-tag>                hal-server                           D  Failed to fetch the lookup information of the device 0000000E 
2025-07-30 16:43:48.757   449-1002  ACDB-LOADER             hal-server                           E  Error: ACDB_CMD_GET_AFE_COMMON_TABLE_SIZE Returned = -19
2025-07-30 16:43:48.757   449-1002  ACDB-LOADER             hal-server                           D  ACDB -> ACDB_CMD_GET_AFE_COMMON_TABLE
2025-07-30 16:43:48.757   449-1002  <no-tag>                hal-server                           D  ACDBFILE_MGR:Read the devices count as zero, please check the acdb file
2025-07-30 16:43:48.757   449-1002  <no-tag>                hal-server                           D  Failed to fetch the lookup information of the device 0000000E 
2025-07-30 16:43:48.757   449-1002  ACDB-LOADER             hal-server                           E  Error: ACDB AFE returned = -19
2025-07-30 16:43:48.757   449-1002  ACDB-LOADER             hal-server                           D  ACDB -> AUDIO_SET_AFE_CAL
2025-07-30 16:43:48.757   449-1002  ACDB-LOADER             hal-server                           D  ACDB -> send_hw_delay : acdb_id = 14 path = 0
2025-07-30 16:43:48.757   449-1002  ACDB-LOADER             hal-server                           D  ACDB -> ACDB_AVSYNC_INFO: ACDB_CMD_GET_DEVICE_PROPERTY
2025-07-30 16:43:48.757   449-1002  audio_hw_primary        hal-server                           D  enable_audio_route: apply mixer and update path: low-latency-playback
2025-07-30 16:43:48.757   449-1002  audio_route             hal-server                           D  Apply path: low-latency-playback
2025-07-30 16:43:48.758   449-1002  audio_hw_primary        hal-server                           D  select_devices: done
2025-07-30 16:43:48.762  1248-1772  ActivityTrigger         system_server                        D  activityStartTrigger: Activity is Triggerred in full screen ApplicationInfo{542a862 com.example.zap_it_mobile}
2025-07-30 16:43:48.762  1248-1772  ActivityTrigger         system_server                        E  activityStartTrigger: not whiteListedcom.example.zap_it_mobile/com.example.zap_it_mobile.MainActivity/1
2025-07-30 16:43:48.762  1248-1772  CompatibilityInfo       system_server                        D  mCompatibilityFlags - 0
2025-07-30 16:43:48.762  1248-1772  CompatibilityInfo       system_server                        D  applicationDensity - 320
2025-07-30 16:43:48.763  1248-1772  CompatibilityInfo       system_server                        D  applicationScale - 1.0
2025-07-30 16:43:48.763  1248-1772  ActivityTrigger         system_server                        D  activityResumeTrigger: The activity in ApplicationInfo{542a862 com.example.zap_it_mobile} is now in focus and seems to be in full-screen mode
2025-07-30 16:43:48.763  1248-1772  ActivityTrigger         system_server                        E  activityResumeTrigger: not whiteListedcom.example.zap_it_mobile/com.example.zap_it_mobile.MainActivity/1
2025-07-30 16:43:48.763  1248-1772  ActivityTrigger         system_server                        D  ActivityTrigger activityPauseTrigger 
2025-07-30 16:43:48.772  1248-1772  ActivityTrigger         system_server                        D  activityResumeTrigger: The activity in ApplicationInfo{542a862 com.example.zap_it_mobile} is now in focus and seems to be in full-screen mode
2025-07-30 16:43:48.772  1248-1772  ActivityTrigger         system_server                        E  activityResumeTrigger: not whiteListedcom.example.zap_it_mobile/com.example.zap_it_mobile.MainActivity/1
2025-07-30 16:43:48.787  1248-1772  ActivityManager         system_server                        I  Start proc 3509:com.example.zap_it_mobile/u0a89 for activity com.example.zap_it_mobile/.MainActivity
2025-07-30 16:43:48.788   452-476   ANDR-PERF-RESOURCEQS    ven...qti.hardware.perf@1.0-service  E  Failed to apply optimization [4, 0]
2025-07-30 16:43:48.789   449-1002  msm8916_platform        hal-server                           D  platform_set_channel_map mixer_ctl_name:Playback Channel Map12
2025-07-30 16:43:48.790   449-1002  msm8916_platform        hal-server                           D  platform_set_channel_map: set mapping(1 2 0 0 0 0 0 0) for channel:2
2025-07-30 16:43:48.790   449-1002  audio_hw_primary        hal-server                           D  start_output_stream: exit
2025-07-30 16:43:48.797  3509-3509  zygote                  pid-3509                             I  Late-enabling -Xcheck:jni
2025-07-30 16:43:48.832  3377-3398  AdvertisingIdClient     com.google.android.gms               D  AdvertisingIdClient already created.
2025-07-30 16:43:48.835  3377-3398  AdvertisingIdClient     com.google.android.gms               I  shouldSendLog 145744235
2025-07-30 16:43:48.835  3377-3398  AdvertisingIdClient     com.google.android.gms               I  GetInfoInternal elapse 3ms
2025-07-30 16:43:48.860  1248-1772  CompatibilityInfo       system_server                        D  mCompatibilityFlags - 0
2025-07-30 16:43:48.860  1248-1772  CompatibilityInfo       system_server                        D  applicationDensity - 320
2025-07-30 16:43:48.860  1248-1772  CompatibilityInfo       system_server                        D  applicationScale - 1.0
2025-07-30 16:43:48.866  1248-1772  CompatibilityInfo       system_server                        D  mCompatibilityFlags - 0
2025-07-30 16:43:48.866  1248-1772  CompatibilityInfo       system_server                        D  applicationDensity - 320
2025-07-30 16:43:48.866  1248-1772  CompatibilityInfo       system_server                        D  applicationScale - 1.0
2025-07-30 16:43:48.887  2372-3428  NetworkScheduler        com.google.android.gms.persistent    I  (REDACTED) Error inserting %s
2025-07-30 16:43:48.906   478-672   Adreno-ES20             com.mi.android.go.globallauncher     W  <core_glFinish:34>: glFinish skipped: 0
2025-07-30 16:43:48.911   478-672   Adreno-ES20             com.mi.android.go.globallauncher     W  <core_glFinish:34>: glFinish skipped: 0
2025-07-30 16:43:49.074  3509-3509  FirebaseApp             com.example.zap_it_mobile            I  Device unlocked: initializing all Firebase APIs for app [DEFAULT]
2025-07-30 16:43:49.124  3509-3509  FirebaseInitProvider    com.example.zap_it_mobile            I  FirebaseApp initialization successful
2025-07-30 16:43:49.125  3509-3509  FLTFireContextHolder    com.example.zap_it_mobile            D  received application context.
2025-07-30 16:43:49.155  3509-3542  zygote                  com.example.zap_it_mobile            W  Unsupported class loader
2025-07-30 16:43:49.159  3509-3542  zygote                  com.example.zap_it_mobile            W  Skipping duplicate class check due to unsupported classloader
2025-07-30 16:43:49.166  3509-3542  DynamiteModule          com.example.zap_it_mobile            I  Considering local module com.google.android.gms.measurement.dynamite:152 and remote module com.google.android.gms.measurement.dynamite:154
2025-07-30 16:43:49.166  3509-3542  DynamiteModule          com.example.zap_it_mobile            I  Selected remote version of com.google.android.gms.measurement.dynamite, version >= 154
2025-07-30 16:43:49.167  3509-3542  DynamiteModule          com.example.zap_it_mobile            V  Dynamite loader version >= 2, using loadModule2NoCrashUtils
2025-07-30 16:43:49.189  3509-3509  zygote                  com.example.zap_it_mobile            I  Rejecting re-init on previously-failed class java.lang.Class<io.flutter.embedding.android.FlutterActivity$1>: java.lang.NoClassDefFoundError: Failed resolution of: Landroid/window/OnBackAnimationCallback;
2025-07-30 16:43:49.189  3509-3509  zygote                  com.example.zap_it_mobile            I    at java.lang.Object java.lang.Class.newInstance() (Class.java:-2)
2025-07-30 16:43:49.189  3509-3509  zygote                  com.example.zap_it_mobile            I    at android.app.Activity android.app.Instrumentation.newActivity(java.lang.ClassLoader, java.lang.String, android.content.Intent) (Instrumentation.java:1175)
2025-07-30 16:43:49.189  3509-3509  zygote                  com.example.zap_it_mobile            I    at android.app.Activity android.app.ActivityThread.performLaunchActivity(android.app.ActivityThread$ActivityClientRecord, android.content.Intent) (ActivityThread.java:2672)
2025-07-30 16:43:49.189  3509-3509  zygote                  com.example.zap_it_mobile            I    at void android.app.ActivityThread.handleLaunchActivity(android.app.ActivityThread$ActivityClientRecord, android.content.Intent, java.lang.String) (ActivityThread.java:2859)
2025-07-30 16:43:49.189  3509-3509  zygote                  com.example.zap_it_mobile            I    at void android.app.ActivityThread.-wrap11(android.app.ActivityThread, android.app.ActivityThread$ActivityClientRecord, android.content.Intent, java.lang.String) (ActivityThread.java:-1)
2025-07-30 16:43:49.189  3509-3509  zygote                  com.example.zap_it_mobile            I    at void android.app.ActivityThread$H.handleMessage(android.os.Message) (ActivityThread.java:1592)
2025-07-30 16:43:49.189  3509-3509  zygote                  com.example.zap_it_mobile            I    at void android.os.Handler.dispatchMessage(android.os.Message) (Handler.java:106)
2025-07-30 16:43:49.189  3509-3509  zygote                  com.example.zap_it_mobile            I    at void android.os.Looper.loop() (Looper.java:164)
2025-07-30 16:43:49.189  3509-3509  zygote                  com.example.zap_it_mobile            I    at void android.app.ActivityThread.main(java.lang.String[]) (ActivityThread.java:6518)
2025-07-30 16:43:49.189  3509-3509  zygote                  com.example.zap_it_mobile            I    at java.lang.Object java.lang.reflect.Method.invoke(java.lang.Object, java.lang.Object[]) (Method.java:-2)
2025-07-30 16:43:49.189  3509-3509  zygote                  com.example.zap_it_mobile            I    at void com.android.internal.os.RuntimeInit$MethodAndArgsCaller.run() (RuntimeInit.java:438)
2025-07-30 16:43:49.189  3509-3509  zygote                  com.example.zap_it_mobile            I    at void com.android.internal.os.ZygoteInit.main(java.lang.String[]) (ZygoteInit.java:807)
2025-07-30 16:43:49.189  3509-3509  zygote                  com.example.zap_it_mobile            I  Caused by: java.lang.ClassNotFoundException: Didn't find class "android.window.OnBackAnimationCallback" on path: DexPathList[[zip file "/data/app/com.example.zap_it_mobile-AziEfE4MwCrQr_yH2jZCjQ==/base.apk"],nativeLibraryDirectories=[/data/app/com.example.zap_it_mobile-AziEfE4MwCrQr_yH2jZCjQ==/lib/arm, /data/app/com.example.zap_it_mobile-AziEfE4MwCrQr_yH2jZCjQ==/base.apk!/lib/armeabi-v7a, /system/lib, /vendor/lib]]
2025-07-30 16:43:49.189  3509-3509  zygote                  com.example.zap_it_mobile            I    at java.lang.Class dalvik.system.BaseDexClassLoader.findClass(java.lang.String) (BaseDexClassLoader.java:125)
2025-07-30 16:43:49.189  3509-3509  zygote                  com.example.zap_it_mobile            I    at java.lang.Class java.lang.ClassLoader.loadClass(java.lang.String, boolean) (ClassLoader.java:379)
2025-07-30 16:43:49.189  3509-3509  zygote                  com.example.zap_it_mobile            I    at java.lang.Class java.lang.ClassLoader.loadClass(java.lang.String) (ClassLoader.java:312)
2025-07-30 16:43:49.189  3509-3509  zygote                  com.example.zap_it_mobile            I    at java.lang.Object java.lang.Class.newInstance() (Class.java:-2)
2025-07-30 16:43:49.189  3509-3509  zygote                  com.example.zap_it_mobile            I    at android.app.Activity android.app.Instrumentation.newActivity(java.lang.ClassLoader, java.lang.String, android.content.Intent) (Instrumentation.java:1175)
2025-07-30 16:43:49.189  3509-3509  zygote                  com.example.zap_it_mobile            I    at android.app.Activity android.app.ActivityThread.performLaunchActivity(android.app.ActivityThread$ActivityClientRecord, android.content.Intent) (ActivityThread.java:2672)
2025-07-30 16:43:49.189  3509-3509  zygote                  com.example.zap_it_mobile            I    at void android.app.ActivityThread.handleLaunchActivity(android.app.ActivityThread$ActivityClientRecord, android.content.Intent, java.lang.String) (ActivityThread.java:2859)
2025-07-30 16:43:49.189  3509-3509  zygote                  com.example.zap_it_mobile            I    at void android.app.ActivityThread.-wrap11(android.app.ActivityThread, android.app.ActivityThread$ActivityClientRecord, android.content.Intent, java.lang.String) (ActivityThread.java:-1)
2025-07-30 16:43:49.189  3509-3509  zygote                  com.example.zap_it_mobile            I    at void android.app.ActivityThread$H.handleMessage(android.os.Message) (ActivityThread.java:1592)
2025-07-30 16:43:49.189  3509-3509  zygote                  com.example.zap_it_mobile            I    at void android.os.Handler.dispatchMessage(android.os.Message) (Handler.java:106)
2025-07-30 16:43:49.189  3509-3509  zygote                  com.example.zap_it_mobile            I    at void android.os.Looper.loop() (Looper.java:164)
2025-07-30 16:43:49.189  3509-3509  zygote                  com.example.zap_it_mobile            I    at void android.app.ActivityThread.main(java.lang.String[]) (ActivityThread.java:6518)
2025-07-30 16:43:49.189  3509-3509  zygote                  com.example.zap_it_mobile            I    at java.lang.Object java.lang.reflect.Method.invoke(java.lang.Object, java.lang.Object[]) (Method.java:-2)
2025-07-30 16:43:49.189  3509-3509  zygote                  com.example.zap_it_mobile            I    at void com.android.internal.os.RuntimeInit$MethodAndArgsCaller.run() (RuntimeInit.java:438)
2025-07-30 16:43:49.189  3509-3509  zygote                  com.example.zap_it_mobile            I    at void com.android.internal.os.ZygoteInit.main(java.lang.String[]) (ZygoteInit.java:807)
2025-07-30 16:43:49.189  3509-3509  zygote                  com.example.zap_it_mobile            I  
2025-07-30 16:43:49.190  3509-3509  zygote                  com.example.zap_it_mobile            I  Rejecting re-init on previously-failed class java.lang.Class<io.flutter.embedding.android.FlutterActivity$1>: java.lang.NoClassDefFoundError: Failed resolution of: Landroid/window/OnBackAnimationCallback;
2025-07-30 16:43:49.190  3509-3509  zygote                  com.example.zap_it_mobile            I    at java.lang.Object java.lang.Class.newInstance() (Class.java:-2)
2025-07-30 16:43:49.190  3509-3509  zygote                  com.example.zap_it_mobile            I    at android.app.Activity android.app.Instrumentation.newActivity(java.lang.ClassLoader, java.lang.String, android.content.Intent) (Instrumentation.java:1175)
2025-07-30 16:43:49.190  3509-3509  zygote                  com.example.zap_it_mobile            I    at android.app.Activity android.app.ActivityThread.performLaunchActivity(android.app.ActivityThread$ActivityClientRecord, android.content.Intent) (ActivityThread.java:2672)
2025-07-30 16:43:49.191  3509-3509  zygote                  com.example.zap_it_mobile            I    at void android.app.ActivityThread.handleLaunchActivity(android.app.ActivityThread$ActivityClientRecord, android.content.Intent, java.lang.String) (ActivityThread.java:2859)
2025-07-30 16:43:49.191  3509-3509  zygote                  com.example.zap_it_mobile            I    at void android.app.ActivityThread.-wrap11(android.app.ActivityThread, android.app.ActivityThread$ActivityClientRecord, android.content.Intent, java.lang.String) (ActivityThread.java:-1)
2025-07-30 16:43:49.191  3509-3509  zygote                  com.example.zap_it_mobile            I    at void android.app.ActivityThread$H.handleMessage(android.os.Message) (ActivityThread.java:1592)
2025-07-30 16:43:49.191  3509-3509  zygote                  com.example.zap_it_mobile            I    at void android.os.Handler.dispatchMessage(android.os.Message) (Handler.java:106)
2025-07-30 16:43:49.191  3509-3509  zygote                  com.example.zap_it_mobile            I    at void android.os.Looper.loop() (Looper.java:164)
2025-07-30 16:43:49.191  3509-3509  zygote                  com.example.zap_it_mobile            I    at void android.app.ActivityThread.main(java.lang.String[]) (ActivityThread.java:6518)
2025-07-30 16:43:49.191  3509-3509  zygote                  com.example.zap_it_mobile            I    at java.lang.Object java.lang.reflect.Method.invoke(java.lang.Object, java.lang.Object[]) (Method.java:-2)
2025-07-30 16:43:49.191  3509-3509  zygote                  com.example.zap_it_mobile            I    at void com.android.internal.os.RuntimeInit$MethodAndArgsCaller.run() (RuntimeInit.java:438)
2025-07-30 16:43:49.191  3509-3509  zygote                  com.example.zap_it_mobile            I    at void com.android.internal.os.ZygoteInit.main(java.lang.String[]) (ZygoteInit.java:807)
2025-07-30 16:43:49.191  3509-3509  zygote                  com.example.zap_it_mobile            I  Caused by: java.lang.ClassNotFoundException: Didn't find class "android.window.OnBackAnimationCallback" on path: DexPathList[[zip file "/data/app/com.example.zap_it_mobile-AziEfE4MwCrQr_yH2jZCjQ==/base.apk"],nativeLibraryDirectories=[/data/app/com.example.zap_it_mobile-AziEfE4MwCrQr_yH2jZCjQ==/lib/arm, /data/app/com.example.zap_it_mobile-AziEfE4MwCrQr_yH2jZCjQ==/base.apk!/lib/armeabi-v7a, /system/lib, /vendor/lib]]
2025-07-30 16:43:49.191  3509-3509  zygote                  com.example.zap_it_mobile            I    at java.lang.Class dalvik.system.BaseDexClassLoader.findClass(java.lang.String) (BaseDexClassLoader.java:125)
2025-07-30 16:43:49.191  3509-3509  zygote                  com.example.zap_it_mobile            I    at java.lang.Class java.lang.ClassLoader.loadClass(java.lang.String, boolean) (ClassLoader.java:379)
2025-07-30 16:43:49.191  3509-3509  zygote                  com.example.zap_it_mobile            I    at java.lang.Class java.lang.ClassLoader.loadClass(java.lang.String) (ClassLoader.java:312)
2025-07-30 16:43:49.191  3509-3509  zygote                  com.example.zap_it_mobile            I    at java.lang.Object java.lang.Class.newInstance() (Class.java:-2)
2025-07-30 16:43:49.191  3509-3509  zygote                  com.example.zap_it_mobile            I    at android.app.Activity android.app.Instrumentation.newActivity(java.lang.ClassLoader, java.lang.String, android.content.Intent) (Instrumentation.java:1175)
2025-07-30 16:43:49.191  3509-3509  zygote                  com.example.zap_it_mobile            I    at android.app.Activity android.app.ActivityThread.performLaunchActivity(android.app.ActivityThread$ActivityClientRecord, android.content.Intent) (ActivityThread.java:2672)
2025-07-30 16:43:49.191  3509-3509  zygote                  com.example.zap_it_mobile            I    at void android.app.ActivityThread.handleLaunchActivity(android.app.ActivityThread$ActivityClientRecord, android.content.Intent, java.lang.String) (ActivityThread.java:2859)
2025-07-30 16:43:49.191  3509-3509  zygote                  com.example.zap_it_mobile            I    at void android.app.ActivityThread.-wrap11(android.app.ActivityThread, android.app.ActivityThread$ActivityClientRecord, android.content.Intent, java.lang.String) (ActivityThread.java:-1)
2025-07-30 16:43:49.191  3509-3509  zygote                  com.example.zap_it_mobile            I    at void android.app.ActivityThread$H.handleMessage(android.os.Message) (ActivityThread.java:1592)
2025-07-30 16:43:49.191  3509-3509  zygote                  com.example.zap_it_mobile            I    at void android.os.Handler.dispatchMessage(android.os.Message) (Handler.java:106)
2025-07-30 16:43:49.191  3509-3509  zygote                  com.example.zap_it_mobile            I    at void android.os.Looper.loop() (Looper.java:164)
2025-07-30 16:43:49.191  3509-3509  zygote                  com.example.zap_it_mobile            I    at void android.app.ActivityThread.main(java.lang.String[]) (ActivityThread.java:6518)
2025-07-30 16:43:49.191  3509-3509  zygote                  com.example.zap_it_mobile            I    at java.lang.Object java.lang.reflect.Method.invoke(java.lang.Object, java.lang.Object[]) (Method.java:-2)
2025-07-30 16:43:49.191  3509-3509  zygote                  com.example.zap_it_mobile            I    at void com.android.internal.os.RuntimeInit$MethodAndArgsCaller.run() (RuntimeInit.java:438)
2025-07-30 16:43:49.191  3509-3509  zygote                  com.example.zap_it_mobile            I    at void com.android.internal.os.ZygoteInit.main(java.lang.String[]) (ZygoteInit.java:807)
2025-07-30 16:43:49.191  3509-3509  zygote                  com.example.zap_it_mobile            I  
2025-07-30 16:43:49.192  3509-3509  zygote                  com.example.zap_it_mobile            I  Rejecting re-init on previously-failed class java.lang.Class<io.flutter.embedding.android.FlutterActivity$1>: java.lang.NoClassDefFoundError: Failed resolution of: Landroid/window/OnBackAnimationCallback;
2025-07-30 16:43:49.192  3509-3509  zygote                  com.example.zap_it_mobile            I    at java.lang.Object java.lang.Class.newInstance() (Class.java:-2)
2025-07-30 16:43:49.192  3509-3509  zygote                  com.example.zap_it_mobile            I    at android.app.Activity android.app.Instrumentation.newActivity(java.lang.ClassLoader, java.lang.String, android.content.Intent) (Instrumentation.java:1175)
2025-07-30 16:43:49.192  3509-3509  zygote                  com.example.zap_it_mobile            I    at android.app.Activity android.app.ActivityThread.performLaunchActivity(android.app.ActivityThread$ActivityClientRecord, android.content.Intent) (ActivityThread.java:2672)
2025-07-30 16:43:49.192  3509-3509  zygote                  com.example.zap_it_mobile            I    at void android.app.ActivityThread.handleLaunchActivity(android.app.ActivityThread$ActivityClientRecord, android.content.Intent, java.lang.String) (ActivityThread.java:2859)
2025-07-30 16:43:49.192  3509-3509  zygote                  com.example.zap_it_mobile            I    at void android.app.ActivityThread.-wrap11(android.app.ActivityThread, android.app.ActivityThread$ActivityClientRecord, android.content.Intent, java.lang.String) (ActivityThread.java:-1)
2025-07-30 16:43:49.192  3509-3509  zygote                  com.example.zap_it_mobile            I    at void android.app.ActivityThread$H.handleMessage(android.os.Message) (ActivityThread.java:1592)
2025-07-30 16:43:49.192  3509-3509  zygote                  com.example.zap_it_mobile            I    at void android.os.Handler.dispatchMessage(android.os.Message) (Handler.java:106)
2025-07-30 16:43:49.192  3509-3509  zygote                  com.example.zap_it_mobile            I    at void android.os.Looper.loop() (Looper.java:164)
2025-07-30 16:43:49.192  3509-3509  zygote                  com.example.zap_it_mobile            I    at void android.app.ActivityThread.main(java.lang.String[]) (ActivityThread.java:6518)
2025-07-30 16:43:49.192  3509-3509  zygote                  com.example.zap_it_mobile            I    at java.lang.Object java.lang.reflect.Method.invoke(java.lang.Object, java.lang.Object[]) (Method.java:-2)
2025-07-30 16:43:49.192  3509-3509  zygote                  com.example.zap_it_mobile            I    at void com.android.internal.os.RuntimeInit$MethodAndArgsCaller.run() (RuntimeInit.java:438)
2025-07-30 16:43:49.192  3509-3509  zygote                  com.example.zap_it_mobile            I    at void com.android.internal.os.ZygoteInit.main(java.lang.String[]) (ZygoteInit.java:807)
2025-07-30 16:43:49.192  3509-3509  zygote                  com.example.zap_it_mobile            I  Caused by: java.lang.ClassNotFoundException: Didn't find class "android.window.OnBackAnimationCallback" on path: DexPathList[[zip file "/data/app/com.example.zap_it_mobile-AziEfE4MwCrQr_yH2jZCjQ==/base.apk"],nativeLibraryDirectories=[/data/app/com.example.zap_it_mobile-AziEfE4MwCrQr_yH2jZCjQ==/lib/arm, /data/app/com.example.zap_it_mobile-AziEfE4MwCrQr_yH2jZCjQ==/base.apk!/lib/armeabi-v7a, /system/lib, /vendor/lib]]
2025-07-30 16:43:49.192  3509-3509  zygote                  com.example.zap_it_mobile            I    at java.lang.Class dalvik.system.BaseDexClassLoader.findClass(java.lang.String) (BaseDexClassLoader.java:125)
2025-07-30 16:43:49.192  3509-3509  zygote                  com.example.zap_it_mobile            I    at java.lang.Class java.lang.ClassLoader.loadClass(java.lang.String, boolean) (ClassLoader.java:379)
2025-07-30 16:43:49.192  3509-3509  zygote                  com.example.zap_it_mobile            I    at java.lang.Class java.lang.ClassLoader.loadClass(java.lang.String) (ClassLoader.java:312)
2025-07-30 16:43:49.192  3509-3509  zygote                  com.example.zap_it_mobile            I    at java.lang.Object java.lang.Class.newInstance() (Class.java:-2)
2025-07-30 16:43:49.192  3509-3509  zygote                  com.example.zap_it_mobile            I    at android.app.Activity android.app.Instrumentation.newActivity(java.lang.ClassLoader, java.lang.String, android.content.Intent) (Instrumentation.java:1175)
2025-07-30 16:43:49.192  3509-3509  zygote                  com.example.zap_it_mobile            I    at android.app.Activity android.app.ActivityThread.performLaunchActivity(android.app.ActivityThread$ActivityClientRecord, android.content.Intent) (ActivityThread.java:2672)
2025-07-30 16:43:49.192  3509-3509  zygote                  com.example.zap_it_mobile            I    at void android.app.ActivityThread.handleLaunchActivity(android.app.ActivityThread$ActivityClientRecord, android.content.Intent, java.lang.String) (ActivityThread.java:2859)
2025-07-30 16:43:49.192  3509-3509  zygote                  com.example.zap_it_mobile            I    at void android.app.ActivityThread.-wrap11(android.app.ActivityThread, android.app.ActivityThread$ActivityClientRecord, android.content.Intent, java.lang.String) (ActivityThread.java:-1)
2025-07-30 16:43:49.192  3509-3509  zygote                  com.example.zap_it_mobile            I    at void android.app.ActivityThread$H.handleMessage(android.os.Message) (ActivityThread.java:1592)
2025-07-30 16:43:49.192  3509-3509  zygote                  com.example.zap_it_mobile            I    at void android.os.Handler.dispatchMessage(android.os.Message) (Handler.java:106)
2025-07-30 16:43:49.192  3509-3509  zygote                  com.example.zap_it_mobile            I    at void android.os.Looper.loop() (Looper.java:164)
2025-07-30 16:43:49.192  3509-3509  zygote                  com.example.zap_it_mobile            I    at void android.app.ActivityThread.main(java.lang.String[]) (ActivityThread.java:6518)
2025-07-30 16:43:49.193  3509-3509  zygote                  com.example.zap_it_mobile            I    at java.lang.Object java.lang.reflect.Method.invoke(java.lang.Object, java.lang.Object[]) (Method.java:-2)
2025-07-30 16:43:49.193  3509-3509  zygote                  com.example.zap_it_mobile            I    at void com.android.internal.os.RuntimeInit$MethodAndArgsCaller.run() (RuntimeInit.java:438)
2025-07-30 16:43:49.193  3509-3509  zygote                  com.example.zap_it_mobile            I    at void com.android.internal.os.ZygoteInit.main(java.lang.String[]) (ZygoteInit.java:807)
2025-07-30 16:43:49.193  3509-3509  zygote                  com.example.zap_it_mobile            I  
2025-07-30 16:43:49.197  3509-3509  zygote                  com.example.zap_it_mobile            I  Rejecting re-init on previously-failed class java.lang.Class<io.flutter.embedding.android.FlutterActivity$$ExternalSyntheticLambda0>: java.lang.NoClassDefFoundError: Failed resolution of: Landroid/window/OnBackInvokedCallback;
2025-07-30 16:43:49.197  3509-3509  zygote                  com.example.zap_it_mobile            I    at java.lang.Object java.lang.Class.newInstance() (Class.java:-2)
2025-07-30 16:43:49.197  3509-3509  zygote                  com.example.zap_it_mobile            I    at android.app.Activity android.app.Instrumentation.newActivity(java.lang.ClassLoader, java.lang.String, android.content.Intent) (Instrumentation.java:1175)
2025-07-30 16:43:49.197  3509-3509  zygote                  com.example.zap_it_mobile            I    at android.app.Activity android.app.ActivityThread.performLaunchActivity(android.app.ActivityThread$ActivityClientRecord, android.content.Intent) (ActivityThread.java:2672)
2025-07-30 16:43:49.197  3509-3509  zygote                  com.example.zap_it_mobile            I    at void android.app.ActivityThread.handleLaunchActivity(android.app.ActivityThread$ActivityClientRecord, android.content.Intent, java.lang.String) (ActivityThread.java:2859)
2025-07-30 16:43:49.198  3509-3509  zygote                  com.example.zap_it_mobile            I    at void android.app.ActivityThread.-wrap11(android.app.ActivityThread, android.app.ActivityThread$ActivityClientRecord, android.content.Intent, java.lang.String) (ActivityThread.java:-1)
2025-07-30 16:43:49.198  3509-3509  zygote                  com.example.zap_it_mobile            I    at void android.app.ActivityThread$H.handleMessage(android.os.Message) (ActivityThread.java:1592)
2025-07-30 16:43:49.198  3509-3509  zygote                  com.example.zap_it_mobile            I    at void android.os.Handler.dispatchMessage(android.os.Message) (Handler.java:106)
2025-07-30 16:43:49.198  3509-3509  zygote                  com.example.zap_it_mobile            I    at void android.os.Looper.loop() (Looper.java:164)
2025-07-30 16:43:49.198  3509-3509  zygote                  com.example.zap_it_mobile            I    at void android.app.ActivityThread.main(java.lang.String[]) (ActivityThread.java:6518)
2025-07-30 16:43:49.198  3509-3509  zygote                  com.example.zap_it_mobile            I    at java.lang.Object java.lang.reflect.Method.invoke(java.lang.Object, java.lang.Object[]) (Method.java:-2)
2025-07-30 16:43:49.198  3509-3509  zygote                  com.example.zap_it_mobile            I    at void com.android.internal.os.RuntimeInit$MethodAndArgsCaller.run() (RuntimeInit.java:438)
2025-07-30 16:43:49.198  3509-3509  zygote                  com.example.zap_it_mobile            I    at void com.android.internal.os.ZygoteInit.main(java.lang.String[]) (ZygoteInit.java:807)
2025-07-30 16:43:49.198  3509-3509  zygote                  com.example.zap_it_mobile            I  Caused by: java.lang.ClassNotFoundException: Didn't find class "android.window.OnBackInvokedCallback" on path: DexPathList[[zip file "/data/app/com.example.zap_it_mobile-AziEfE4MwCrQr_yH2jZCjQ==/base.apk"],nativeLibraryDirectories=[/data/app/com.example.zap_it_mobile-AziEfE4MwCrQr_yH2jZCjQ==/lib/arm, /data/app/com.example.zap_it_mobile-AziEfE4MwCrQr_yH2jZCjQ==/base.apk!/lib/armeabi-v7a, /system/lib, /vendor/lib]]
2025-07-30 16:43:49.198  3509-3509  zygote                  com.example.zap_it_mobile            I    at java.lang.Class dalvik.system.BaseDexClassLoader.findClass(java.lang.String) (BaseDexClassLoader.java:125)
2025-07-30 16:43:49.198  3509-3509  zygote                  com.example.zap_it_mobile            I    at java.lang.Class java.lang.ClassLoader.loadClass(java.lang.String, boolean) (ClassLoader.java:379)
2025-07-30 16:43:49.198  3509-3509  zygote                  com.example.zap_it_mobile            I    at java.lang.Class java.lang.ClassLoader.loadClass(java.lang.String) (ClassLoader.java:312)
2025-07-30 16:43:49.198  3509-3509  zygote                  com.example.zap_it_mobile            I    at java.lang.Object java.lang.Class.newInstance() (Class.java:-2)
2025-07-30 16:43:49.198  3509-3509  zygote                  com.example.zap_it_mobile            I    at android.app.Activity android.app.Instrumentation.newActivity(java.lang.ClassLoader, java.lang.String, android.content.Intent) (Instrumentation.java:1175)
2025-07-30 16:43:49.198  3509-3509  zygote                  com.example.zap_it_mobile            I    at android.app.Activity android.app.ActivityThread.performLaunchActivity(android.app.ActivityThread$ActivityClientRecord, android.content.Intent) (ActivityThread.java:2672)
2025-07-30 16:43:49.198  3509-3509  zygote                  com.example.zap_it_mobile            I    at void android.app.ActivityThread.handleLaunchActivity(android.app.ActivityThread$ActivityClientRecord, android.content.Intent, java.lang.String) (ActivityThread.java:2859)
2025-07-30 16:43:49.198  3509-3509  zygote                  com.example.zap_it_mobile            I    at void android.app.ActivityThread.-wrap11(android.app.ActivityThread, android.app.ActivityThread$ActivityClientRecord, android.content.Intent, java.lang.String) (ActivityThread.java:-1)
2025-07-30 16:43:49.198  3509-3509  zygote                  com.example.zap_it_mobile            I    at void android.app.ActivityThread$H.handleMessage(android.os.Message) (ActivityThread.java:1592)
2025-07-30 16:43:49.198  3509-3509  zygote                  com.example.zap_it_mobile            I    at void android.os.Handler.dispatchMessage(android.os.Message) (Handler.java:106)
2025-07-30 16:43:49.198  3509-3509  zygote                  com.example.zap_it_mobile            I    at void android.os.Looper.loop() (Looper.java:164)
2025-07-30 16:43:49.198  3509-3509  zygote                  com.example.zap_it_mobile            I    at void android.app.ActivityThread.main(java.lang.String[]) (ActivityThread.java:6518)
2025-07-30 16:43:49.198  3509-3509  zygote                  com.example.zap_it_mobile            I    at java.lang.Object java.lang.reflect.Method.invoke(java.lang.Object, java.lang.Object[]) (Method.java:-2)
2025-07-30 16:43:49.198  3509-3509  zygote                  com.example.zap_it_mobile            I    at void com.android.internal.os.RuntimeInit$MethodAndArgsCaller.run() (RuntimeInit.java:438)
2025-07-30 16:43:49.198  3509-3509  zygote                  com.example.zap_it_mobile            I    at void com.android.internal.os.ZygoteInit.main(java.lang.String[]) (ZygoteInit.java:807)
2025-07-30 16:43:49.198  3509-3509  zygote                  com.example.zap_it_mobile            I  
2025-07-30 16:43:49.199  3509-3509  zygote                  com.example.zap_it_mobile            I  Rejecting re-init on previously-failed class java.lang.Class<io.flutter.embedding.android.FlutterActivity$$ExternalSyntheticLambda0>: java.lang.NoClassDefFoundError: Failed resolution of: Landroid/window/OnBackInvokedCallback;
2025-07-30 16:43:49.199  3509-3509  zygote                  com.example.zap_it_mobile            I    at java.lang.Object java.lang.Class.newInstance() (Class.java:-2)
2025-07-30 16:43:49.199  3509-3509  zygote                  com.example.zap_it_mobile            I    at android.app.Activity android.app.Instrumentation.newActivity(java.lang.ClassLoader, java.lang.String, android.content.Intent) (Instrumentation.java:1175)
2025-07-30 16:43:49.199  3509-3509  zygote                  com.example.zap_it_mobile            I    at android.app.Activity android.app.ActivityThread.performLaunchActivity(android.app.ActivityThread$ActivityClientRecord, android.content.Intent) (ActivityThread.java:2672)
2025-07-30 16:43:49.199  3509-3509  zygote                  com.example.zap_it_mobile            I    at void android.app.ActivityThread.handleLaunchActivity(android.app.ActivityThread$ActivityClientRecord, android.content.Intent, java.lang.String) (ActivityThread.java:2859)
2025-07-30 16:43:49.199  3509-3509  zygote                  com.example.zap_it_mobile            I    at void android.app.ActivityThread.-wrap11(android.app.ActivityThread, android.app.ActivityThread$ActivityClientRecord, android.content.Intent, java.lang.String) (ActivityThread.java:-1)
2025-07-30 16:43:49.199  3509-3509  zygote                  com.example.zap_it_mobile            I    at void android.app.ActivityThread$H.handleMessage(android.os.Message) (ActivityThread.java:1592)
2025-07-30 16:43:49.199  3509-3509  zygote                  com.example.zap_it_mobile            I    at void android.os.Handler.dispatchMessage(android.os.Message) (Handler.java:106)
2025-07-30 16:43:49.199  3509-3509  zygote                  com.example.zap_it_mobile            I    at void android.os.Looper.loop() (Looper.java:164)
2025-07-30 16:43:49.199  3509-3509  zygote                  com.example.zap_it_mobile            I    at void android.app.ActivityThread.main(java.lang.String[]) (ActivityThread.java:6518)
2025-07-30 16:43:49.199  3509-3509  zygote                  com.example.zap_it_mobile            I    at java.lang.Object java.lang.reflect.Method.invoke(java.lang.Object, java.lang.Object[]) (Method.java:-2)
2025-07-30 16:43:49.199  3509-3509  zygote                  com.example.zap_it_mobile            I    at void com.android.internal.os.RuntimeInit$MethodAndArgsCaller.run() (RuntimeInit.java:438)
2025-07-30 16:43:49.199  3509-3509  zygote                  com.example.zap_it_mobile            I    at void com.android.internal.os.ZygoteInit.main(java.lang.String[]) (ZygoteInit.java:807)
2025-07-30 16:43:49.199  3509-3509  zygote                  com.example.zap_it_mobile            I  Caused by: java.lang.ClassNotFoundException: Didn't find class "android.window.OnBackInvokedCallback" on path: DexPathList[[zip file "/data/app/com.example.zap_it_mobile-AziEfE4MwCrQr_yH2jZCjQ==/base.apk"],nativeLibraryDirectories=[/data/app/com.example.zap_it_mobile-AziEfE4MwCrQr_yH2jZCjQ==/lib/arm, /data/app/com.example.zap_it_mobile-AziEfE4MwCrQr_yH2jZCjQ==/base.apk!/lib/armeabi-v7a, /system/lib, /vendor/lib]]
2025-07-30 16:43:49.199  3509-3509  zygote                  com.example.zap_it_mobile            I    at java.lang.Class dalvik.system.BaseDexClassLoader.findClass(java.lang.String) (BaseDexClassLoader.java:125)
2025-07-30 16:43:49.199  3509-3509  zygote                  com.example.zap_it_mobile            I    at java.lang.Class java.lang.ClassLoader.loadClass(java.lang.String, boolean) (ClassLoader.java:379)
2025-07-30 16:43:49.200  3509-3509  zygote                  com.example.zap_it_mobile            I    at java.lang.Class java.lang.ClassLoader.loadClass(java.lang.String) (ClassLoader.java:312)
2025-07-30 16:43:49.200  3509-3509  zygote                  com.example.zap_it_mobile            I    at java.lang.Object java.lang.Class.newInstance() (Class.java:-2)
