2025-07-30 16:44:38.321  1903-1946  QcrilOemhookMsgTunnel   com.qualcomm.qcrilmsgtunnel          I  [0]processOemHookResponse serial no: 2530 error: 0length=0
2025-07-30 16:44:38.322  1248-1248  CompatibilityInfo       system_server                        D  mCompatibilityFlags - 0
2025-07-30 16:44:38.322  1248-1248  CompatibilityInfo       system_server                        D  applicationDensity - 320
2025-07-30 16:44:38.322  1248-1248  CompatibilityInfo       system_server                        D  applicationScale - 1.0
2025-07-30 16:44:38.323  1903-1946  QcrilOemhookMsgTunnel   com.qualcomm.qcrilmsgtunnel          I  [0]processOemHookIndication length=28
2025-07-30 16:44:38.324  1903-1903  QcrilMsgTu...aceManager com.qualcomm.qcrilmsgtunnel          D  handleMessage what = 2
2025-07-30 16:44:38.324  1903-1903  QcrilMsgTu...aceManager com.qualcomm.qcrilmsgtunnel          D  handleMessage what = 0
2025-07-30 16:44:38.326  1903-1903  QcrilMsgTu...aceManager com.qualcomm.qcrilmsgtunnel          D  handleMessage what = 1
2025-07-30 16:44:38.328  1903-1903  QcrilOemhookMsgTunnel   com.qualcomm.qcrilmsgtunnel          I  [1]invokeOemRilRequestRaw: serial=2531 length=24
2025-07-30 16:44:38.329  1903-1946  QcrilOemhookMsgTunnel   com.qualcomm.qcrilmsgtunnel          I  [1]processOemHookResponse serial no: 2531 error: 0length=0
2025-07-30 16:44:38.330  1903-1903  QcrilMsgTu...aceManager com.qualcomm.qcrilmsgtunnel          D  handleMessage what = 2
2025-07-30 16:44:38.331  1903-1946  QcrilOemhookMsgTunnel   com.qualcomm.qcrilmsgtunnel          I  [1]processOemHookIndication length=28
2025-07-30 16:44:38.332  1903-1903  QcrilMsgTu...aceManager com.qualcomm.qcrilmsgtunnel          D  handleMessage what = 0
2025-07-30 16:44:38.377  3614-3666  GooglePartnerSetup      pid-3614                             I  Phenotype commit successes
2025-07-30 16:44:38.700  3509-3509  Choreographer           com.example.zap_it_mobile            I  Skipped 33 frames!  The application may be doing too much work on its main thread.
2025-07-30 16:44:38.864  3509-3509  flutter                 com.example.zap_it_mobile            I   LOGIN ATTEMPT: mariorossi@gmail.com
2025-07-30 16:44:38.899   655-1915  AudioPolic...agerCustom audioserver                          I  FLAG None hence request for a primary output
2025-07-30 16:44:38.900   655-1915  AudioPolic...agerCustom audioserver                          I  FLAG None hence request for a primary output
2025-07-30 16:44:38.902   449-940   audio_hw_spkr_prot      hal-server                           D  audio_extn_fbsp_get_parameters: Speaker protection disabled
2025-07-30 16:44:38.902   449-940   audio_hw_extn           hal-server                           D  audio_extn_get_parameters: returns 
2025-07-30 16:44:38.902   449-940   wt_audio_cust           hal-server                           D  wt_audio_mmi_get_parameter: exit: returns - mmi_test=false
2025-07-30 16:44:38.903   655-945   hash_map_utils          audioserver                          I  key: 'mmi_test' value: ''
2025-07-30 16:44:38.904   655-945   AudioPolic...agerCustom audioserver                          D  checkAndSetVolume() mmi_test_enabled 0
2025-07-30 16:44:38.907   449-1002  audio_hw_primary        hal-server                           D  start_output_stream: enter: stream(0xac7ab000)usecase(1: low-latency-playback) devices(0x2)
2025-07-30 16:44:38.908   449-1002  audio_hw_primary        hal-server                           D  select_devices for use case (low-latency-playback)
2025-07-30 16:44:38.908   449-1002  audio_hw_primary        hal-server                           D  select_devices: out_snd_device(2: speaker) in_snd_device(0: )
2025-07-30 16:44:38.908   449-1002  msm8916_platform        hal-server                           I  platform_check_and_set_codec_backend_cfg:becf: afe: bitwidth 16, samplerate 48000 channels 2, backend_idx 0 usecase = 1 device (speaker)
2025-07-30 16:44:38.908   449-1002  msm8916_platform        hal-server                           D  platform_split_snd_device: snd_device(2) num devices(1) new_snd_devices(0)
2025-07-30 16:44:38.908   449-1002  msm8916_platform        hal-server                           I  platform_check_and_set_codec_backend_cfg: becf: new_snd_devices[0] is speaker
2025-07-30 16:44:38.908   449-1002  msm8916_platform        hal-server                           I  platform_check_codec_backend_cfg:becf: afe: Codec selected backend: 0 current bit width: 16 sample rate: 48000 channels: 2 usecase 1 device (speaker)
2025-07-30 16:44:38.908   449-1002  msm8916_platform        hal-server                           D  platform_check_codec_backend_cfg:becf: afe: playback on codec device not supporting native playback set default Sample Rate(48k)
2025-07-30 16:44:38.908   449-1002  msm8916_platform        hal-server                           D  platform_check_codec_backend_cfg:becf: afe: only 48KHZ sample rate is supported Configure afe to default Sample Rate(48k)
2025-07-30 16:44:38.908   449-1002  msm8916_platform        hal-server                           I  platform_check_codec_backend_cfg:becf: afe: Codec selected backend: 0 updated bit width: 16 sample rate: 48000 channels: 2
2025-07-30 16:44:38.908   449-1002  audio_hw_primary        hal-server                           D  check_usecases_codec_backend:becf: force routing 0
2025-07-30 16:44:38.908   449-1002  msm8916_platform        hal-server                           E  platform_check_backends_match: Invalid snd_device = 
2025-07-30 16:44:38.908   449-1002  audio_hw_primary        hal-server                           D  check_usecases_codec_backend:becf: (59) check_usecases curr device: speaker, usecase device: backends match 0
2025-07-30 16:44:38.908   449-1002  audio_hw_primary        hal-server                           D  check_usecases_codec_backend:becf: check_usecases num.of Usecases to switch 0
2025-07-30 16:44:38.908   449-1002  hardware_info           hal-server                           D  hw_info_append_hw_type : device_name = speaker
2025-07-30 16:44:38.908   449-1002  msm8916_platform        hal-server                           D  platform_split_snd_device: snd_device(2) num devices(0) new_snd_devices(0)
2025-07-30 16:44:38.908   449-1002  audio_hw_primary        hal-server                           D  enable_snd_device: snd_device(2: speaker)
2025-07-30 16:44:38.908   449-1002  soundtrigger            hal-server                           I  audio_extn_sound_trigger_update_device_status: device 0x2 of type 0 for Event 1, with Raise=0
2025-07-30 16:44:38.908   449-1002  audio_route             hal-server                           D  Apply path: speaker
2025-07-30 16:44:38.914   449-1002  soundtrigger            hal-server                           D  audio_extn_sound_trigger_update_stream_status: uc_id 1 of type 0 for Event 3, with Raise=0
2025-07-30 16:44:38.914   449-1002  audio_hw_utils          hal-server                           D  audio_extn_utils_send_app_type_cfg: usecase->out_snd_device speaker
2025-07-30 16:44:38.914   449-1002  msm8916_platform        hal-server                           D  platform_split_snd_device: snd_device(2) num devices(0) new_snd_devices(0)
2025-07-30 16:44:38.915   449-1002  msm8916_platform        hal-server                           E  platform_get_snd_device_backend_index: BE DAI Name Table is not present
2025-07-30 16:44:38.915   449-1002  audio_hw_utils          hal-server                           E  send_app_type_cfg_for_device: Couldn't get the backend index for snd device speaker ret=-14
2025-07-30 16:44:38.915   449-1002  audio_hw_utils          hal-server                           D  audio_extn_btsco_get_sample_rate:Not a BT SCO device, need not update sampling rate
2025-07-30 16:44:38.915   449-1002  audio_hw_utils          hal-server                           I  send_app_type_cfg_for_device PLAYBACK app_type 69937, acdb_dev_id 14, sample_rate 48000, snd_device_be_idx -14
2025-07-30 16:44:38.915   449-1002  msm8916_platform        hal-server                           D  platform_split_snd_device: snd_device(2) num devices(1) new_snd_devices(0)
2025-07-30 16:44:38.915   449-1002  ACDB-LOADER             hal-server                           D  ACDB -> send_audio_cal, acdb_id = 14, path = 0, app id = 0x11131, sample rate = 48000
2025-07-30 16:44:38.915   449-1002  ACDB-LOADER             hal-server                           D  ACDB -> send_asm_topology
2025-07-30 16:44:38.915   449-1002  ACDB-LOADER             hal-server                           D  ACDB -> ACDB_CMD_GET_AUDPROC_STREAM_TOPOLOGY_ID
2025-07-30 16:44:38.915   449-1002  ACDB-LOADER             hal-server                           D  ACDB -> send_adm_topology
2025-07-30 16:44:38.915   449-1002  ACDB-LOADER             hal-server                           D  ACDB -> ACDB_CMD_GET_AUDPROC_COMMON_TOPOLOGY_ID
2025-07-30 16:44:38.915   449-1002  ACDB-LOADER             hal-server                           D  ACDB -> send_audtable
2025-07-30 16:44:38.915   449-1002  ACDB-LOADER             hal-server                           D  ACDB -> ACDB_CMD_GET_AUDPROC_COMMON_TABLE_SIZE
2025-07-30 16:44:38.916   449-1002  <no-tag>                hal-server                           D  ACDBFILE_MGR:Read the devices count as zero, please check the acdb file
2025-07-30 16:44:38.916   449-1002  ACDB-LOADER             hal-server                           D  ACDB -> ACDB_CMD_GET_AUDPROC_COMMON_TABLE
2025-07-30 16:44:38.916   449-1002  <no-tag>                hal-server                           D  ACDBFILE_MGR:Read the devices count as zero, please check the acdb file
2025-07-30 16:44:38.916   449-1002  ACDB-LOADER             hal-server                           D  ACDB -> AUDIO_SET_AUDPROC_CAL
2025-07-30 16:44:38.916   449-1002  ACDB-LOADER             hal-server                           D  ACDB -> send_audvoltable
2025-07-30 16:44:38.916   449-1002  ACDB-LOADER             hal-server                           D  ACDB -> ACDB_CMD_GET_AUDPROC_VOL_STEP_TABLE_SIZE
2025-07-30 16:44:38.916   449-1002  <no-tag>                hal-server                           D  ACDBFILE_MGR:Read the devices count as zero, please check the acdb file
2025-07-30 16:44:38.916   449-1002  ACDB-LOADER             hal-server                           D  ACDB -> ACDB_CMD_GET_AUDPROC_GAIN_DEP_STEP_TABLE, vol index 0
2025-07-30 16:44:38.916   449-1002  <no-tag>                hal-server                           D  ACDBFILE_MGR:Read the devices count as zero, please check the acdb file
2025-07-30 16:44:38.916   449-1002  ACDB-LOADER             hal-server                           D  ACDB -> AUDIO_SET_VOL_CAL cal type = 12
2025-07-30 16:44:38.916   449-1002  ACDB-LOADER             hal-server                           D  ACDB -> ACDB_CMD_GET_AUDPROC_STREAM_TABLE_SIZE
2025-07-30 16:44:38.916   449-1002  ACDB-LOADER             hal-server                           D  ACDB -> send_audstrmtable
2025-07-30 16:44:38.916   449-1002  ACDB-LOADER             hal-server                           D  ACDB -> ACDB_CMD_GET_AUDPROC_STREAM_TABLE_V2
2025-07-30 16:44:38.916   449-1002  ACDB-LOADER             hal-server                           D  ACDB -> audstrm_cal->cal_type.cal_data.cal_size = 16
2025-07-30 16:44:38.916   449-1002  ACDB-LOADER             hal-server                           D  ACDB -> send_afe_topology
2025-07-30 16:44:38.916   449-1002  ACDB-LOADER             hal-server                           D  ACDB -> ACDB_CMD_GET_AFE_TOPOLOGY_ID
2025-07-30 16:44:38.916   449-1002  ACDB-LOADER             hal-server                           D  ACDB -> GET_AFE_TOPOLOGY_ID for adcd_id 14, Topology Id 112fc
2025-07-30 16:44:38.916   449-1002  ACDB-LOADER             hal-server                           D  ACDB -> send_afe_cal
2025-07-30 16:44:38.916   449-1002  ACDB-LOADER             hal-server                           D  ACDB -> ACDB_CMD_GET_AFE_COMMON_TABLE_SIZE
2025-07-30 16:44:38.916   449-1002  <no-tag>                hal-server                           D  ACDBFILE_MGR:Read the devices count as zero, please check the acdb file
2025-07-30 16:44:38.916   449-1002  <no-tag>                hal-server                           D  Failed to fetch the lookup information of the device 0000000E 
2025-07-30 16:44:38.916   449-1002  ACDB-LOADER             hal-server                           E  Error: ACDB_CMD_GET_AFE_COMMON_TABLE_SIZE Returned = -19
2025-07-30 16:44:38.916   449-1002  ACDB-LOADER             hal-server                           D  ACDB -> ACDB_CMD_GET_AFE_COMMON_TABLE
2025-07-30 16:44:38.916   449-1002  <no-tag>                hal-server                           D  ACDBFILE_MGR:Read the devices count as zero, please check the acdb file
2025-07-30 16:44:38.916   449-1002  <no-tag>                hal-server                           D  Failed to fetch the lookup information of the device 0000000E 
2025-07-30 16:44:38.916   449-1002  ACDB-LOADER             hal-server                           E  Error: ACDB AFE returned = -19
2025-07-30 16:44:38.916   449-1002  ACDB-LOADER             hal-server                           D  ACDB -> AUDIO_SET_AFE_CAL
2025-07-30 16:44:38.916   449-1002  ACDB-LOADER             hal-server                           D  ACDB -> send_hw_delay : acdb_id = 14 path = 0
2025-07-30 16:44:38.916   449-1002  ACDB-LOADER             hal-server                           D  ACDB -> ACDB_AVSYNC_INFO: ACDB_CMD_GET_DEVICE_PROPERTY
2025-07-30 16:44:38.916   449-1002  audio_hw_primary        hal-server                           D  enable_audio_route: apply mixer and update path: low-latency-playback
2025-07-30 16:44:38.917   449-1002  audio_route             hal-server                           D  Apply path: low-latency-playback
2025-07-30 16:44:38.917   449-1002  audio_hw_primary        hal-server                           D  select_devices: done
2025-07-30 16:44:38.947   449-1002  msm8916_platform        hal-server                           D  platform_set_channel_map mixer_ctl_name:Playback Channel Map12
2025-07-30 16:44:38.947   449-1002  msm8916_platform        hal-server                           D  platform_set_channel_map: set mapping(1 2 0 0 0 0 0 0) for channel:2
2025-07-30 16:44:38.948   449-1002  audio_hw_primary        hal-server                           D  start_output_stream: exit
2025-07-30 16:44:39.099   442-442   health@1.0-serv         android.hardware.health@1.0-service  W  type=1400 audit(0.0:11280): avc: denied { read } for name="resistance_id" dev="sysfs" ino=28841 scontext=u:r:hal_health_default:s0 tcontext=u:object_r:sysfs:s0 tclass=file permissive=0
2025-07-30 16:44:39.110  1487-1487  KeyguardUpdateMonitor   com.android.systemui                 D  received broadcast android.intent.action.BATTERY_CHANGED
2025-07-30 16:44:39.111  1729-1729  QtiCarrierConfigHelper  com.android.phone                    D  WARNING, no carrier configs on phone Id: 0
2025-07-30 16:44:39.112  1487-1487  KeyguardUpdateMonitor   com.android.systemui                 D  handleBatteryUpdate
2025-07-30 16:44:39.118  1248-432   BatteryService          system_server                        D  /data/anr/adb_enable file.exists() =  false
2025-07-30 16:44:39.118  1248-432   BatteryService          system_server                        D  mBatteryProps.batteryTemperature = 335,,mBatteryProps.batteryHealth=2
2025-07-30 16:44:39.118  1248-432   BatteryService          system_server                        D  mBatteryProps.batteryTemperature = 335,,mBatteryProps.batteryHealth=2
2025-07-30 16:44:39.124  1729-1729  QtiCarrierConfigHelper  com.android.phone                    D  WARNING, no carrier configs on phone Id: 0
2025-07-30 16:44:39.130  1487-1487  SignalClusterView       com.android.systemui                 D   apply mNoSimsVisible = true; mIsAirplaneMode = false; mPhoneStates.size() = 0
2025-07-30 16:44:39.131  1487-1487  chatty                  com.android.systemui                 I  uid=10032(com.android.systemui) identical 2 lines
2025-07-30 16:44:39.131  1487-1487  SignalClusterView       com.android.systemui                 D   apply mNoSimsVisible = true; mIsAirplaneMode = false; mPhoneStates.size() = 0
2025-07-30 16:44:39.135  1487-1487  KeyguardUpdateMonitor   com.android.systemui                 D  received broadcast android.intent.action.BATTERY_CHANGED
2025-07-30 16:44:39.143  1487-1487  KeyguardUpdateMonitor   com.android.systemui                 D  handleBatteryUpdate
2025-07-30 16:44:39.148  1487-1487  SignalClusterView       com.android.systemui                 D   apply mNoSimsVisible = true; mIsAirplaneMode = false; mPhoneStates.size() = 0
2025-07-30 16:44:39.150  1487-1487  chatty                  com.android.systemui                 I  uid=10032(com.android.systemui) identical 2 lines
2025-07-30 16:44:39.150  1487-1487  SignalClusterView       com.android.systemui                 D   apply mNoSimsVisible = true; mIsAirplaneMode = false; mPhoneStates.size() = 0
2025-07-30 16:44:39.161  3509-3509  FirebaseAuth            com.example.zap_it_mobile            I  Logging in as mariorossi@gmail.com with empty reCAPTCHA token
2025-07-30 16:44:39.212  3509-3567  System                  com.example.zap_it_mobile            W  Ignoring header X-Firebase-Locale because its value was null.
2025-07-30 16:44:39.239  3509-3567  LocalRequestInterceptor com.example.zap_it_mobile            W  Error getting App Check token; using placeholder token instead. Error: com.google.firebase.FirebaseException: No AppCheckProvider installed.
2025-07-30 16:44:39.383  1248-1248  CompatibilityInfo       system_server                        D  mCompatibilityFlags - 0
2025-07-30 16:44:39.384  1248-1248  CompatibilityInfo       system_server                        D  applicationDensity - 320
2025-07-30 16:44:39.384  1248-1248  CompatibilityInfo       system_server                        D  applicationScale - 1.0
2025-07-30 16:44:39.470  1248-1783  ActivityManager         system_server                        I  Start proc 3688:com.google.process.gapps/u0a7 for content provider com.google.android.gsf/.settings.GoogleSettingsProvider
2025-07-30 16:44:39.478   650-721   ThermalEngine           thermal-engine                       D  sensor_wait: xo_therm Wait done.
2025-07-30 16:44:39.479   650-721   ThermalEngine           thermal-engine                       D  sensor_monitor: xo_therm Reading 37000 .
2025-07-30 16:44:39.479   650-721   ThermalEngine           thermal-engine                       I  Sensor:xo_therm:37000 mC
2025-07-30 16:44:39.479   650-721   ThermalEngine           thermal-engine                       D  update_active_thresh: xo_therm Active(1), Hi(1) 44000, Lo(0) -2147483648, desc(0) Interval(1) 10000
2025-07-30 16:44:39.480   650-721   ThermalEngine           thermal-engine                       D  sensor_monitor: xo_therm Sensor wait.
2025-07-30 16:44:39.480   650-721   ThermalEngine           thermal-engine                       D  sensor_wait: xo_therm Wait start. 10000ms
2025-07-30 16:44:39.495  1248-1772  CompatibilityInfo       system_server                        D  mCompatibilityFlags - 0
2025-07-30 16:44:39.495  1248-1772  CompatibilityInfo       system_server                        D  applicationDensity - 320
2025-07-30 16:44:39.495  1248-1772  CompatibilityInfo       system_server                        D  applicationScale - 1.0
2025-07-30 16:44:39.581  3688-3688  GoogleHttpClient        com.google.process.gapps             I  GMS http client unavailable, use old client
2025-07-30 16:44:39.755  1487-1487  SignalClusterView       com.android.systemui                 D   apply mNoSimsVisible = true; mIsAirplaneMode = false; mPhoneStates.size() = 0
2025-07-30 16:44:39.849  1248-1262  ActivityManager         system_server                        I  Start proc 3704:com.android.chrome/u0a82 for broadcast com.android.chrome/com.google.android.apps.chrome.rlz.RevenueStatsConfigurationUpdateReceiver
2025-07-30 16:44:39.763  1487-1487  chatty                  com.android.systemui                 I  uid=10032(com.android.systemui) identical 6 lines
2025-07-30 16:44:39.763  1487-1487  SignalClusterView       com.android.systemui                 D   apply mNoSimsVisible = true; mIsAirplaneMode = false; mPhoneStates.size() = 0
2025-07-30 16:44:39.880  1248-1783  CompatibilityInfo       system_server                        D  mCompatibilityFlags - 0
2025-07-30 16:44:39.880  1248-1783  CompatibilityInfo       system_server                        D  applicationDensity - 320
2025-07-30 16:44:39.880  1248-1783  CompatibilityInfo       system_server                        D  applicationScale - 1.0
2025-07-30 16:44:39.893  1248-1783  CompatibilityInfo       system_server                        D  mCompatibilityFlags - 0
2025-07-30 16:44:39.893  1248-1783  CompatibilityInfo       system_server                        D  applicationDensity - 320
2025-07-30 16:44:39.893  1248-1783  CompatibilityInfo       system_server                        D  applicationScale - 1.0
2025-07-30 16:44:40.044  3704-3704  ResourceType            pid-3704                             W  ResTable_typeSpec entry count inconsistent: given 125, previously 153
2025-07-30 16:44:40.045  3704-3704  ResourceType            pid-3704                             W  ResTable_typeSpec entry count inconsistent: given 5095, previously 5107
2025-07-30 16:44:40.104  3509-3567  System                  com.example.zap_it_mobile            W  Ignoring header X-Firebase-Locale because its value was null.
2025-07-30 16:44:40.132  3704-3704  cr_SplitCompatApp       pid-3704                             I  version=138.0.7204.168 (720416820) minSdkVersion=26 isBundle=true processName=com.android.chrome isIsolatedProcess=false
2025-07-30 16:44:40.144  3509-3567  LocalRequestInterceptor com.example.zap_it_mobile            W  Error getting App Check token; using placeholder token instead. Error: com.google.firebase.FirebaseException: No AppCheckProvider installed.
2025-07-30 16:44:40.180  3704-3704  ResourceType            pid-3704                             W  ResTable_typeSpec entry count inconsistent: given 125, previously 153
2025-07-30 16:44:40.180  3704-3704  ResourceType            pid-3704                             W  ResTable_typeSpec entry count inconsistent: given 5095, previously 5107
2025-07-30 16:44:40.190  3704-3720  ResourceType            pid-3704                             W  ResTable_typeSpec entry count inconsistent: given 125, previously 153
2025-07-30 16:44:40.191  3704-3720  ResourceType            pid-3704                             W  ResTable_typeSpec entry count inconsistent: given 5095, previously 5107
2025-07-30 16:44:40.283  2372-2726  FontLog                 com.google.android.gms.persistent    I  (REDACTED) Received query %s, URI %s
2025-07-30 16:44:40.287  2372-2726  FontLog                 com.google.android.gms.persistent    I  (REDACTED) Query [%s] resolved to %s
2025-07-30 16:44:40.322  2372-2726  FontLog                 com.google.android.gms.persistent    I  (REDACTED) Font PFD returned from cache for %s
2025-07-30 16:44:40.323  2372-2726  FontLog                 com.google.android.gms.persistent    I  (REDACTED) Fetch %s end status %s
2025-07-30 16:44:40.357  1248-1783  ActivityManager         system_server                        I  Killing 2875:com.android.vending/u0a33 (adj 906): empty #5
2025-07-30 16:44:40.363  1248-1264  zygote                  system_server                        W  kill(-2875, 9) failed: No such process
2025-07-30 16:44:40.408  2372-2726  FontLog                 com.google.android.gms.persistent    I  (REDACTED) Pulling font file for id = %d, cache size = %d
2025-07-30 16:44:40.409  1248-1264  zygote                  system_server                        W  kill(-2875, 9) failed: No such process
2025-07-30 16:44:40.425  1248-1264  zygote                  system_server                        W  kill(-2875, 9) failed: No such process
2025-07-30 16:44:40.444  3704-3722  zygote                  pid-3704                             I  Rejecting re-init on previously-failed class java.lang.Class<ES2>: java.lang.NoClassDefFoundError: Failed resolution of: Lcom/android/extensions/xr/function/Consumer;
2025-07-30 16:44:40.444  3704-3722  zygote                  pid-3704                             I    at java.lang.Object java.lang.Class.newInstance() (Class.java:-2)
2025-07-30 16:44:40.444  3704-3722  zygote                  pid-3704                             I    at void BR5.run() (chromium-Monochrome.aab-stable-720416820:15)
2025-07-30 16:44:40.444  3704-3722  zygote                  pid-3704                             I    at void android.os.Handler.handleCallback(android.os.Message) (Handler.java:790)
2025-07-30 16:44:40.444  3704-3722  zygote                  pid-3704                             I    at void android.os.Handler.dispatchMessage(android.os.Message) (Handler.java:99)
2025-07-30 16:44:40.444  3704-3722  zygote                  pid-3704                             I    at void android.os.Looper.loop() (Looper.java:164)
2025-07-30 16:44:40.444  3704-3722  zygote                  pid-3704                             I    at void android.os.HandlerThread.run() (HandlerThread.java:65)
2025-07-30 16:44:40.444  3704-3722  zygote                  pid-3704                             I  Caused by: java.lang.ClassNotFoundException: Didn't find class "com.android.extensions.xr.function.Consumer" on path: DexPathList[[zip file "/data/app/com.android.chrome-Pu8OXth7F90gvHryBgCBLQ==/base.apk"],nativeLibraryDirectories=[/data/app/com.android.chrome-Pu8OXth7F90gvHryBgCBLQ==/lib/arm, /data/app/com.android.chrome-Pu8OXth7F90gvHryBgCBLQ==/base.apk!/lib/armeabi-v7a, /system/lib, /vendor/lib]]
2025-07-30 16:44:40.444  3704-3722  zygote                  pid-3704                             I    at java.lang.Class dalvik.system.BaseDexClassLoader.findClass(java.lang.String) (BaseDexClassLoader.java:125)
2025-07-30 16:44:40.444  3704-3722  zygote                  pid-3704                             I    at java.lang.Class java.lang.ClassLoader.loadClass(java.lang.String, boolean) (ClassLoader.java:379)
2025-07-30 16:44:40.444  3704-3722  zygote                  pid-3704                             I    at java.lang.Class java.lang.ClassLoader.loadClass(java.lang.String) (ClassLoader.java:312)
2025-07-30 16:44:40.444  3704-3722  zygote                  pid-3704                             I    at java.lang.Object java.lang.Class.newInstance() (Class.java:-2)
2025-07-30 16:44:40.444  3704-3722  zygote                  pid-3704                             I    at void BR5.run() (chromium-Monochrome.aab-stable-720416820:15)
2025-07-30 16:44:40.444  3704-3722  zygote                  pid-3704                             I    at void android.os.Handler.handleCallback(android.os.Message) (Handler.java:790)
2025-07-30 16:44:40.444  3704-3722  zygote                  pid-3704                             I    at void android.os.Handler.dispatchMessage(android.os.Message) (Handler.java:99)
2025-07-30 16:44:40.444  3704-3722  zygote                  pid-3704                             I    at void android.os.Looper.loop() (Looper.java:164)
2025-07-30 16:44:40.444  3704-3722  zygote                  pid-3704                             I    at void android.os.HandlerThread.run() (HandlerThread.java:65)
2025-07-30 16:44:40.444  3704-3722  zygote                  pid-3704                             I  
2025-07-30 16:44:40.446  3704-3722  zygote                  pid-3704                             I  Rejecting re-init on previously-failed class java.lang.Class<ES2>: java.lang.NoClassDefFoundError: Failed resolution of: Lcom/android/extensions/xr/function/Consumer;
2025-07-30 16:44:40.446  3704-3722  zygote                  pid-3704                             I    at java.lang.Object java.lang.Class.newInstance() (Class.java:-2)
2025-07-30 16:44:40.446  3704-3722  zygote                  pid-3704                             I    at void BR5.run() (chromium-Monochrome.aab-stable-720416820:15)
2025-07-30 16:44:40.446  3704-3722  zygote                  pid-3704                             I    at void android.os.Handler.handleCallback(android.os.Message) (Handler.java:790)
2025-07-30 16:44:40.447  3704-3722  zygote                  pid-3704                             I    at void android.os.Handler.dispatchMessage(android.os.Message) (Handler.java:99)
2025-07-30 16:44:40.447  3704-3722  zygote                  pid-3704                             I    at void android.os.Looper.loop() (Looper.java:164)
2025-07-30 16:44:40.447  3704-3722  zygote                  pid-3704                             I    at void android.os.HandlerThread.run() (HandlerThread.java:65)
2025-07-30 16:44:40.447  3704-3722  zygote                  pid-3704                             I  Caused by: java.lang.ClassNotFoundException: Didn't find class "com.android.extensions.xr.function.Consumer" on path: DexPathList[[zip file "/data/app/com.android.chrome-Pu8OXth7F90gvHryBgCBLQ==/base.apk"],nativeLibraryDirectories=[/data/app/com.android.chrome-Pu8OXth7F90gvHryBgCBLQ==/lib/arm, /data/app/com.android.chrome-Pu8OXth7F90gvHryBgCBLQ==/base.apk!/lib/armeabi-v7a, /system/lib, /vendor/lib]]
2025-07-30 16:44:40.447  3704-3722  zygote                  pid-3704                             I    at java.lang.Class dalvik.system.BaseDexClassLoader.findClass(java.lang.String) (BaseDexClassLoader.java:125)
2025-07-30 16:44:40.447  3704-3722  zygote                  pid-3704                             I    at java.lang.Class java.lang.ClassLoader.loadClass(java.lang.String, boolean) (ClassLoader.java:379)
2025-07-30 16:44:40.447  3704-3722  zygote                  pid-3704                             I    at java.lang.Class java.lang.ClassLoader.loadClass(java.lang.String) (ClassLoader.java:312)
2025-07-30 16:44:40.447  3704-3722  zygote                  pid-3704                             I    at java.lang.Object java.lang.Class.newInstance() (Class.java:-2)
2025-07-30 16:44:40.447  3704-3722  zygote                  pid-3704                             I    at void BR5.run() (chromium-Monochrome.aab-stable-720416820:15)
2025-07-30 16:44:40.447  3704-3722  zygote                  pid-3704                             I    at void android.os.Handler.handleCallback(android.os.Message) (Handler.java:790)
2025-07-30 16:44:40.447  3704-3722  zygote                  pid-3704                             I    at void android.os.Handler.dispatchMessage(android.os.Message) (Handler.java:99)
2025-07-30 16:44:40.447  3704-3722  zygote                  pid-3704                             I    at void android.os.Looper.loop() (Looper.java:164)
2025-07-30 16:44:40.447  3704-3722  zygote                  pid-3704                             I    at void android.os.HandlerThread.run() (HandlerThread.java:65)
2025-07-30 16:44:40.447  3704-3722  zygote                  pid-3704                             I  
2025-07-30 16:44:40.449  3704-3722  zygote                  pid-3704                             I  Rejecting re-init on previously-failed class java.lang.Class<ES2>: java.lang.NoClassDefFoundError: Failed resolution of: Lcom/android/extensions/xr/function/Consumer;
2025-07-30 16:44:40.449  3704-3722  zygote                  pid-3704                             I    at java.lang.Object java.lang.Class.newInstance() (Class.java:-2)
2025-07-30 16:44:40.449  3704-3722  zygote                  pid-3704                             I    at void BR5.run() (chromium-Monochrome.aab-stable-720416820:15)
2025-07-30 16:44:40.449  3704-3722  zygote                  pid-3704                             I    at void android.os.Handler.handleCallback(android.os.Message) (Handler.java:790)
2025-07-30 16:44:40.449  3704-3722  zygote                  pid-3704                             I    at void android.os.Handler.dispatchMessage(android.os.Message) (Handler.java:99)
2025-07-30 16:44:40.449  3704-3722  zygote                  pid-3704                             I    at void android.os.Looper.loop() (Looper.java:164)
2025-07-30 16:44:40.449  3704-3722  zygote                  pid-3704                             I    at void android.os.HandlerThread.run() (HandlerThread.java:65)
2025-07-30 16:44:40.449  3704-3722  zygote                  pid-3704                             I  Caused by: java.lang.ClassNotFoundException: Didn't find class "com.android.extensions.xr.function.Consumer" on path: DexPathList[[zip file "/data/app/com.android.chrome-Pu8OXth7F90gvHryBgCBLQ==/base.apk"],nativeLibraryDirectories=[/data/app/com.android.chrome-Pu8OXth7F90gvHryBgCBLQ==/lib/arm, /data/app/com.android.chrome-Pu8OXth7F90gvHryBgCBLQ==/base.apk!/lib/armeabi-v7a, /system/lib, /vendor/lib]]
2025-07-30 16:44:40.449  3704-3722  zygote                  pid-3704                             I    at java.lang.Class dalvik.system.BaseDexClassLoader.findClass(java.lang.String) (BaseDexClassLoader.java:125)
2025-07-30 16:44:40.449  3704-3722  zygote                  pid-3704                             I    at java.lang.Class java.lang.ClassLoader.loadClass(java.lang.String, boolean) (ClassLoader.java:379)
2025-07-30 16:44:40.449  3704-3722  zygote                  pid-3704                             I    at java.lang.Class java.lang.ClassLoader.loadClass(java.lang.String) (ClassLoader.java:312)
2025-07-30 16:44:40.449  3704-3722  zygote                  pid-3704                             I    at java.lang.Object java.lang.Class.newInstance() (Class.java:-2)
2025-07-30 16:44:40.449  3704-3722  zygote                  pid-3704                             I    at void BR5.run() (chromium-Monochrome.aab-stable-720416820:15)
2025-07-30 16:44:40.449  3704-3722  zygote                  pid-3704                             I    at void android.os.Handler.handleCallback(android.os.Message) (Handler.java:790)
2025-07-30 16:44:40.449  3704-3722  zygote                  pid-3704                             I    at void android.os.Handler.dispatchMessage(android.os.Message) (Handler.java:99)
2025-07-30 16:44:40.449  3704-3722  zygote                  pid-3704                             I    at void android.os.Looper.loop() (Looper.java:164)
2025-07-30 16:44:40.449  3704-3722  zygote                  pid-3704                             I    at void android.os.HandlerThread.run() (HandlerThread.java:65)
2025-07-30 16:44:40.449  3704-3722  zygote                  pid-3704                             I  
2025-07-30 16:44:40.450  3704-3722  zygote                  pid-3704                             I  Rejecting re-init on previously-failed class java.lang.Class<ES2>: java.lang.NoClassDefFoundError: Failed resolution of: Lcom/android/extensions/xr/function/Consumer;
2025-07-30 16:44:40.450  3704-3722  zygote                  pid-3704                             I    at java.lang.Object java.lang.Class.newInstance() (Class.java:-2)
2025-07-30 16:44:40.450  3704-3722  zygote                  pid-3704                             I    at void BR5.run() (chromium-Monochrome.aab-stable-720416820:15)
2025-07-30 16:44:40.450  3704-3722  zygote                  pid-3704                             I    at void android.os.Handler.handleCallback(android.os.Message) (Handler.java:790)
2025-07-30 16:44:40.450  3704-3722  zygote                  pid-3704                             I    at void android.os.Handler.dispatchMessage(android.os.Message) (Handler.java:99)
2025-07-30 16:44:40.450  3704-3722  zygote                  pid-3704                             I    at void android.os.Looper.loop() (Looper.java:164)
2025-07-30 16:44:40.450  3704-3722  zygote                  pid-3704                             I    at void android.os.HandlerThread.run() (HandlerThread.java:65)
2025-07-30 16:44:40.450  3704-3722  zygote                  pid-3704                             I  Caused by: java.lang.ClassNotFoundException: Didn't find class "com.android.extensions.xr.function.Consumer" on path: DexPathList[[zip file "/data/app/com.android.chrome-Pu8OXth7F90gvHryBgCBLQ==/base.apk"],nativeLibraryDirectories=[/data/app/com.android.chrome-Pu8OXth7F90gvHryBgCBLQ==/lib/arm, /data/app/com.android.chrome-Pu8OXth7F90gvHryBgCBLQ==/base.apk!/lib/armeabi-v7a, /system/lib, /vendor/lib]]
2025-07-30 16:44:40.450  3704-3722  zygote                  pid-3704                             I    at java.lang.Class dalvik.system.BaseDexClassLoader.findClass(java.lang.String) (BaseDexClassLoader.java:125)
2025-07-30 16:44:40.450  3704-3722  zygote                  pid-3704                             I    at java.lang.Class java.lang.ClassLoader.loadClass(java.lang.String, boolean) (ClassLoader.java:379)
2025-07-30 16:44:40.450  3704-3722  zygote                  pid-3704                             I    at java.lang.Class java.lang.ClassLoader.loadClass(java.lang.String) (ClassLoader.java:312)
2025-07-30 16:44:40.450  3704-3722  zygote                  pid-3704                             I    at java.lang.Object java.lang.Class.newInstance() (Class.java:-2)
2025-07-30 16:44:40.450  3704-3722  zygote                  pid-3704                             I    at void BR5.run() (chromium-Monochrome.aab-stable-720416820:15)
2025-07-30 16:44:40.450  3704-3722  zygote                  pid-3704                             I    at void android.os.Handler.handleCallback(android.os.Message) (Handler.java:790)
2025-07-30 16:44:40.450  3704-3722  zygote                  pid-3704                             I    at void android.os.Handler.dispatchMessage(android.os.Message) (Handler.java:99)
2025-07-30 16:44:40.450  3704-3722  zygote                  pid-3704                             I    at void android.os.Looper.loop() (Looper.java:164)
2025-07-30 16:44:40.450  3704-3722  zygote                  pid-3704                             I    at void android.os.HandlerThread.run() (HandlerThread.java:65)
2025-07-30 16:44:40.450  3704-3722  zygote                  pid-3704                             I  
2025-07-30 16:44:40.451  3704-3722  zygote                  pid-3704                             I  Rejecting re-init on previously-failed class java.lang.Class<ES2>: java.lang.NoClassDefFoundError: Failed resolution of: Lcom/android/extensions/xr/function/Consumer;
2025-07-30 16:44:40.451  3704-3722  zygote                  pid-3704                             I    at java.lang.Object java.lang.Class.newInstance() (Class.java:-2)
2025-07-30 16:44:40.451  3704-3722  zygote                  pid-3704                             I    at void BR5.run() (chromium-Monochrome.aab-stable-720416820:15)
2025-07-30 16:44:40.451  3704-3722  zygote                  pid-3704                             I    at void android.os.Handler.handleCallback(android.os.Message) (Handler.java:790)
2025-07-30 16:44:40.451  3704-3722  zygote                  pid-3704                             I    at void android.os.Handler.dispatchMessage(android.os.Message) (Handler.java:99)
2025-07-30 16:44:40.451  3704-3722  zygote                  pid-3704                             I    at void android.os.Looper.loop() (Looper.java:164)
2025-07-30 16:44:40.451  3704-3722  zygote                  pid-3704                             I    at void android.os.HandlerThread.run() (HandlerThread.java:65)
2025-07-30 16:44:40.451  3704-3722  zygote                  pid-3704                             I  Caused by: java.lang.ClassNotFoundException: Didn't find class "com.android.extensions.xr.function.Consumer" on path: DexPathList[[zip file "/data/app/com.android.chrome-Pu8OXth7F90gvHryBgCBLQ==/base.apk"],nativeLibraryDirectories=[/data/app/com.android.chrome-Pu8OXth7F90gvHryBgCBLQ==/lib/arm, /data/app/com.android.chrome-Pu8OXth7F90gvHryBgCBLQ==/base.apk!/lib/armeabi-v7a, /system/lib, /vendor/lib]]
2025-07-30 16:44:40.451  3704-3722  zygote                  pid-3704                             I    at java.lang.Class dalvik.system.BaseDexClassLoader.findClass(java.lang.String) (BaseDexClassLoader.java:125)
2025-07-30 16:44:40.451  3704-3722  zygote                  pid-3704                             I    at java.lang.Class java.lang.ClassLoader.loadClass(java.lang.String, boolean) (ClassLoader.java:379)
2025-07-30 16:44:40.451  3704-3722  zygote                  pid-3704                             I    at java.lang.Class java.lang.ClassLoader.loadClass(java.lang.String) (ClassLoader.java:312)
2025-07-30 16:44:40.451  3704-3722  zygote                  pid-3704                             I    at java.lang.Object java.lang.Class.newInstance() (Class.java:-2)
2025-07-30 16:44:40.451  3704-3722  zygote                  pid-3704                             I    at void BR5.run() (chromium-Monochrome.aab-stable-720416820:15)
2025-07-30 16:44:40.451  3704-3722  zygote                  pid-3704                             I    at void android.os.Handler.handleCallback(android.os.Message) (Handler.java:790)
2025-07-30 16:44:40.451  3704-3722  zygote                  pid-3704                             I    at void android.os.Handler.dispatchMessage(android.os.Message) (Handler.java:99)
2025-07-30 16:44:40.451  3704-3722  zygote                  pid-3704                             I    at void android.os.Looper.loop() (Looper.java:164)
2025-07-30 16:44:40.451  3704-3722  zygote                  pid-3704                             I    at void android.os.HandlerThread.run() (HandlerThread.java:65)
2025-07-30 16:44:40.451  3704-3722  zygote                  pid-3704                             I  
2025-07-30 16:44:40.454  3704-3722  zygote                  pid-3704                             I  Rejecting re-init on previously-failed class java.lang.Class<ES2>: java.lang.NoClassDefFoundError: Failed resolution of: Lcom/android/extensions/xr/function/Consumer;
2025-07-30 16:44:40.454  3704-3722  zygote                  pid-3704                             I    at java.lang.Object java.lang.Class.newInstance() (Class.java:-2)
2025-07-30 16:44:40.454  3704-3722  zygote                  pid-3704                             I    at void BR5.run() (chromium-Monochrome.aab-stable-720416820:15)
2025-07-30 16:44:40.454  3704-3722  zygote                  pid-3704                             I    at void android.os.Handler.handleCallback(android.os.Message) (Handler.java:790)
2025-07-30 16:44:40.454  3704-3722  zygote                  pid-3704                             I    at void android.os.Handler.dispatchMessage(android.os.Message) (Handler.java:99)
2025-07-30 16:44:40.454  3704-3722  zygote                  pid-3704                             I    at void android.os.Looper.loop() (Looper.java:164)
2025-07-30 16:44:40.454  3704-3722  zygote                  pid-3704                             I    at void android.os.HandlerThread.run() (HandlerThread.java:65)
2025-07-30 16:44:40.454  3704-3722  zygote                  pid-3704                             I  Caused by: java.lang.ClassNotFoundException: Didn't find class "com.android.extensions.xr.function.Consumer" on path: DexPathList[[zip file "/data/app/com.android.chrome-Pu8OXth7F90gvHryBgCBLQ==/base.apk"],nativeLibraryDirectories=[/data/app/com.android.chrome-Pu8OXth7F90gvHryBgCBLQ==/lib/arm, /data/app/com.android.chrome-Pu8OXth7F90gvHryBgCBLQ==/base.apk!/lib/armeabi-v7a, /system/lib, /vendor/lib]]
2025-07-30 16:44:40.454  3704-3722  zygote                  pid-3704                             I    at java.lang.Class dalvik.system.BaseDexClassLoader.findClass(java.lang.String) (BaseDexClassLoader.java:125)
2025-07-30 16:44:40.454  3704-3722  zygote                  pid-3704                             I    at java.lang.Class java.lang.ClassLoader.loadClass(java.lang.String, boolean) (ClassLoader.java:379)
2025-07-30 16:44:40.454  3704-3722  zygote                  pid-3704                             I    at java.lang.Class java.lang.ClassLoader.loadClass(java.lang.String) (ClassLoader.java:312)
2025-07-30 16:44:40.454  3704-3722  zygote                  pid-3704                             I    at java.lang.Object java.lang.Class.newInstance() (Class.java:-2)
2025-07-30 16:44:40.454  3704-3722  zygote                  pid-3704                             I    at void BR5.run() (chromium-Monochrome.aab-stable-720416820:15)
2025-07-30 16:44:40.454  3704-3722  zygote                  pid-3704                             I    at void android.os.Handler.handleCallback(android.os.Message) (Handler.java:790)
2025-07-30 16:44:40.454  3704-3722  zygote                  pid-3704                             I    at void android.os.Handler.dispatchMessage(android.os.Message) (Handler.java:99)
2025-07-30 16:44:40.454  3704-3722  zygote                  pid-3704                             I    at void android.os.Looper.loop() (Looper.java:164)
2025-07-30 16:44:40.454  3704-3722  zygote                  pid-3704                             I    at void android.os.HandlerThread.run() (HandlerThread.java:65)
2025-07-30 16:44:40.454  3704-3722  zygote                  pid-3704                             I  
2025-07-30 16:44:40.455  3704-3722  zygote                  pid-3704                             I  Rejecting re-init on previously-failed class java.lang.Class<ES2>: java.lang.NoClassDefFoundError: Failed resolution of: Lcom/android/extensions/xr/function/Consumer;
2025-07-30 16:44:40.455  3704-3722  zygote                  pid-3704                             I    at java.lang.Object java.lang.Class.newInstance() (Class.java:-2)
2025-07-30 16:44:40.455  3704-3722  zygote                  pid-3704                             I    at void BR5.run() (chromium-Monochrome.aab-stable-720416820:15)
2025-07-30 16:44:40.455  3704-3722  zygote                  pid-3704                             I    at void android.os.Handler.handleCallback(android.os.Message) (Handler.java:790)
2025-07-30 16:44:40.455  3704-3722  zygote                  pid-3704                             I    at void android.os.Handler.dispatchMessage(android.os.Message) (Handler.java:99)
2025-07-30 16:44:40.455  3704-3722  zygote                  pid-3704                             I    at void android.os.Looper.loop() (Looper.java:164)
2025-07-30 16:44:40.455  3704-3722  zygote                  pid-3704                             I    at void android.os.HandlerThread.run() (HandlerThread.java:65)
2025-07-30 16:44:40.455  3704-3722  zygote                  pid-3704                             I  Caused by: java.lang.ClassNotFoundException: Didn't find class "com.android.extensions.xr.function.Consumer" on path: DexPathList[[zip file "/data/app/com.android.chrome-Pu8OXth7F90gvHryBgCBLQ==/base.apk"],nativeLibraryDirectories=[/data/app/com.android.chrome-Pu8OXth7F90gvHryBgCBLQ==/lib/arm, /data/app/com.android.chrome-Pu8OXth7F90gvHryBgCBLQ==/base.apk!/lib/armeabi-v7a, /system/lib, /vendor/lib]]
2025-07-30 16:44:40.455  3704-3722  zygote                  pid-3704                             I    at java.lang.Class dalvik.system.BaseDexClassLoader.findClass(java.lang.String) (BaseDexClassLoader.java:125)
2025-07-30 16:44:40.455  3704-3722  zygote                  pid-3704                             I    at java.lang.Class java.lang.ClassLoader.loadClass(java.lang.String, boolean) (ClassLoader.java:379)
2025-07-30 16:44:40.455  3704-3722  zygote                  pid-3704                             I    at java.lang.Class java.lang.ClassLoader.loadClass(java.lang.String) (ClassLoader.java:312)
2025-07-30 16:44:40.455  3704-3722  zygote                  pid-3704                             I    at java.lang.Object java.lang.Class.newInstance() (Class.java:-2)
2025-07-30 16:44:40.455  3704-3722  zygote                  pid-3704                             I    at void BR5.run() (chromium-Monochrome.aab-stable-720416820:15)
2025-07-30 16:44:40.455  3704-3722  zygote                  pid-3704                             I    at void android.os.Handler.handleCallback(android.os.Message) (Handler.java:790)
2025-07-30 16:44:40.455  3704-3722  zygote                  pid-3704                             I    at void android.os.Handler.dispatchMessage(android.os.Message) (Handler.java:99)
2025-07-30 16:44:40.455  3704-3722  zygote                  pid-3704                             I    at void android.os.Looper.loop() (Looper.java:164)
2025-07-30 16:44:40.455  3704-3722  zygote                  pid-3704                             I    at void android.os.HandlerThread.run() (HandlerThread.java:65)
2025-07-30 16:44:40.455  3704-3722  zygote                  pid-3704                             I  
2025-07-30 16:44:40.456  3704-3722  zygote                  pid-3704                             I  Rejecting re-init on previously-failed class java.lang.Class<ES2>: java.lang.NoClassDefFoundError: Failed resolution of: Lcom/android/extensions/xr/function/Consumer;
2025-07-30 16:44:40.456  3704-3722  zygote                  pid-3704                             I    at java.lang.Object java.lang.Class.newInstance() (Class.java:-2)
2025-07-30 16:44:40.456  3704-3722  zygote                  pid-3704                             I    at void BR5.run() (chromium-Monochrome.aab-stable-720416820:15)
2025-07-30 16:44:40.456  3704-3722  zygote                  pid-3704                             I    at void android.os.Handler.handleCallback(android.os.Message) (Handler.java:790)
2025-07-30 16:44:40.456  3704-3722  zygote                  pid-3704                             I    at void android.os.Handler.dispatchMessage(android.os.Message) (Handler.java:99)
2025-07-30 16:44:40.456  3704-3722  zygote                  pid-3704                             I    at void android.os.Looper.loop() (Looper.java:164)
2025-07-30 16:44:40.456  3704-3722  zygote                  pid-3704                             I    at void android.os.HandlerThread.run() (HandlerThread.java:65)
